

================================================================
== Vivado HLS Report for 'zeropad2d_cl_array_array_ap_fixed_1u_config22_s'
================================================================
* Date:           Sat Apr  2 23:58:11 2022

* Version:        2019.2.1 (Build 2724168 on Thu Dec 05 05:19:09 MST 2019)
* Project:        myproject_prj
* Solution:       solution1
* Product family: zynq
* Target device:  xc7z020-clg400-1


================================================================
== Performance Estimates
================================================================
+ Timing: 
    * Summary: 
    +--------+---------+----------+------------+
    |  Clock |  Target | Estimated| Uncertainty|
    +--------+---------+----------+------------+
    |ap_clk  | 5.00 ns | 4.375 ns |   0.62 ns  |
    +--------+---------+----------+------------+

+ Latency: 
    * Summary: 
    +---------+---------+----------+----------+------+------+---------+
    |  Latency (cycles) |  Latency (absolute) |   Interval  | Pipeline|
    |   min   |   max   |    min   |    max   |  min |  max |   Type  |
    +---------+---------+----------+----------+------+------+---------+
    |     1159|     1159| 5.795 us | 5.795 us |  1159|  1159|   none  |
    +---------+---------+----------+----------+------+------+---------+

    + Detail: 
        * Instance: 
        N/A

        * Loop: 
        +------------------+---------+---------+----------+-----------+-----------+------+----------+
        |                  |  Latency (cycles) | Iteration|  Initiation Interval  | Trip |          |
        |     Loop Name    |   min   |   max   |  Latency |  achieved |   target  | Count| Pipelined|
        +------------------+---------+---------+----------+-----------+-----------+------+----------+
        |- PadTopWidth     |       34|       34|         1|          -|          -|    34|    no    |
        |- PadMain         |     1088|     1088|        34|          -|          -|    32|    no    |
        | + CopyMain       |       32|       32|         1|          -|          -|    32|    no    |
        |- PadBottomWidth  |       34|       34|         1|          -|          -|    34|    no    |
        +------------------+---------+---------+----------+-----------+-----------+------+----------+



================================================================
== Utilization Estimates
================================================================
* Summary: 
+-----------------+---------+-------+--------+-------+-----+
|       Name      | BRAM_18K| DSP48E|   FF   |  LUT  | URAM|
+-----------------+---------+-------+--------+-------+-----+
|DSP              |        -|      -|       -|      -|    -|
|Expression       |        -|      -|       0|    114|    -|
|FIFO             |        -|      -|       -|      -|    -|
|Instance         |        -|      -|       -|      -|    -|
|Memory           |        -|      -|       -|      -|    -|
|Multiplexer      |        -|      -|       -|    120|    -|
|Register         |        -|      -|      37|      -|    -|
+-----------------+---------+-------+--------+-------+-----+
|Total            |        0|      0|      37|    234|    0|
+-----------------+---------+-------+--------+-------+-----+
|Available        |      280|    220|  106400|  53200|    0|
+-----------------+---------+-------+--------+-------+-----+
|Utilization (%)  |        0|      0|   ~0   |   ~0  |    0|
+-----------------+---------+-------+--------+-------+-----+

+ Detail: 
    * Instance: 
    N/A

    * DSP48E: 
    N/A

    * Memory: 
    N/A

    * FIFO: 
    N/A

    * Expression: 
    +---------------------+----------+-------+---+----+------------+------------+
    |    Variable Name    | Operation| DSP48E| FF| LUT| Bitwidth P0| Bitwidth P1|
    +---------------------+----------+-------+---+----+------------+------------+
    |i_fu_133_p2          |     +    |      0|  0|  15|           6|           1|
    |j_13_fu_157_p2       |     +    |      0|  0|  15|           6|           1|
    |j_14_fu_145_p2       |     +    |      0|  0|  15|           6|           1|
    |j_fu_121_p2          |     +    |      0|  0|  15|           6|           1|
    |ap_block_state2      |    and   |      0|  0|   2|           1|           1|
    |ap_block_state3      |    and   |      0|  0|   2|           1|           1|
    |ap_block_state5      |    and   |      0|  0|   2|           1|           1|
    |icmp_ln56_fu_115_p2  |   icmp   |      0|  0|  11|           6|           6|
    |icmp_ln61_fu_127_p2  |   icmp   |      0|  0|  11|           6|           7|
    |icmp_ln65_fu_139_p2  |   icmp   |      0|  0|  11|           6|           7|
    |icmp_ln74_fu_151_p2  |   icmp   |      0|  0|  11|           6|           6|
    |ap_block_state1      |    or    |      0|  0|   2|           1|           1|
    |ap_block_state4      |    or    |      0|  0|   2|           1|           1|
    +---------------------+----------+-------+---+----+------------+------------+
    |Total                |          |      0|  0| 114|          53|          35|
    +---------------------+----------+-------+---+----+------------+------------+

    * Multiplexer: 
    +---------------------+----+-----------+-----+-----------+
    |         Name        | LUT| Input Size| Bits| Total Bits|
    +---------------------+----+-----------+-----+-----------+
    |ap_NS_fsm            |  33|          6|    1|          6|
    |ap_done              |   9|          2|    1|          2|
    |data_V_data_V_blk_n  |   9|          2|    1|          2|
    |i1_0_reg_82          |   9|          2|    6|         12|
    |j3_0_reg_93          |   9|          2|    6|         12|
    |j6_0_reg_104         |   9|          2|    6|         12|
    |j_0_reg_71           |   9|          2|    6|         12|
    |real_start           |   9|          2|    1|          2|
    |res_V_data_V_blk_n   |   9|          2|    1|          2|
    |res_V_data_V_din     |  15|          3|   32|         96|
    +---------------------+----+-----------+-----+-----------+
    |Total                | 120|         25|   61|        158|
    +---------------------+----+-----------+-----+-----------+

    * Register: 
    +----------------+---+----+-----+-----------+
    |      Name      | FF| LUT| Bits| Const Bits|
    +----------------+---+----+-----+-----------+
    |ap_CS_fsm       |  5|   0|    5|          0|
    |ap_done_reg     |  1|   0|    1|          0|
    |i1_0_reg_82     |  6|   0|    6|          0|
    |i_reg_174       |  6|   0|    6|          0|
    |j3_0_reg_93     |  6|   0|    6|          0|
    |j6_0_reg_104    |  6|   0|    6|          0|
    |j_0_reg_71      |  6|   0|    6|          0|
    |start_once_reg  |  1|   0|    1|          0|
    +----------------+---+----+-----+-----------+
    |Total           | 37|   0|   37|          0|
    +----------------+---+----+-----+-----------+



================================================================
== Interface
================================================================
* Summary: 
+-----------------------+-----+-----+------------+-------------------------------------------------+--------------+
|       RTL Ports       | Dir | Bits|  Protocol  |                  Source Object                  |    C Type    |
+-----------------------+-----+-----+------------+-------------------------------------------------+--------------+
|ap_clk                 |  in |    1| ap_ctrl_hs | zeropad2d_cl<array,array<ap_fixed,1u>,config22> | return value |
|ap_rst                 |  in |    1| ap_ctrl_hs | zeropad2d_cl<array,array<ap_fixed,1u>,config22> | return value |
|ap_start               |  in |    1| ap_ctrl_hs | zeropad2d_cl<array,array<ap_fixed,1u>,config22> | return value |
|start_full_n           |  in |    1| ap_ctrl_hs | zeropad2d_cl<array,array<ap_fixed,1u>,config22> | return value |
|ap_done                | out |    1| ap_ctrl_hs | zeropad2d_cl<array,array<ap_fixed,1u>,config22> | return value |
|ap_continue            |  in |    1| ap_ctrl_hs | zeropad2d_cl<array,array<ap_fixed,1u>,config22> | return value |
|ap_idle                | out |    1| ap_ctrl_hs | zeropad2d_cl<array,array<ap_fixed,1u>,config22> | return value |
|ap_ready               | out |    1| ap_ctrl_hs | zeropad2d_cl<array,array<ap_fixed,1u>,config22> | return value |
|start_out              | out |    1| ap_ctrl_hs | zeropad2d_cl<array,array<ap_fixed,1u>,config22> | return value |
|start_write            | out |    1| ap_ctrl_hs | zeropad2d_cl<array,array<ap_fixed,1u>,config22> | return value |
|data_V_data_V_dout     |  in |   32|   ap_fifo  |                  data_V_data_V                  |    pointer   |
|data_V_data_V_empty_n  |  in |    1|   ap_fifo  |                  data_V_data_V                  |    pointer   |
|data_V_data_V_read     | out |    1|   ap_fifo  |                  data_V_data_V                  |    pointer   |
|res_V_data_V_din       | out |   32|   ap_fifo  |                   res_V_data_V                  |    pointer   |
|res_V_data_V_full_n    |  in |    1|   ap_fifo  |                   res_V_data_V                  |    pointer   |
|res_V_data_V_write     | out |    1|   ap_fifo  |                   res_V_data_V                  |    pointer   |
+-----------------------+-----+-----+------------+-------------------------------------------------+--------------+

