

================================================================
== Vivado HLS Report for 'pooling2d_cl_array_array_ap_fixed_4u_config7_s'
================================================================
* Date:           Sat Apr  2 23:57:54 2022

* Version:        2019.2.1 (Build 2724168 on Thu Dec 05 05:19:09 MST 2019)
* Project:        myproject_prj
* Solution:       solution1
* Product family: zynq
* Target device:  xc7z020-clg400-1


================================================================
== Performance Estimates
================================================================
+ Timing: 
    * Summary: 
    +--------+---------+----------+------------+
    |  Clock |  Target | Estimated| Uncertainty|
    +--------+---------+----------+------------+
    |ap_clk  | 5.00 ns | 4.429 ns |   0.62 ns  |
    +--------+---------+----------+------------+

+ Latency: 
    * Summary: 
    +---------+---------+----------+----------+-----+-----+---------+
    |  Latency (cycles) |  Latency (absolute) |  Interval | Pipeline|
    |   min   |   max   |    min   |    max   | min | max |   Type  |
    +---------+---------+----------+----------+-----+-----+---------+
    |      516|      516| 2.580 us | 2.580 us |  516|  516|   none  |
    +---------+---------+----------+----------+-----+-----+---------+

    + Detail: 
        * Instance: 
        N/A

        * Loop: 
        +----------------------------------+---------+---------+----------+-----------+-----------+------+----------+
        |                                  |  Latency (cycles) | Iteration|  Initiation Interval  | Trip |          |
        |             Loop Name            |   min   |   max   |  Latency |  achieved |   target  | Count| Pipelined|
        +----------------------------------+---------+---------+----------+-----------+-----------+------+----------+
        |- ReadInputHeight_ReadInputWidth  |      514|      514|         5|          2|          1|   256|    yes   |
        +----------------------------------+---------+---------+----------+-----------+-----------+------+----------+

============================================================
+ Verbose Summary: Synthesis Manager
============================================================
InlineROM: 1
ExposeGlobal: 0
============================================================
+ Verbose Summary: CDFG Model
============================================================
IsTopModel: 0
ResetActiveHigh: 1
IsCombinational: 2
IsDatapathOnly: 0
HasWiredReturn: 1
HasMFsm: 0
HasVarLatency: 1
IsPipeline: 0
IsRtlPipelined: 0
IsInstanceOverlapped: 0
IsDontTouch: 0
HasImplIP: 0
IsGatedGlobalClock: 0

+ Individual pipeline summary: 
  * Pipeline-0: initiation interval (II) = 2, depth = 5


============================================================
+ Verbose Summary: Schedule
============================================================
* Number of FSM states : 7
* Pipeline : 1
  Pipeline-0 : II = 2, D = 5, States = { 2 3 4 5 6 }
* Dataflow Pipeline: 0

* FSM state transitions: 
1 --> 2 
2 --> 7 3 
3 --> 4 
4 --> 5 
5 --> 6 
6 --> 2 
7 --> 

* FSM state operations: 

State 1 <SV = 0> <Delay = 1.76>
ST_1 : Operation 8 [1/1] (0.00ns)   --->   "call void (...)* @_ssdm_op_SpecInterface(i32* %res_V_data_3_V, [8 x i8]* @ap_fifo_str, i32 0, i32 0, [1 x i8]* @p_str, i32 0, i32 0, [1 x i8]* @p_str, [1 x i8]* @p_str, [1 x i8]* @p_str, i32 2, i32 2, i32 16, i32 16, [1 x i8]* @p_str, [1 x i8]* @p_str)"   --->   Operation 8 'specinterface' <Predicate = true> <Delay = 0.00>
ST_1 : Operation 9 [1/1] (0.00ns)   --->   "call void (...)* @_ssdm_op_SpecInterface(i32* %res_V_data_2_V, [8 x i8]* @ap_fifo_str, i32 0, i32 0, [1 x i8]* @p_str, i32 0, i32 0, [1 x i8]* @p_str, [1 x i8]* @p_str, [1 x i8]* @p_str, i32 2, i32 2, i32 16, i32 16, [1 x i8]* @p_str, [1 x i8]* @p_str)"   --->   Operation 9 'specinterface' <Predicate = true> <Delay = 0.00>
ST_1 : Operation 10 [1/1] (0.00ns)   --->   "call void (...)* @_ssdm_op_SpecInterface(i32* %res_V_data_1_V, [8 x i8]* @ap_fifo_str, i32 0, i32 0, [1 x i8]* @p_str, i32 0, i32 0, [1 x i8]* @p_str, [1 x i8]* @p_str, [1 x i8]* @p_str, i32 2, i32 2, i32 16, i32 16, [1 x i8]* @p_str, [1 x i8]* @p_str)"   --->   Operation 10 'specinterface' <Predicate = true> <Delay = 0.00>
ST_1 : Operation 11 [1/1] (0.00ns)   --->   "call void (...)* @_ssdm_op_SpecInterface(i32* %res_V_data_0_V, [8 x i8]* @ap_fifo_str, i32 0, i32 0, [1 x i8]* @p_str, i32 0, i32 0, [1 x i8]* @p_str, [1 x i8]* @p_str, [1 x i8]* @p_str, i32 2, i32 2, i32 16, i32 16, [1 x i8]* @p_str, [1 x i8]* @p_str)"   --->   Operation 11 'specinterface' <Predicate = true> <Delay = 0.00>
ST_1 : Operation 12 [1/1] (0.00ns)   --->   "call void (...)* @_ssdm_op_SpecInterface(i32* %data_V_data_3_V, [8 x i8]* @ap_fifo_str, i32 0, i32 0, [1 x i8]* @p_str, i32 0, i32 0, [1 x i8]* @p_str, [1 x i8]* @p_str, [1 x i8]* @p_str, i32 2, i32 2, i32 16, i32 16, [1 x i8]* @p_str, [1 x i8]* @p_str)"   --->   Operation 12 'specinterface' <Predicate = true> <Delay = 0.00>
ST_1 : Operation 13 [1/1] (0.00ns)   --->   "call void (...)* @_ssdm_op_SpecInterface(i32* %data_V_data_2_V, [8 x i8]* @ap_fifo_str, i32 0, i32 0, [1 x i8]* @p_str, i32 0, i32 0, [1 x i8]* @p_str, [1 x i8]* @p_str, [1 x i8]* @p_str, i32 2, i32 2, i32 16, i32 16, [1 x i8]* @p_str, [1 x i8]* @p_str)"   --->   Operation 13 'specinterface' <Predicate = true> <Delay = 0.00>
ST_1 : Operation 14 [1/1] (0.00ns)   --->   "call void (...)* @_ssdm_op_SpecInterface(i32* %data_V_data_1_V, [8 x i8]* @ap_fifo_str, i32 0, i32 0, [1 x i8]* @p_str, i32 0, i32 0, [1 x i8]* @p_str, [1 x i8]* @p_str, [1 x i8]* @p_str, i32 2, i32 2, i32 16, i32 16, [1 x i8]* @p_str, [1 x i8]* @p_str)"   --->   Operation 14 'specinterface' <Predicate = true> <Delay = 0.00>
ST_1 : Operation 15 [1/1] (0.00ns)   --->   "call void (...)* @_ssdm_op_SpecInterface(i32* %data_V_data_0_V, [8 x i8]* @ap_fifo_str, i32 0, i32 0, [1 x i8]* @p_str, i32 0, i32 0, [1 x i8]* @p_str, [1 x i8]* @p_str, [1 x i8]* @p_str, i32 2, i32 2, i32 16, i32 16, [1 x i8]* @p_str, [1 x i8]* @p_str)"   --->   Operation 15 'specinterface' <Predicate = true> <Delay = 0.00>
ST_1 : Operation 16 [1/1] (1.76ns)   --->   "br label %0" [firmware/nnet_utils/nnet_pooling_stream.h:233->firmware/nnet_utils/nnet_pooling_stream.h:251]   --->   Operation 16 'br' <Predicate = true> <Delay = 1.76>

State 2 <SV = 1> <Delay = 1.82>
ST_2 : Operation 17 [1/1] (0.00ns)   --->   "%indvar_flatten = phi i9 [ 0, %codeRepl ], [ %add_ln233, %ReadInputWidth_end ]" [firmware/nnet_utils/nnet_pooling_stream.h:233->firmware/nnet_utils/nnet_pooling_stream.h:251]   --->   Operation 17 'phi' 'indvar_flatten' <Predicate = true> <Delay = 0.00>
ST_2 : Operation 18 [1/1] (1.66ns)   --->   "%icmp_ln233 = icmp eq i9 %indvar_flatten, -256" [firmware/nnet_utils/nnet_pooling_stream.h:233->firmware/nnet_utils/nnet_pooling_stream.h:251]   --->   Operation 18 'icmp' 'icmp_ln233' <Predicate = true> <Delay = 1.66> <Core = "Cmp">   --->   Core 25 'Cmp' <Latency = 0> <II = 1> <Delay = 2.47> <FuncUnit> <Opcode : 'icmp'> <InPorts = 2> <OutPorts = 1>
ST_2 : Operation 19 [1/1] (1.82ns)   --->   "%add_ln233 = add i9 %indvar_flatten, 1" [firmware/nnet_utils/nnet_pooling_stream.h:233->firmware/nnet_utils/nnet_pooling_stream.h:251]   --->   Operation 19 'add' 'add_ln233' <Predicate = true> <Delay = 1.82> <Core = "AddSub">   --->   Core 14 'AddSub' <Latency = 0> <II = 1> <Delay = 2.55> <FuncUnit> <Opcode : 'add' 'sub'> <InPorts = 2> <OutPorts = 1>
ST_2 : Operation 20 [1/1] (0.00ns)   --->   "br i1 %icmp_ln233, label %"pooling2d_buffer_cl<array<ap_fixed<32, 16, 5, 3, 0>, 4u>, array<ap_fixed<32, 16, 5, 3, 0>, 4u>, config7>.exit", label %ReadInputWidth_begin" [firmware/nnet_utils/nnet_pooling_stream.h:233->firmware/nnet_utils/nnet_pooling_stream.h:251]   --->   Operation 20 'br' <Predicate = true> <Delay = 0.00>

State 3 <SV = 2> <Delay = 2.18>
ST_3 : Operation 21 [1/1] (2.18ns)   --->   "%empty_120 = call { i32, i32, i32, i32 } @_ssdm_op_Read.ap_fifo.volatile.i32P.i32P.i32P.i32P(i32* %data_V_data_0_V, i32* %data_V_data_1_V, i32* %data_V_data_2_V, i32* %data_V_data_3_V)" [firmware/nnet_utils/nnet_pooling_stream.h:238->firmware/nnet_utils/nnet_pooling_stream.h:251]   --->   Operation 21 'read' 'empty_120' <Predicate = (!icmp_ln233)> <Delay = 2.18> <Core = "FIFO">   --->   Core 32 'FIFO' <Latency = 0> <II = 1> <Delay = 3.63> <Storage> <Opcode : 'read' 'write' 'nbread' 'nbwrite'> <Ports = 0> <Width = 32> <Depth = 3> <FIFO>
ST_3 : Operation 22 [1/1] (0.00ns)   --->   "%tmp_data_0_V = extractvalue { i32, i32, i32, i32 } %empty_120, 0" [firmware/nnet_utils/nnet_pooling_stream.h:238->firmware/nnet_utils/nnet_pooling_stream.h:251]   --->   Operation 22 'extractvalue' 'tmp_data_0_V' <Predicate = (!icmp_ln233)> <Delay = 0.00>
ST_3 : Operation 23 [1/1] (0.00ns)   --->   "%tmp_data_1_V = extractvalue { i32, i32, i32, i32 } %empty_120, 1" [firmware/nnet_utils/nnet_pooling_stream.h:238->firmware/nnet_utils/nnet_pooling_stream.h:251]   --->   Operation 23 'extractvalue' 'tmp_data_1_V' <Predicate = (!icmp_ln233)> <Delay = 0.00>
ST_3 : Operation 24 [1/1] (0.00ns)   --->   "%tmp_data_2_V = extractvalue { i32, i32, i32, i32 } %empty_120, 2" [firmware/nnet_utils/nnet_pooling_stream.h:238->firmware/nnet_utils/nnet_pooling_stream.h:251]   --->   Operation 24 'extractvalue' 'tmp_data_2_V' <Predicate = (!icmp_ln233)> <Delay = 0.00>
ST_3 : Operation 25 [1/1] (0.00ns)   --->   "%tmp_data_3_V = extractvalue { i32, i32, i32, i32 } %empty_120, 3" [firmware/nnet_utils/nnet_pooling_stream.h:238->firmware/nnet_utils/nnet_pooling_stream.h:251]   --->   Operation 25 'extractvalue' 'tmp_data_3_V' <Predicate = (!icmp_ln233)> <Delay = 0.00>

State 4 <SV = 3> <Delay = 4.42>
ST_4 : Operation 26 [1/1] (0.00ns)   --->   "%kernel_data_V_8_4_load = load i32* @kernel_data_V_8_4, align 4" [firmware/nnet_utils/nnet_pooling_stream.h:182->firmware/nnet_utils/nnet_pooling_stream.h:238->firmware/nnet_utils/nnet_pooling_stream.h:251]   --->   Operation 26 'load' 'kernel_data_V_8_4_load' <Predicate = (!icmp_ln233)> <Delay = 0.00>
ST_4 : Operation 27 [1/1] (0.00ns)   --->   "%kernel_data_V_8_5_load = load i32* @kernel_data_V_8_5, align 4" [firmware/nnet_utils/nnet_pooling_stream.h:182->firmware/nnet_utils/nnet_pooling_stream.h:238->firmware/nnet_utils/nnet_pooling_stream.h:251]   --->   Operation 27 'load' 'kernel_data_V_8_5_load' <Predicate = (!icmp_ln233)> <Delay = 0.00>
ST_4 : Operation 28 [1/1] (0.00ns)   --->   "%kernel_data_V_8_6_load = load i32* @kernel_data_V_8_6, align 4" [firmware/nnet_utils/nnet_pooling_stream.h:182->firmware/nnet_utils/nnet_pooling_stream.h:238->firmware/nnet_utils/nnet_pooling_stream.h:251]   --->   Operation 28 'load' 'kernel_data_V_8_6_load' <Predicate = (!icmp_ln233)> <Delay = 0.00>
ST_4 : Operation 29 [1/1] (0.00ns)   --->   "%kernel_data_V_8_7_load = load i32* @kernel_data_V_8_7, align 4" [firmware/nnet_utils/nnet_pooling_stream.h:182->firmware/nnet_utils/nnet_pooling_stream.h:238->firmware/nnet_utils/nnet_pooling_stream.h:251]   --->   Operation 29 'load' 'kernel_data_V_8_7_load' <Predicate = (!icmp_ln233)> <Delay = 0.00>
ST_4 : Operation 30 [1/1] (0.00ns)   --->   "%kernel_data_V_8_12_load = load i32* @kernel_data_V_8_12, align 4" [firmware/nnet_utils/nnet_pooling_stream.h:182->firmware/nnet_utils/nnet_pooling_stream.h:238->firmware/nnet_utils/nnet_pooling_stream.h:251]   --->   Operation 30 'load' 'kernel_data_V_8_12_load' <Predicate = (!icmp_ln233)> <Delay = 0.00>
ST_4 : Operation 31 [1/1] (0.00ns)   --->   "%kernel_data_V_8_13_load = load i32* @kernel_data_V_8_13, align 4" [firmware/nnet_utils/nnet_pooling_stream.h:182->firmware/nnet_utils/nnet_pooling_stream.h:238->firmware/nnet_utils/nnet_pooling_stream.h:251]   --->   Operation 31 'load' 'kernel_data_V_8_13_load' <Predicate = (!icmp_ln233)> <Delay = 0.00>
ST_4 : Operation 32 [1/1] (0.00ns)   --->   "%kernel_data_V_8_14_load = load i32* @kernel_data_V_8_14, align 4" [firmware/nnet_utils/nnet_pooling_stream.h:182->firmware/nnet_utils/nnet_pooling_stream.h:238->firmware/nnet_utils/nnet_pooling_stream.h:251]   --->   Operation 32 'load' 'kernel_data_V_8_14_load' <Predicate = (!icmp_ln233)> <Delay = 0.00>
ST_4 : Operation 33 [1/1] (0.00ns)   --->   "%kernel_data_V_8_15_load = load i32* @kernel_data_V_8_15, align 4" [firmware/nnet_utils/nnet_pooling_stream.h:182->firmware/nnet_utils/nnet_pooling_stream.h:238->firmware/nnet_utils/nnet_pooling_stream.h:251]   --->   Operation 33 'load' 'kernel_data_V_8_15_load' <Predicate = (!icmp_ln233)> <Delay = 0.00>
ST_4 : Operation 34 [1/1] (1.61ns)   --->   "%call_ret = call fastcc { i32, i32, i32, i32, i32, i32, i32, i32, i32, i32, i32, i32, i32, i32, i32, i32 } @"shift_line_buffer<array<ap_fixed,4u>,config7>"(i32 %tmp_data_0_V, i32 %tmp_data_1_V, i32 %tmp_data_2_V, i32 %tmp_data_3_V, i32 %kernel_data_V_8_4_load, i32 %kernel_data_V_8_5_load, i32 %kernel_data_V_8_6_load, i32 %kernel_data_V_8_7_load, i32 %kernel_data_V_8_12_load, i32 %kernel_data_V_8_13_load, i32 %kernel_data_V_8_14_load, i32 %kernel_data_V_8_15_load)" [firmware/nnet_utils/nnet_pooling_stream.h:182->firmware/nnet_utils/nnet_pooling_stream.h:238->firmware/nnet_utils/nnet_pooling_stream.h:251]   --->   Operation 34 'call' 'call_ret' <Predicate = (!icmp_ln233)> <Delay = 1.61> <CoreType = "Generic">   --->   Core 0 '' <Latency = 0> <II = 1> <Delay = 1.00> <Generic> <Opcode : >
ST_4 : Operation 35 [1/1] (0.00ns)   --->   "%pool_window_2_V_9 = extractvalue { i32, i32, i32, i32, i32, i32, i32, i32, i32, i32, i32, i32, i32, i32, i32, i32 } %call_ret, 7" [firmware/nnet_utils/nnet_pooling_stream.h:182->firmware/nnet_utils/nnet_pooling_stream.h:238->firmware/nnet_utils/nnet_pooling_stream.h:251]   --->   Operation 35 'extractvalue' 'pool_window_2_V_9' <Predicate = (!icmp_ln233)> <Delay = 0.00>
ST_4 : Operation 36 [1/1] (0.00ns)   --->   "%pool_window_2_V_1 = extractvalue { i32, i32, i32, i32, i32, i32, i32, i32, i32, i32, i32, i32, i32, i32, i32, i32 } %call_ret, 6" [firmware/nnet_utils/nnet_pooling_stream.h:182->firmware/nnet_utils/nnet_pooling_stream.h:238->firmware/nnet_utils/nnet_pooling_stream.h:251]   --->   Operation 36 'extractvalue' 'pool_window_2_V_1' <Predicate = (!icmp_ln233)> <Delay = 0.00>
ST_4 : Operation 37 [1/1] (0.00ns)   --->   "%pool_window_2_V = extractvalue { i32, i32, i32, i32, i32, i32, i32, i32, i32, i32, i32, i32, i32, i32, i32, i32 } %call_ret, 5" [firmware/nnet_utils/nnet_pooling_stream.h:182->firmware/nnet_utils/nnet_pooling_stream.h:238->firmware/nnet_utils/nnet_pooling_stream.h:251]   --->   Operation 37 'extractvalue' 'pool_window_2_V' <Predicate = (!icmp_ln233)> <Delay = 0.00>
ST_4 : Operation 38 [1/1] (0.00ns)   --->   "%pool_window_2_V_8 = extractvalue { i32, i32, i32, i32, i32, i32, i32, i32, i32, i32, i32, i32, i32, i32, i32, i32 } %call_ret, 4" [firmware/nnet_utils/nnet_pooling_stream.h:182->firmware/nnet_utils/nnet_pooling_stream.h:238->firmware/nnet_utils/nnet_pooling_stream.h:251]   --->   Operation 38 'extractvalue' 'pool_window_2_V_8' <Predicate = (!icmp_ln233)> <Delay = 0.00>
ST_4 : Operation 39 [1/1] (0.00ns)   --->   "%pool_window_0_V_9 = extractvalue { i32, i32, i32, i32, i32, i32, i32, i32, i32, i32, i32, i32, i32, i32, i32, i32 } %call_ret, 3" [firmware/nnet_utils/nnet_pooling_stream.h:182->firmware/nnet_utils/nnet_pooling_stream.h:238->firmware/nnet_utils/nnet_pooling_stream.h:251]   --->   Operation 39 'extractvalue' 'pool_window_0_V_9' <Predicate = (!icmp_ln233)> <Delay = 0.00>
ST_4 : Operation 40 [1/1] (0.00ns)   --->   "%pool_window_0_V_1 = extractvalue { i32, i32, i32, i32, i32, i32, i32, i32, i32, i32, i32, i32, i32, i32, i32, i32 } %call_ret, 2" [firmware/nnet_utils/nnet_pooling_stream.h:182->firmware/nnet_utils/nnet_pooling_stream.h:238->firmware/nnet_utils/nnet_pooling_stream.h:251]   --->   Operation 40 'extractvalue' 'pool_window_0_V_1' <Predicate = (!icmp_ln233)> <Delay = 0.00>
ST_4 : Operation 41 [1/1] (0.00ns)   --->   "%pool_window_0_V = extractvalue { i32, i32, i32, i32, i32, i32, i32, i32, i32, i32, i32, i32, i32, i32, i32, i32 } %call_ret, 1" [firmware/nnet_utils/nnet_pooling_stream.h:182->firmware/nnet_utils/nnet_pooling_stream.h:238->firmware/nnet_utils/nnet_pooling_stream.h:251]   --->   Operation 41 'extractvalue' 'pool_window_0_V' <Predicate = (!icmp_ln233)> <Delay = 0.00>
ST_4 : Operation 42 [1/1] (0.00ns)   --->   "%pool_window_0_V_8 = extractvalue { i32, i32, i32, i32, i32, i32, i32, i32, i32, i32, i32, i32, i32, i32, i32, i32 } %call_ret, 0" [firmware/nnet_utils/nnet_pooling_stream.h:182->firmware/nnet_utils/nnet_pooling_stream.h:238->firmware/nnet_utils/nnet_pooling_stream.h:251]   --->   Operation 42 'extractvalue' 'pool_window_0_V_8' <Predicate = (!icmp_ln233)> <Delay = 0.00>
ST_4 : Operation 43 [1/1] (0.00ns)   --->   "%pool_window_1_V_8 = extractvalue { i32, i32, i32, i32, i32, i32, i32, i32, i32, i32, i32, i32, i32, i32, i32, i32 } %call_ret, 8" [firmware/nnet_utils/nnet_pooling_stream.h:182->firmware/nnet_utils/nnet_pooling_stream.h:238->firmware/nnet_utils/nnet_pooling_stream.h:251]   --->   Operation 43 'extractvalue' 'pool_window_1_V_8' <Predicate = (!icmp_ln233)> <Delay = 0.00>
ST_4 : Operation 44 [1/1] (0.00ns)   --->   "store i32 %pool_window_1_V_8, i32* @kernel_data_V_8_4, align 4" [firmware/nnet_utils/nnet_pooling_stream.h:182->firmware/nnet_utils/nnet_pooling_stream.h:238->firmware/nnet_utils/nnet_pooling_stream.h:251]   --->   Operation 44 'store' <Predicate = (!icmp_ln233)> <Delay = 0.00>
ST_4 : Operation 45 [1/1] (0.00ns)   --->   "%pool_window_1_V = extractvalue { i32, i32, i32, i32, i32, i32, i32, i32, i32, i32, i32, i32, i32, i32, i32, i32 } %call_ret, 9" [firmware/nnet_utils/nnet_pooling_stream.h:182->firmware/nnet_utils/nnet_pooling_stream.h:238->firmware/nnet_utils/nnet_pooling_stream.h:251]   --->   Operation 45 'extractvalue' 'pool_window_1_V' <Predicate = (!icmp_ln233)> <Delay = 0.00>
ST_4 : Operation 46 [1/1] (0.00ns)   --->   "store i32 %pool_window_1_V, i32* @kernel_data_V_8_5, align 4" [firmware/nnet_utils/nnet_pooling_stream.h:182->firmware/nnet_utils/nnet_pooling_stream.h:238->firmware/nnet_utils/nnet_pooling_stream.h:251]   --->   Operation 46 'store' <Predicate = (!icmp_ln233)> <Delay = 0.00>
ST_4 : Operation 47 [1/1] (0.00ns)   --->   "%pool_window_1_V_9 = extractvalue { i32, i32, i32, i32, i32, i32, i32, i32, i32, i32, i32, i32, i32, i32, i32, i32 } %call_ret, 10" [firmware/nnet_utils/nnet_pooling_stream.h:182->firmware/nnet_utils/nnet_pooling_stream.h:238->firmware/nnet_utils/nnet_pooling_stream.h:251]   --->   Operation 47 'extractvalue' 'pool_window_1_V_9' <Predicate = (!icmp_ln233)> <Delay = 0.00>
ST_4 : Operation 48 [1/1] (0.00ns)   --->   "store i32 %pool_window_1_V_9, i32* @kernel_data_V_8_6, align 4" [firmware/nnet_utils/nnet_pooling_stream.h:182->firmware/nnet_utils/nnet_pooling_stream.h:238->firmware/nnet_utils/nnet_pooling_stream.h:251]   --->   Operation 48 'store' <Predicate = (!icmp_ln233)> <Delay = 0.00>
ST_4 : Operation 49 [1/1] (0.00ns)   --->   "%pool_window_1_V_1 = extractvalue { i32, i32, i32, i32, i32, i32, i32, i32, i32, i32, i32, i32, i32, i32, i32, i32 } %call_ret, 11" [firmware/nnet_utils/nnet_pooling_stream.h:182->firmware/nnet_utils/nnet_pooling_stream.h:238->firmware/nnet_utils/nnet_pooling_stream.h:251]   --->   Operation 49 'extractvalue' 'pool_window_1_V_1' <Predicate = (!icmp_ln233)> <Delay = 0.00>
ST_4 : Operation 50 [1/1] (0.00ns)   --->   "store i32 %pool_window_1_V_1, i32* @kernel_data_V_8_7, align 4" [firmware/nnet_utils/nnet_pooling_stream.h:182->firmware/nnet_utils/nnet_pooling_stream.h:238->firmware/nnet_utils/nnet_pooling_stream.h:251]   --->   Operation 50 'store' <Predicate = (!icmp_ln233)> <Delay = 0.00>
ST_4 : Operation 51 [1/1] (0.00ns)   --->   "%pool_window_3_V_8 = extractvalue { i32, i32, i32, i32, i32, i32, i32, i32, i32, i32, i32, i32, i32, i32, i32, i32 } %call_ret, 12" [firmware/nnet_utils/nnet_pooling_stream.h:182->firmware/nnet_utils/nnet_pooling_stream.h:238->firmware/nnet_utils/nnet_pooling_stream.h:251]   --->   Operation 51 'extractvalue' 'pool_window_3_V_8' <Predicate = (!icmp_ln233)> <Delay = 0.00>
ST_4 : Operation 52 [1/1] (0.00ns)   --->   "store i32 %pool_window_3_V_8, i32* @kernel_data_V_8_12, align 4" [firmware/nnet_utils/nnet_pooling_stream.h:182->firmware/nnet_utils/nnet_pooling_stream.h:238->firmware/nnet_utils/nnet_pooling_stream.h:251]   --->   Operation 52 'store' <Predicate = (!icmp_ln233)> <Delay = 0.00>
ST_4 : Operation 53 [1/1] (0.00ns)   --->   "%pool_window_3_V = extractvalue { i32, i32, i32, i32, i32, i32, i32, i32, i32, i32, i32, i32, i32, i32, i32, i32 } %call_ret, 13" [firmware/nnet_utils/nnet_pooling_stream.h:182->firmware/nnet_utils/nnet_pooling_stream.h:238->firmware/nnet_utils/nnet_pooling_stream.h:251]   --->   Operation 53 'extractvalue' 'pool_window_3_V' <Predicate = (!icmp_ln233)> <Delay = 0.00>
ST_4 : Operation 54 [1/1] (0.00ns)   --->   "store i32 %pool_window_3_V, i32* @kernel_data_V_8_13, align 4" [firmware/nnet_utils/nnet_pooling_stream.h:182->firmware/nnet_utils/nnet_pooling_stream.h:238->firmware/nnet_utils/nnet_pooling_stream.h:251]   --->   Operation 54 'store' <Predicate = (!icmp_ln233)> <Delay = 0.00>
ST_4 : Operation 55 [1/1] (0.00ns)   --->   "%pool_window_3_V_9 = extractvalue { i32, i32, i32, i32, i32, i32, i32, i32, i32, i32, i32, i32, i32, i32, i32, i32 } %call_ret, 14" [firmware/nnet_utils/nnet_pooling_stream.h:182->firmware/nnet_utils/nnet_pooling_stream.h:238->firmware/nnet_utils/nnet_pooling_stream.h:251]   --->   Operation 55 'extractvalue' 'pool_window_3_V_9' <Predicate = (!icmp_ln233)> <Delay = 0.00>
ST_4 : Operation 56 [1/1] (0.00ns)   --->   "store i32 %pool_window_3_V_9, i32* @kernel_data_V_8_14, align 4" [firmware/nnet_utils/nnet_pooling_stream.h:182->firmware/nnet_utils/nnet_pooling_stream.h:238->firmware/nnet_utils/nnet_pooling_stream.h:251]   --->   Operation 56 'store' <Predicate = (!icmp_ln233)> <Delay = 0.00>
ST_4 : Operation 57 [1/1] (0.00ns)   --->   "%pool_window_3_V_1 = extractvalue { i32, i32, i32, i32, i32, i32, i32, i32, i32, i32, i32, i32, i32, i32, i32, i32 } %call_ret, 15" [firmware/nnet_utils/nnet_pooling_stream.h:182->firmware/nnet_utils/nnet_pooling_stream.h:238->firmware/nnet_utils/nnet_pooling_stream.h:251]   --->   Operation 57 'extractvalue' 'pool_window_3_V_1' <Predicate = (!icmp_ln233)> <Delay = 0.00>
ST_4 : Operation 58 [1/1] (0.00ns)   --->   "store i32 %pool_window_3_V_1, i32* @kernel_data_V_8_15, align 4" [firmware/nnet_utils/nnet_pooling_stream.h:182->firmware/nnet_utils/nnet_pooling_stream.h:238->firmware/nnet_utils/nnet_pooling_stream.h:251]   --->   Operation 58 'store' <Predicate = (!icmp_ln233)> <Delay = 0.00>
ST_4 : Operation 59 [1/1] (0.00ns)   --->   "%sX_4_load = load i32* @sX_4, align 4" [firmware/nnet_utils/nnet_pooling_stream.h:185->firmware/nnet_utils/nnet_pooling_stream.h:238->firmware/nnet_utils/nnet_pooling_stream.h:251]   --->   Operation 59 'load' 'sX_4_load' <Predicate = (!icmp_ln233)> <Delay = 0.00>
ST_4 : Operation 60 [1/1] (2.47ns)   --->   "%icmp_ln185 = icmp eq i32 %sX_4_load, 1" [firmware/nnet_utils/nnet_pooling_stream.h:185->firmware/nnet_utils/nnet_pooling_stream.h:238->firmware/nnet_utils/nnet_pooling_stream.h:251]   --->   Operation 60 'icmp' 'icmp_ln185' <Predicate = (!icmp_ln233)> <Delay = 2.47> <Core = "Cmp">   --->   Core 25 'Cmp' <Latency = 0> <II = 1> <Delay = 2.47> <FuncUnit> <Opcode : 'icmp'> <InPorts = 2> <OutPorts = 1>
ST_4 : Operation 61 [1/1] (0.00ns)   --->   "%sY_4_load = load i32* @sY_4, align 4" [firmware/nnet_utils/nnet_pooling_stream.h:185->firmware/nnet_utils/nnet_pooling_stream.h:238->firmware/nnet_utils/nnet_pooling_stream.h:251]   --->   Operation 61 'load' 'sY_4_load' <Predicate = (!icmp_ln233)> <Delay = 0.00>
ST_4 : Operation 62 [1/1] (2.47ns)   --->   "%icmp_ln185_4 = icmp eq i32 %sY_4_load, 1" [firmware/nnet_utils/nnet_pooling_stream.h:185->firmware/nnet_utils/nnet_pooling_stream.h:238->firmware/nnet_utils/nnet_pooling_stream.h:251]   --->   Operation 62 'icmp' 'icmp_ln185_4' <Predicate = (!icmp_ln233)> <Delay = 2.47> <Core = "Cmp">   --->   Core 25 'Cmp' <Latency = 0> <II = 1> <Delay = 2.47> <FuncUnit> <Opcode : 'icmp'> <InPorts = 2> <OutPorts = 1>
ST_4 : Operation 63 [1/1] (0.00ns)   --->   "%pY_4_load = load i32* @pY_4, align 4" [firmware/nnet_utils/nnet_pooling_stream.h:185->firmware/nnet_utils/nnet_pooling_stream.h:238->firmware/nnet_utils/nnet_pooling_stream.h:251]   --->   Operation 63 'load' 'pY_4_load' <Predicate = (!icmp_ln233)> <Delay = 0.00>
ST_4 : Operation 64 [1/1] (2.47ns)   --->   "%icmp_ln185_5 = icmp sgt i32 %pY_4_load, 0" [firmware/nnet_utils/nnet_pooling_stream.h:185->firmware/nnet_utils/nnet_pooling_stream.h:238->firmware/nnet_utils/nnet_pooling_stream.h:251]   --->   Operation 64 'icmp' 'icmp_ln185_5' <Predicate = (!icmp_ln233)> <Delay = 2.47> <Core = "Cmp">   --->   Core 25 'Cmp' <Latency = 0> <II = 1> <Delay = 2.47> <FuncUnit> <Opcode : 'icmp'> <InPorts = 2> <OutPorts = 1>
ST_4 : Operation 65 [1/1] (0.00ns)   --->   "%pX_4_load = load i32* @pX_4, align 4" [firmware/nnet_utils/nnet_pooling_stream.h:185->firmware/nnet_utils/nnet_pooling_stream.h:238->firmware/nnet_utils/nnet_pooling_stream.h:251]   --->   Operation 65 'load' 'pX_4_load' <Predicate = (!icmp_ln233)> <Delay = 0.00>
ST_4 : Operation 66 [1/1] (2.47ns)   --->   "%icmp_ln185_6 = icmp sgt i32 %pX_4_load, 0" [firmware/nnet_utils/nnet_pooling_stream.h:185->firmware/nnet_utils/nnet_pooling_stream.h:238->firmware/nnet_utils/nnet_pooling_stream.h:251]   --->   Operation 66 'icmp' 'icmp_ln185_6' <Predicate = (!icmp_ln233)> <Delay = 2.47> <Core = "Cmp">   --->   Core 25 'Cmp' <Latency = 0> <II = 1> <Delay = 2.47> <FuncUnit> <Opcode : 'icmp'> <InPorts = 2> <OutPorts = 1>
ST_4 : Operation 67 [1/1] (0.00ns) (grouped into LUT with out node and_ln185_4)   --->   "%and_ln185 = and i1 %icmp_ln185, %icmp_ln185_4" [firmware/nnet_utils/nnet_pooling_stream.h:185->firmware/nnet_utils/nnet_pooling_stream.h:238->firmware/nnet_utils/nnet_pooling_stream.h:251]   --->   Operation 67 'and' 'and_ln185' <Predicate = (!icmp_ln233)> <Delay = 0.00> <Core = "LogicGate">   --->   Core 27 'LogicGate' <Latency = 0> <II = 1> <Delay = 0.97> <FuncUnit> <Opcode : 'and' 'or' 'xor'> <InPorts = 2> <OutPorts = 1>
ST_4 : Operation 68 [1/1] (0.00ns) (grouped into LUT with out node and_ln185_4)   --->   "%and_ln185_3 = and i1 %icmp_ln185_5, %icmp_ln185_6" [firmware/nnet_utils/nnet_pooling_stream.h:185->firmware/nnet_utils/nnet_pooling_stream.h:238->firmware/nnet_utils/nnet_pooling_stream.h:251]   --->   Operation 68 'and' 'and_ln185_3' <Predicate = (!icmp_ln233)> <Delay = 0.00> <Core = "LogicGate">   --->   Core 27 'LogicGate' <Latency = 0> <II = 1> <Delay = 0.97> <FuncUnit> <Opcode : 'and' 'or' 'xor'> <InPorts = 2> <OutPorts = 1>
ST_4 : Operation 69 [1/1] (0.97ns) (out node of the LUT)   --->   "%and_ln185_4 = and i1 %and_ln185_3, %and_ln185" [firmware/nnet_utils/nnet_pooling_stream.h:185->firmware/nnet_utils/nnet_pooling_stream.h:238->firmware/nnet_utils/nnet_pooling_stream.h:251]   --->   Operation 69 'and' 'and_ln185_4' <Predicate = (!icmp_ln233)> <Delay = 0.97> <Core = "LogicGate">   --->   Core 27 'LogicGate' <Latency = 0> <II = 1> <Delay = 0.97> <FuncUnit> <Opcode : 'and' 'or' 'xor'> <InPorts = 2> <OutPorts = 1>
ST_4 : Operation 70 [1/1] (0.00ns)   --->   "br i1 %and_ln185_4, label %.preheader.i.i.0, label %._crit_edge25.i.i" [firmware/nnet_utils/nnet_pooling_stream.h:185->firmware/nnet_utils/nnet_pooling_stream.h:238->firmware/nnet_utils/nnet_pooling_stream.h:251]   --->   Operation 70 'br' <Predicate = (!icmp_ln233)> <Delay = 0.00>
ST_4 : Operation 71 [1/1] (2.47ns)   --->   "%icmp_ln1496 = icmp slt i32 %pool_window_0_V_8, %pool_window_1_V_8" [firmware/nnet_utils/nnet_common.h:86->firmware/nnet_utils/nnet_common.h:53->firmware/nnet_utils/nnet_common.h:55->firmware/nnet_utils/nnet_pooling_stream.h:22->firmware/nnet_utils/nnet_pooling_stream.h:195->firmware/nnet_utils/nnet_pooling_stream.h:238->firmware/nnet_utils/nnet_pooling_stream.h:251]   --->   Operation 71 'icmp' 'icmp_ln1496' <Predicate = (and_ln185_4)> <Delay = 2.47> <Core = "Cmp">   --->   Core 25 'Cmp' <Latency = 0> <II = 1> <Delay = 2.47> <FuncUnit> <Opcode : 'icmp'> <InPorts = 2> <OutPorts = 1>
ST_4 : Operation 72 [1/1] (2.47ns)   --->   "%icmp_ln1496_24 = icmp slt i32 %pool_window_2_V_8, %pool_window_3_V_8" [firmware/nnet_utils/nnet_common.h:86->firmware/nnet_utils/nnet_common.h:53->firmware/nnet_utils/nnet_common.h:55->firmware/nnet_utils/nnet_pooling_stream.h:22->firmware/nnet_utils/nnet_pooling_stream.h:195->firmware/nnet_utils/nnet_pooling_stream.h:238->firmware/nnet_utils/nnet_pooling_stream.h:251]   --->   Operation 72 'icmp' 'icmp_ln1496_24' <Predicate = (and_ln185_4)> <Delay = 2.47> <Core = "Cmp">   --->   Core 25 'Cmp' <Latency = 0> <II = 1> <Delay = 2.47> <FuncUnit> <Opcode : 'icmp'> <InPorts = 2> <OutPorts = 1>
ST_4 : Operation 73 [1/1] (2.47ns)   --->   "%icmp_ln1496_26 = icmp slt i32 %pool_window_0_V, %pool_window_1_V" [firmware/nnet_utils/nnet_common.h:86->firmware/nnet_utils/nnet_common.h:53->firmware/nnet_utils/nnet_common.h:55->firmware/nnet_utils/nnet_pooling_stream.h:22->firmware/nnet_utils/nnet_pooling_stream.h:195->firmware/nnet_utils/nnet_pooling_stream.h:238->firmware/nnet_utils/nnet_pooling_stream.h:251]   --->   Operation 73 'icmp' 'icmp_ln1496_26' <Predicate = (and_ln185_4)> <Delay = 2.47> <Core = "Cmp">   --->   Core 25 'Cmp' <Latency = 0> <II = 1> <Delay = 2.47> <FuncUnit> <Opcode : 'icmp'> <InPorts = 2> <OutPorts = 1>
ST_4 : Operation 74 [1/1] (2.47ns)   --->   "%icmp_ln1496_27 = icmp slt i32 %pool_window_2_V, %pool_window_3_V" [firmware/nnet_utils/nnet_common.h:86->firmware/nnet_utils/nnet_common.h:53->firmware/nnet_utils/nnet_common.h:55->firmware/nnet_utils/nnet_pooling_stream.h:22->firmware/nnet_utils/nnet_pooling_stream.h:195->firmware/nnet_utils/nnet_pooling_stream.h:238->firmware/nnet_utils/nnet_pooling_stream.h:251]   --->   Operation 74 'icmp' 'icmp_ln1496_27' <Predicate = (and_ln185_4)> <Delay = 2.47> <Core = "Cmp">   --->   Core 25 'Cmp' <Latency = 0> <II = 1> <Delay = 2.47> <FuncUnit> <Opcode : 'icmp'> <InPorts = 2> <OutPorts = 1>
ST_4 : Operation 75 [1/1] (2.47ns)   --->   "%icmp_ln1496_29 = icmp slt i32 %pool_window_0_V_1, %pool_window_1_V_9" [firmware/nnet_utils/nnet_common.h:86->firmware/nnet_utils/nnet_common.h:53->firmware/nnet_utils/nnet_common.h:55->firmware/nnet_utils/nnet_pooling_stream.h:22->firmware/nnet_utils/nnet_pooling_stream.h:195->firmware/nnet_utils/nnet_pooling_stream.h:238->firmware/nnet_utils/nnet_pooling_stream.h:251]   --->   Operation 75 'icmp' 'icmp_ln1496_29' <Predicate = (and_ln185_4)> <Delay = 2.47> <Core = "Cmp">   --->   Core 25 'Cmp' <Latency = 0> <II = 1> <Delay = 2.47> <FuncUnit> <Opcode : 'icmp'> <InPorts = 2> <OutPorts = 1>
ST_4 : Operation 76 [1/1] (2.47ns)   --->   "%icmp_ln1496_30 = icmp slt i32 %pool_window_2_V_1, %pool_window_3_V_9" [firmware/nnet_utils/nnet_common.h:86->firmware/nnet_utils/nnet_common.h:53->firmware/nnet_utils/nnet_common.h:55->firmware/nnet_utils/nnet_pooling_stream.h:22->firmware/nnet_utils/nnet_pooling_stream.h:195->firmware/nnet_utils/nnet_pooling_stream.h:238->firmware/nnet_utils/nnet_pooling_stream.h:251]   --->   Operation 76 'icmp' 'icmp_ln1496_30' <Predicate = (and_ln185_4)> <Delay = 2.47> <Core = "Cmp">   --->   Core 25 'Cmp' <Latency = 0> <II = 1> <Delay = 2.47> <FuncUnit> <Opcode : 'icmp'> <InPorts = 2> <OutPorts = 1>
ST_4 : Operation 77 [1/1] (2.47ns)   --->   "%icmp_ln1496_32 = icmp slt i32 %pool_window_0_V_9, %pool_window_1_V_1" [firmware/nnet_utils/nnet_common.h:86->firmware/nnet_utils/nnet_common.h:53->firmware/nnet_utils/nnet_common.h:55->firmware/nnet_utils/nnet_pooling_stream.h:22->firmware/nnet_utils/nnet_pooling_stream.h:195->firmware/nnet_utils/nnet_pooling_stream.h:238->firmware/nnet_utils/nnet_pooling_stream.h:251]   --->   Operation 77 'icmp' 'icmp_ln1496_32' <Predicate = (and_ln185_4)> <Delay = 2.47> <Core = "Cmp">   --->   Core 25 'Cmp' <Latency = 0> <II = 1> <Delay = 2.47> <FuncUnit> <Opcode : 'icmp'> <InPorts = 2> <OutPorts = 1>
ST_4 : Operation 78 [1/1] (2.47ns)   --->   "%icmp_ln1496_33 = icmp slt i32 %pool_window_2_V_9, %pool_window_3_V_1" [firmware/nnet_utils/nnet_common.h:86->firmware/nnet_utils/nnet_common.h:53->firmware/nnet_utils/nnet_common.h:55->firmware/nnet_utils/nnet_pooling_stream.h:22->firmware/nnet_utils/nnet_pooling_stream.h:195->firmware/nnet_utils/nnet_pooling_stream.h:238->firmware/nnet_utils/nnet_pooling_stream.h:251]   --->   Operation 78 'icmp' 'icmp_ln1496_33' <Predicate = (and_ln185_4)> <Delay = 2.47> <Core = "Cmp">   --->   Core 25 'Cmp' <Latency = 0> <II = 1> <Delay = 2.47> <FuncUnit> <Opcode : 'icmp'> <InPorts = 2> <OutPorts = 1>
ST_4 : Operation 79 [1/1] (2.47ns)   --->   "%icmp_ln203 = icmp eq i32 %pX_4_load, 15" [firmware/nnet_utils/nnet_pooling_stream.h:203->firmware/nnet_utils/nnet_pooling_stream.h:238->firmware/nnet_utils/nnet_pooling_stream.h:251]   --->   Operation 79 'icmp' 'icmp_ln203' <Predicate = true> <Delay = 2.47> <Core = "Cmp">   --->   Core 25 'Cmp' <Latency = 0> <II = 1> <Delay = 2.47> <FuncUnit> <Opcode : 'icmp'> <InPorts = 2> <OutPorts = 1>
ST_4 : Operation 80 [1/1] (0.00ns)   --->   "br i1 %icmp_ln203, label %1, label %5" [firmware/nnet_utils/nnet_pooling_stream.h:203->firmware/nnet_utils/nnet_pooling_stream.h:238->firmware/nnet_utils/nnet_pooling_stream.h:251]   --->   Operation 80 'br' <Predicate = true> <Delay = 0.00>
ST_4 : Operation 81 [1/1] (2.55ns)   --->   "%add_ln216 = add nsw i32 %pX_4_load, 1" [firmware/nnet_utils/nnet_pooling_stream.h:216->firmware/nnet_utils/nnet_pooling_stream.h:238->firmware/nnet_utils/nnet_pooling_stream.h:251]   --->   Operation 81 'add' 'add_ln216' <Predicate = (!icmp_ln203)> <Delay = 2.55> <Core = "AddSub">   --->   Core 14 'AddSub' <Latency = 0> <II = 1> <Delay = 2.55> <FuncUnit> <Opcode : 'add' 'sub'> <InPorts = 2> <OutPorts = 1>
ST_4 : Operation 82 [1/1] (1.76ns)   --->   "store i32 %add_ln216, i32* @pX_4, align 4" [firmware/nnet_utils/nnet_pooling_stream.h:216->firmware/nnet_utils/nnet_pooling_stream.h:238->firmware/nnet_utils/nnet_pooling_stream.h:251]   --->   Operation 82 'store' <Predicate = (!icmp_ln203)> <Delay = 1.76>
ST_4 : Operation 83 [1/1] (2.55ns)   --->   "%add_ln218 = add i32 %sX_4_load, 1" [firmware/nnet_utils/nnet_pooling_stream.h:218->firmware/nnet_utils/nnet_pooling_stream.h:238->firmware/nnet_utils/nnet_pooling_stream.h:251]   --->   Operation 83 'add' 'add_ln218' <Predicate = (!icmp_ln203)> <Delay = 2.55> <Core = "AddSub">   --->   Core 14 'AddSub' <Latency = 0> <II = 1> <Delay = 2.55> <FuncUnit> <Opcode : 'add' 'sub'> <InPorts = 2> <OutPorts = 1>
ST_4 : Operation 84 [1/1] (0.69ns)   --->   "%select_ln218 = select i1 %icmp_ln185, i32 0, i32 %add_ln218" [firmware/nnet_utils/nnet_pooling_stream.h:218->firmware/nnet_utils/nnet_pooling_stream.h:238->firmware/nnet_utils/nnet_pooling_stream.h:251]   --->   Operation 84 'select' 'select_ln218' <Predicate = (!icmp_ln203)> <Delay = 0.69> <Core = "Sel">   --->   Core 26 'Sel' <Latency = 0> <II = 1> <Delay = 0.69> <FuncUnit> <Opcode : 'select'> <InPorts = 3> <OutPorts = 1>
ST_4 : Operation 85 [1/1] (1.76ns)   --->   "store i32 0, i32* @pX_4, align 4" [firmware/nnet_utils/nnet_pooling_stream.h:205->firmware/nnet_utils/nnet_pooling_stream.h:238->firmware/nnet_utils/nnet_pooling_stream.h:251]   --->   Operation 85 'store' <Predicate = (icmp_ln203)> <Delay = 1.76>
ST_4 : Operation 86 [1/1] (1.76ns)   --->   "store i32 0, i32* @sX_4, align 4" [firmware/nnet_utils/nnet_pooling_stream.h:206->firmware/nnet_utils/nnet_pooling_stream.h:238->firmware/nnet_utils/nnet_pooling_stream.h:251]   --->   Operation 86 'store' <Predicate = (icmp_ln203)> <Delay = 1.76>
ST_4 : Operation 87 [1/1] (2.47ns)   --->   "%icmp_ln207 = icmp eq i32 %pY_4_load, 15" [firmware/nnet_utils/nnet_pooling_stream.h:207->firmware/nnet_utils/nnet_pooling_stream.h:238->firmware/nnet_utils/nnet_pooling_stream.h:251]   --->   Operation 87 'icmp' 'icmp_ln207' <Predicate = (icmp_ln203)> <Delay = 2.47> <Core = "Cmp">   --->   Core 25 'Cmp' <Latency = 0> <II = 1> <Delay = 2.47> <FuncUnit> <Opcode : 'icmp'> <InPorts = 2> <OutPorts = 1>
ST_4 : Operation 88 [1/1] (0.00ns)   --->   "br i1 %icmp_ln207, label %2, label %3" [firmware/nnet_utils/nnet_pooling_stream.h:207->firmware/nnet_utils/nnet_pooling_stream.h:238->firmware/nnet_utils/nnet_pooling_stream.h:251]   --->   Operation 88 'br' <Predicate = (icmp_ln203)> <Delay = 0.00>
ST_4 : Operation 89 [1/1] (2.55ns)   --->   "%add_ln211 = add nsw i32 %pY_4_load, 1" [firmware/nnet_utils/nnet_pooling_stream.h:211->firmware/nnet_utils/nnet_pooling_stream.h:238->firmware/nnet_utils/nnet_pooling_stream.h:251]   --->   Operation 89 'add' 'add_ln211' <Predicate = (!icmp_ln233 & icmp_ln203 & !icmp_ln207)> <Delay = 2.55> <Core = "AddSub">   --->   Core 14 'AddSub' <Latency = 0> <II = 1> <Delay = 2.55> <FuncUnit> <Opcode : 'add' 'sub'> <InPorts = 2> <OutPorts = 1>
ST_4 : Operation 90 [1/1] (1.76ns)   --->   "store i32 %add_ln211, i32* @pY_4, align 4" [firmware/nnet_utils/nnet_pooling_stream.h:211->firmware/nnet_utils/nnet_pooling_stream.h:238->firmware/nnet_utils/nnet_pooling_stream.h:251]   --->   Operation 90 'store' <Predicate = (!icmp_ln233 & icmp_ln203 & !icmp_ln207)> <Delay = 1.76>
ST_4 : Operation 91 [1/1] (2.55ns)   --->   "%add_ln213 = add i32 %sY_4_load, 1" [firmware/nnet_utils/nnet_pooling_stream.h:213->firmware/nnet_utils/nnet_pooling_stream.h:238->firmware/nnet_utils/nnet_pooling_stream.h:251]   --->   Operation 91 'add' 'add_ln213' <Predicate = (!icmp_ln233 & icmp_ln203 & !icmp_ln207)> <Delay = 2.55> <Core = "AddSub">   --->   Core 14 'AddSub' <Latency = 0> <II = 1> <Delay = 2.55> <FuncUnit> <Opcode : 'add' 'sub'> <InPorts = 2> <OutPorts = 1>
ST_4 : Operation 92 [1/1] (0.69ns)   --->   "%select_ln213 = select i1 %icmp_ln185_4, i32 0, i32 %add_ln213" [firmware/nnet_utils/nnet_pooling_stream.h:213->firmware/nnet_utils/nnet_pooling_stream.h:238->firmware/nnet_utils/nnet_pooling_stream.h:251]   --->   Operation 92 'select' 'select_ln213' <Predicate = (!icmp_ln233 & icmp_ln203 & !icmp_ln207)> <Delay = 0.69> <Core = "Sel">   --->   Core 26 'Sel' <Latency = 0> <II = 1> <Delay = 0.69> <FuncUnit> <Opcode : 'select'> <InPorts = 3> <OutPorts = 1>

State 5 <SV = 4> <Delay = 3.86>
ST_5 : Operation 93 [1/1] (0.69ns)   --->   "%select_ln86 = select i1 %icmp_ln1496, i32 %pool_window_1_V_8, i32 %pool_window_0_V_8" [firmware/nnet_utils/nnet_common.h:86->firmware/nnet_utils/nnet_common.h:53->firmware/nnet_utils/nnet_common.h:55->firmware/nnet_utils/nnet_pooling_stream.h:22->firmware/nnet_utils/nnet_pooling_stream.h:195->firmware/nnet_utils/nnet_pooling_stream.h:238->firmware/nnet_utils/nnet_pooling_stream.h:251]   --->   Operation 93 'select' 'select_ln86' <Predicate = (and_ln185_4)> <Delay = 0.69> <Core = "Sel">   --->   Core 26 'Sel' <Latency = 0> <II = 1> <Delay = 0.69> <FuncUnit> <Opcode : 'select'> <InPorts = 3> <OutPorts = 1>
ST_5 : Operation 94 [1/1] (0.69ns)   --->   "%select_ln86_24 = select i1 %icmp_ln1496_24, i32 %pool_window_3_V_8, i32 %pool_window_2_V_8" [firmware/nnet_utils/nnet_common.h:86->firmware/nnet_utils/nnet_common.h:53->firmware/nnet_utils/nnet_common.h:55->firmware/nnet_utils/nnet_pooling_stream.h:22->firmware/nnet_utils/nnet_pooling_stream.h:195->firmware/nnet_utils/nnet_pooling_stream.h:238->firmware/nnet_utils/nnet_pooling_stream.h:251]   --->   Operation 94 'select' 'select_ln86_24' <Predicate = (and_ln185_4)> <Delay = 0.69> <Core = "Sel">   --->   Core 26 'Sel' <Latency = 0> <II = 1> <Delay = 0.69> <FuncUnit> <Opcode : 'select'> <InPorts = 3> <OutPorts = 1>
ST_5 : Operation 95 [1/1] (2.47ns)   --->   "%icmp_ln1496_25 = icmp slt i32 %select_ln86, %select_ln86_24" [firmware/nnet_utils/nnet_common.h:86->firmware/nnet_utils/nnet_common.h:55->firmware/nnet_utils/nnet_pooling_stream.h:22->firmware/nnet_utils/nnet_pooling_stream.h:195->firmware/nnet_utils/nnet_pooling_stream.h:238->firmware/nnet_utils/nnet_pooling_stream.h:251]   --->   Operation 95 'icmp' 'icmp_ln1496_25' <Predicate = (and_ln185_4)> <Delay = 2.47> <Core = "Cmp">   --->   Core 25 'Cmp' <Latency = 0> <II = 1> <Delay = 2.47> <FuncUnit> <Opcode : 'icmp'> <InPorts = 2> <OutPorts = 1>
ST_5 : Operation 96 [1/1] (0.69ns)   --->   "%tmp_data_0_V_33 = select i1 %icmp_ln1496_25, i32 %select_ln86_24, i32 %select_ln86" [firmware/nnet_utils/nnet_common.h:86->firmware/nnet_utils/nnet_common.h:55->firmware/nnet_utils/nnet_pooling_stream.h:22->firmware/nnet_utils/nnet_pooling_stream.h:195->firmware/nnet_utils/nnet_pooling_stream.h:238->firmware/nnet_utils/nnet_pooling_stream.h:251]   --->   Operation 96 'select' 'tmp_data_0_V_33' <Predicate = (and_ln185_4)> <Delay = 0.69> <Core = "Sel">   --->   Core 26 'Sel' <Latency = 0> <II = 1> <Delay = 0.69> <FuncUnit> <Opcode : 'select'> <InPorts = 3> <OutPorts = 1>
ST_5 : Operation 97 [1/1] (0.69ns)   --->   "%select_ln86_26 = select i1 %icmp_ln1496_26, i32 %pool_window_1_V, i32 %pool_window_0_V" [firmware/nnet_utils/nnet_common.h:86->firmware/nnet_utils/nnet_common.h:53->firmware/nnet_utils/nnet_common.h:55->firmware/nnet_utils/nnet_pooling_stream.h:22->firmware/nnet_utils/nnet_pooling_stream.h:195->firmware/nnet_utils/nnet_pooling_stream.h:238->firmware/nnet_utils/nnet_pooling_stream.h:251]   --->   Operation 97 'select' 'select_ln86_26' <Predicate = (and_ln185_4)> <Delay = 0.69> <Core = "Sel">   --->   Core 26 'Sel' <Latency = 0> <II = 1> <Delay = 0.69> <FuncUnit> <Opcode : 'select'> <InPorts = 3> <OutPorts = 1>
ST_5 : Operation 98 [1/1] (0.69ns)   --->   "%select_ln86_27 = select i1 %icmp_ln1496_27, i32 %pool_window_3_V, i32 %pool_window_2_V" [firmware/nnet_utils/nnet_common.h:86->firmware/nnet_utils/nnet_common.h:53->firmware/nnet_utils/nnet_common.h:55->firmware/nnet_utils/nnet_pooling_stream.h:22->firmware/nnet_utils/nnet_pooling_stream.h:195->firmware/nnet_utils/nnet_pooling_stream.h:238->firmware/nnet_utils/nnet_pooling_stream.h:251]   --->   Operation 98 'select' 'select_ln86_27' <Predicate = (and_ln185_4)> <Delay = 0.69> <Core = "Sel">   --->   Core 26 'Sel' <Latency = 0> <II = 1> <Delay = 0.69> <FuncUnit> <Opcode : 'select'> <InPorts = 3> <OutPorts = 1>
ST_5 : Operation 99 [1/1] (2.47ns)   --->   "%icmp_ln1496_28 = icmp slt i32 %select_ln86_26, %select_ln86_27" [firmware/nnet_utils/nnet_common.h:86->firmware/nnet_utils/nnet_common.h:55->firmware/nnet_utils/nnet_pooling_stream.h:22->firmware/nnet_utils/nnet_pooling_stream.h:195->firmware/nnet_utils/nnet_pooling_stream.h:238->firmware/nnet_utils/nnet_pooling_stream.h:251]   --->   Operation 99 'icmp' 'icmp_ln1496_28' <Predicate = (and_ln185_4)> <Delay = 2.47> <Core = "Cmp">   --->   Core 25 'Cmp' <Latency = 0> <II = 1> <Delay = 2.47> <FuncUnit> <Opcode : 'icmp'> <InPorts = 2> <OutPorts = 1>
ST_5 : Operation 100 [1/1] (0.69ns)   --->   "%tmp_data_1_V_31 = select i1 %icmp_ln1496_28, i32 %select_ln86_27, i32 %select_ln86_26" [firmware/nnet_utils/nnet_common.h:86->firmware/nnet_utils/nnet_common.h:55->firmware/nnet_utils/nnet_pooling_stream.h:22->firmware/nnet_utils/nnet_pooling_stream.h:195->firmware/nnet_utils/nnet_pooling_stream.h:238->firmware/nnet_utils/nnet_pooling_stream.h:251]   --->   Operation 100 'select' 'tmp_data_1_V_31' <Predicate = (and_ln185_4)> <Delay = 0.69> <Core = "Sel">   --->   Core 26 'Sel' <Latency = 0> <II = 1> <Delay = 0.69> <FuncUnit> <Opcode : 'select'> <InPorts = 3> <OutPorts = 1>
ST_5 : Operation 101 [1/1] (0.69ns)   --->   "%select_ln86_29 = select i1 %icmp_ln1496_29, i32 %pool_window_1_V_9, i32 %pool_window_0_V_1" [firmware/nnet_utils/nnet_common.h:86->firmware/nnet_utils/nnet_common.h:53->firmware/nnet_utils/nnet_common.h:55->firmware/nnet_utils/nnet_pooling_stream.h:22->firmware/nnet_utils/nnet_pooling_stream.h:195->firmware/nnet_utils/nnet_pooling_stream.h:238->firmware/nnet_utils/nnet_pooling_stream.h:251]   --->   Operation 101 'select' 'select_ln86_29' <Predicate = (and_ln185_4)> <Delay = 0.69> <Core = "Sel">   --->   Core 26 'Sel' <Latency = 0> <II = 1> <Delay = 0.69> <FuncUnit> <Opcode : 'select'> <InPorts = 3> <OutPorts = 1>
ST_5 : Operation 102 [1/1] (0.69ns)   --->   "%select_ln86_30 = select i1 %icmp_ln1496_30, i32 %pool_window_3_V_9, i32 %pool_window_2_V_1" [firmware/nnet_utils/nnet_common.h:86->firmware/nnet_utils/nnet_common.h:53->firmware/nnet_utils/nnet_common.h:55->firmware/nnet_utils/nnet_pooling_stream.h:22->firmware/nnet_utils/nnet_pooling_stream.h:195->firmware/nnet_utils/nnet_pooling_stream.h:238->firmware/nnet_utils/nnet_pooling_stream.h:251]   --->   Operation 102 'select' 'select_ln86_30' <Predicate = (and_ln185_4)> <Delay = 0.69> <Core = "Sel">   --->   Core 26 'Sel' <Latency = 0> <II = 1> <Delay = 0.69> <FuncUnit> <Opcode : 'select'> <InPorts = 3> <OutPorts = 1>
ST_5 : Operation 103 [1/1] (2.47ns)   --->   "%icmp_ln1496_31 = icmp slt i32 %select_ln86_29, %select_ln86_30" [firmware/nnet_utils/nnet_common.h:86->firmware/nnet_utils/nnet_common.h:55->firmware/nnet_utils/nnet_pooling_stream.h:22->firmware/nnet_utils/nnet_pooling_stream.h:195->firmware/nnet_utils/nnet_pooling_stream.h:238->firmware/nnet_utils/nnet_pooling_stream.h:251]   --->   Operation 103 'icmp' 'icmp_ln1496_31' <Predicate = (and_ln185_4)> <Delay = 2.47> <Core = "Cmp">   --->   Core 25 'Cmp' <Latency = 0> <II = 1> <Delay = 2.47> <FuncUnit> <Opcode : 'icmp'> <InPorts = 2> <OutPorts = 1>
ST_5 : Operation 104 [1/1] (0.69ns)   --->   "%tmp_data_2_V_31 = select i1 %icmp_ln1496_31, i32 %select_ln86_30, i32 %select_ln86_29" [firmware/nnet_utils/nnet_common.h:86->firmware/nnet_utils/nnet_common.h:55->firmware/nnet_utils/nnet_pooling_stream.h:22->firmware/nnet_utils/nnet_pooling_stream.h:195->firmware/nnet_utils/nnet_pooling_stream.h:238->firmware/nnet_utils/nnet_pooling_stream.h:251]   --->   Operation 104 'select' 'tmp_data_2_V_31' <Predicate = (and_ln185_4)> <Delay = 0.69> <Core = "Sel">   --->   Core 26 'Sel' <Latency = 0> <II = 1> <Delay = 0.69> <FuncUnit> <Opcode : 'select'> <InPorts = 3> <OutPorts = 1>
ST_5 : Operation 105 [1/1] (0.69ns)   --->   "%select_ln86_32 = select i1 %icmp_ln1496_32, i32 %pool_window_1_V_1, i32 %pool_window_0_V_9" [firmware/nnet_utils/nnet_common.h:86->firmware/nnet_utils/nnet_common.h:53->firmware/nnet_utils/nnet_common.h:55->firmware/nnet_utils/nnet_pooling_stream.h:22->firmware/nnet_utils/nnet_pooling_stream.h:195->firmware/nnet_utils/nnet_pooling_stream.h:238->firmware/nnet_utils/nnet_pooling_stream.h:251]   --->   Operation 105 'select' 'select_ln86_32' <Predicate = (and_ln185_4)> <Delay = 0.69> <Core = "Sel">   --->   Core 26 'Sel' <Latency = 0> <II = 1> <Delay = 0.69> <FuncUnit> <Opcode : 'select'> <InPorts = 3> <OutPorts = 1>
ST_5 : Operation 106 [1/1] (0.69ns)   --->   "%select_ln86_33 = select i1 %icmp_ln1496_33, i32 %pool_window_3_V_1, i32 %pool_window_2_V_9" [firmware/nnet_utils/nnet_common.h:86->firmware/nnet_utils/nnet_common.h:53->firmware/nnet_utils/nnet_common.h:55->firmware/nnet_utils/nnet_pooling_stream.h:22->firmware/nnet_utils/nnet_pooling_stream.h:195->firmware/nnet_utils/nnet_pooling_stream.h:238->firmware/nnet_utils/nnet_pooling_stream.h:251]   --->   Operation 106 'select' 'select_ln86_33' <Predicate = (and_ln185_4)> <Delay = 0.69> <Core = "Sel">   --->   Core 26 'Sel' <Latency = 0> <II = 1> <Delay = 0.69> <FuncUnit> <Opcode : 'select'> <InPorts = 3> <OutPorts = 1>
ST_5 : Operation 107 [1/1] (2.47ns)   --->   "%icmp_ln1496_34 = icmp slt i32 %select_ln86_32, %select_ln86_33" [firmware/nnet_utils/nnet_common.h:86->firmware/nnet_utils/nnet_common.h:55->firmware/nnet_utils/nnet_pooling_stream.h:22->firmware/nnet_utils/nnet_pooling_stream.h:195->firmware/nnet_utils/nnet_pooling_stream.h:238->firmware/nnet_utils/nnet_pooling_stream.h:251]   --->   Operation 107 'icmp' 'icmp_ln1496_34' <Predicate = (and_ln185_4)> <Delay = 2.47> <Core = "Cmp">   --->   Core 25 'Cmp' <Latency = 0> <II = 1> <Delay = 2.47> <FuncUnit> <Opcode : 'icmp'> <InPorts = 2> <OutPorts = 1>
ST_5 : Operation 108 [1/1] (0.69ns)   --->   "%tmp_data_3_V_31 = select i1 %icmp_ln1496_34, i32 %select_ln86_33, i32 %select_ln86_32" [firmware/nnet_utils/nnet_common.h:86->firmware/nnet_utils/nnet_common.h:55->firmware/nnet_utils/nnet_pooling_stream.h:22->firmware/nnet_utils/nnet_pooling_stream.h:195->firmware/nnet_utils/nnet_pooling_stream.h:238->firmware/nnet_utils/nnet_pooling_stream.h:251]   --->   Operation 108 'select' 'tmp_data_3_V_31' <Predicate = (and_ln185_4)> <Delay = 0.69> <Core = "Sel">   --->   Core 26 'Sel' <Latency = 0> <II = 1> <Delay = 0.69> <FuncUnit> <Opcode : 'select'> <InPorts = 3> <OutPorts = 1>
ST_5 : Operation 109 [1/1] (1.76ns)   --->   "store i32 %select_ln218, i32* @sX_4, align 4" [firmware/nnet_utils/nnet_pooling_stream.h:218->firmware/nnet_utils/nnet_pooling_stream.h:238->firmware/nnet_utils/nnet_pooling_stream.h:251]   --->   Operation 109 'store' <Predicate = (!icmp_ln203)> <Delay = 1.76>
ST_5 : Operation 110 [1/1] (0.00ns)   --->   "br label %ReadInputWidth_end"   --->   Operation 110 'br' <Predicate = (!icmp_ln203)> <Delay = 0.00>
ST_5 : Operation 111 [1/1] (1.76ns)   --->   "br label %4"   --->   Operation 111 'br' <Predicate = (!icmp_ln233 & icmp_ln203 & !icmp_ln207)> <Delay = 1.76>
ST_5 : Operation 112 [1/1] (1.76ns)   --->   "store i32 0, i32* @pY_4, align 4" [firmware/nnet_utils/nnet_pooling_stream.h:208->firmware/nnet_utils/nnet_pooling_stream.h:238->firmware/nnet_utils/nnet_pooling_stream.h:251]   --->   Operation 112 'store' <Predicate = (!icmp_ln233 & icmp_ln203 & icmp_ln207)> <Delay = 1.76>
ST_5 : Operation 113 [1/1] (1.76ns)   --->   "br label %4" [firmware/nnet_utils/nnet_pooling_stream.h:210->firmware/nnet_utils/nnet_pooling_stream.h:238->firmware/nnet_utils/nnet_pooling_stream.h:251]   --->   Operation 113 'br' <Predicate = (!icmp_ln233 & icmp_ln203 & icmp_ln207)> <Delay = 1.76>

State 6 <SV = 5> <Delay = 2.18>
ST_6 : Operation 114 [1/1] (0.00ns)   --->   "call void (...)* @_ssdm_op_SpecLoopName([31 x i8]* @ReadInputHeight_ReadInputWidth_str)"   --->   Operation 114 'specloopname' <Predicate = (!icmp_ln233)> <Delay = 0.00>
ST_6 : Operation 115 [1/1] (0.00ns)   --->   "%empty_119 = call i32 (...)* @_ssdm_op_SpecLoopTripCount(i64 256, i64 256, i64 256)"   --->   Operation 115 'speclooptripcount' 'empty_119' <Predicate = (!icmp_ln233)> <Delay = 0.00>
ST_6 : Operation 116 [1/1] (0.00ns)   --->   "call void (...)* @_ssdm_op_SpecLoopName([15 x i8]* @p_str54) nounwind" [firmware/nnet_utils/nnet_pooling_stream.h:234->firmware/nnet_utils/nnet_pooling_stream.h:251]   --->   Operation 116 'specloopname' <Predicate = (!icmp_ln233)> <Delay = 0.00>
ST_6 : Operation 117 [1/1] (0.00ns)   --->   "%tmp_s = call i32 (...)* @_ssdm_op_SpecRegionBegin([15 x i8]* @p_str54)" [firmware/nnet_utils/nnet_pooling_stream.h:234->firmware/nnet_utils/nnet_pooling_stream.h:251]   --->   Operation 117 'specregionbegin' 'tmp_s' <Predicate = (!icmp_ln233)> <Delay = 0.00>
ST_6 : Operation 118 [1/1] (0.00ns)   --->   "call void (...)* @_ssdm_op_SpecPipeline(i32 -1, i32 1, i32 1, i32 0, [1 x i8]* @p_str23) nounwind" [firmware/nnet_utils/nnet_pooling_stream.h:236->firmware/nnet_utils/nnet_pooling_stream.h:251]   --->   Operation 118 'specpipeline' <Predicate = (!icmp_ln233)> <Delay = 0.00>
ST_6 : Operation 119 [1/1] (2.18ns)   --->   "call void @_ssdm_op_Write.ap_fifo.volatile.i32P.i32P.i32P.i32P(i32* %res_V_data_0_V, i32* %res_V_data_1_V, i32* %res_V_data_2_V, i32* %res_V_data_3_V, i32 %tmp_data_0_V_33, i32 %tmp_data_1_V_31, i32 %tmp_data_2_V_31, i32 %tmp_data_3_V_31)" [firmware/nnet_utils/nnet_pooling_stream.h:199->firmware/nnet_utils/nnet_pooling_stream.h:238->firmware/nnet_utils/nnet_pooling_stream.h:251]   --->   Operation 119 'write' <Predicate = (and_ln185_4)> <Delay = 2.18> <Core = "FIFO">   --->   Core 32 'FIFO' <Latency = 0> <II = 1> <Delay = 3.63> <Storage> <Opcode : 'read' 'write' 'nbread' 'nbwrite'> <Ports = 0> <Width = 32> <Depth = 3> <FIFO>
ST_6 : Operation 120 [1/1] (0.00ns)   --->   "br label %._crit_edge25.i.i" [firmware/nnet_utils/nnet_pooling_stream.h:200->firmware/nnet_utils/nnet_pooling_stream.h:238->firmware/nnet_utils/nnet_pooling_stream.h:251]   --->   Operation 120 'br' <Predicate = (and_ln185_4)> <Delay = 0.00>
ST_6 : Operation 121 [1/1] (0.00ns)   --->   "%storemerge_i_i = phi i32 [ %select_ln213, %3 ], [ 0, %2 ]" [firmware/nnet_utils/nnet_pooling_stream.h:213->firmware/nnet_utils/nnet_pooling_stream.h:238->firmware/nnet_utils/nnet_pooling_stream.h:251]   --->   Operation 121 'phi' 'storemerge_i_i' <Predicate = (icmp_ln203)> <Delay = 0.00>
ST_6 : Operation 122 [1/1] (0.00ns)   --->   "store i32 %storemerge_i_i, i32* @sY_4, align 4" [firmware/nnet_utils/nnet_pooling_stream.h:209->firmware/nnet_utils/nnet_pooling_stream.h:238->firmware/nnet_utils/nnet_pooling_stream.h:251]   --->   Operation 122 'store' <Predicate = (icmp_ln203)> <Delay = 0.00>
ST_6 : Operation 123 [1/1] (0.00ns)   --->   "br label %ReadInputWidth_end" [firmware/nnet_utils/nnet_pooling_stream.h:215->firmware/nnet_utils/nnet_pooling_stream.h:238->firmware/nnet_utils/nnet_pooling_stream.h:251]   --->   Operation 123 'br' <Predicate = (icmp_ln203)> <Delay = 0.00>
ST_6 : Operation 124 [1/1] (0.00ns)   --->   "%empty = call i32 (...)* @_ssdm_op_SpecRegionEnd([15 x i8]* @p_str54, i32 %tmp_s)" [firmware/nnet_utils/nnet_pooling_stream.h:239->firmware/nnet_utils/nnet_pooling_stream.h:251]   --->   Operation 124 'specregionend' 'empty' <Predicate = (!icmp_ln233)> <Delay = 0.00>
ST_6 : Operation 125 [1/1] (0.00ns)   --->   "br label %0"   --->   Operation 125 'br' <Predicate = (!icmp_ln233)> <Delay = 0.00>

State 7 <SV = 2> <Delay = 0.00>
ST_7 : Operation 126 [1/1] (0.00ns)   --->   "ret void" [firmware/nnet_utils/nnet_pooling_stream.h:257]   --->   Operation 126 'ret' <Predicate = true> <Delay = 0.00>


============================================================
+ Verbose Summary: Timing violations
============================================================
Target clock period: 5ns, clock uncertainty: 0.625ns.

 <State 1>: 1.77ns
The critical path consists of the following:
	multiplexor before 'phi' operation ('indvar_flatten', firmware/nnet_utils/nnet_pooling_stream.h:233->firmware/nnet_utils/nnet_pooling_stream.h:251) with incoming values : ('add_ln233', firmware/nnet_utils/nnet_pooling_stream.h:233->firmware/nnet_utils/nnet_pooling_stream.h:251) [37]  (1.77 ns)

 <State 2>: 1.82ns
The critical path consists of the following:
	'phi' operation ('indvar_flatten', firmware/nnet_utils/nnet_pooling_stream.h:233->firmware/nnet_utils/nnet_pooling_stream.h:251) with incoming values : ('add_ln233', firmware/nnet_utils/nnet_pooling_stream.h:233->firmware/nnet_utils/nnet_pooling_stream.h:251) [37]  (0 ns)
	'add' operation ('add_ln233', firmware/nnet_utils/nnet_pooling_stream.h:233->firmware/nnet_utils/nnet_pooling_stream.h:251) [39]  (1.82 ns)

 <State 3>: 2.19ns
The critical path consists of the following:
	fifo read on port 'data_V_data_0_V' (firmware/nnet_utils/nnet_pooling_stream.h:238->firmware/nnet_utils/nnet_pooling_stream.h:251) [47]  (2.19 ns)

 <State 4>: 4.43ns
The critical path consists of the following:
	'icmp' operation ('icmp_ln203', firmware/nnet_utils/nnet_pooling_stream.h:203->firmware/nnet_utils/nnet_pooling_stream.h:238->firmware/nnet_utils/nnet_pooling_stream.h:251) [125]  (2.47 ns)
	blocking operation 1.96 ns on control path)

 <State 5>: 3.87ns
The critical path consists of the following:
	'select' operation ('select_ln86', firmware/nnet_utils/nnet_common.h:86->firmware/nnet_utils/nnet_common.h:53->firmware/nnet_utils/nnet_common.h:55->firmware/nnet_utils/nnet_pooling_stream.h:22->firmware/nnet_utils/nnet_pooling_stream.h:195->firmware/nnet_utils/nnet_pooling_stream.h:238->firmware/nnet_utils/nnet_pooling_stream.h:251) [99]  (0.698 ns)
	'icmp' operation ('icmp_ln1496_25', firmware/nnet_utils/nnet_common.h:86->firmware/nnet_utils/nnet_common.h:55->firmware/nnet_utils/nnet_pooling_stream.h:22->firmware/nnet_utils/nnet_pooling_stream.h:195->firmware/nnet_utils/nnet_pooling_stream.h:238->firmware/nnet_utils/nnet_pooling_stream.h:251) [102]  (2.47 ns)
	'select' operation ('tmp.data[0].V', firmware/nnet_utils/nnet_common.h:86->firmware/nnet_utils/nnet_common.h:55->firmware/nnet_utils/nnet_pooling_stream.h:22->firmware/nnet_utils/nnet_pooling_stream.h:195->firmware/nnet_utils/nnet_pooling_stream.h:238->firmware/nnet_utils/nnet_pooling_stream.h:251) [103]  (0.698 ns)

 <State 6>: 2.19ns
The critical path consists of the following:
	fifo write on port 'res_V_data_0_V' (firmware/nnet_utils/nnet_pooling_stream.h:199->firmware/nnet_utils/nnet_pooling_stream.h:238->firmware/nnet_utils/nnet_pooling_stream.h:251) [122]  (2.19 ns)

 <State 7>: 0ns
The critical path consists of the following:


============================================================
+ Verbose Summary: Binding
============================================================
N/A
* FSMD analyzer results:
  - Output states:
 - Input state : 
  - Chain level:
	State 1
	State 2
	State 3
	State 4
	State 5
	State 6
	State 7


============================================================
+ Verbose Summary: Datapath Resource usage 
============================================================
N/A
