

================================================================
== Vivado HLS Report for 'shift_line_buffer_array_ap_fixed_4u_config17_s'
================================================================
* Date:           Sat Apr  2 23:58:01 2022

* Version:        2019.2.1 (Build 2724168 on Thu Dec 05 05:19:09 MST 2019)
* Project:        myproject_prj
* Solution:       solution1
* Product family: zynq
* Target device:  xc7z020-clg400-1


================================================================
== Performance Estimates
================================================================
+ Timing: 
    * Summary: 
    +--------+---------+----------+------------+
    |  Clock |  Target | Estimated| Uncertainty|
    +--------+---------+----------+------------+
    |ap_clk  | 5.00 ns | 3.245 ns |   0.62 ns  |
    +--------+---------+----------+------------+

+ Latency: 
    * Summary: 
    +---------+---------+----------+----------+-----+-----+----------+
    |  Latency (cycles) |  Latency (absolute) |  Interval | Pipeline |
    |   min   |   max   |    min   |    max   | min | max |   Type   |
    +---------+---------+----------+----------+-----+-----+----------+
    |        0|        0|   0 ns   |   0 ns   |    1|    1| function |
    +---------+---------+----------+----------+-----+-----+----------+

    + Detail: 
        * Instance: 
        N/A

        * Loop: 
        N/A

============================================================
+ Verbose Summary: Synthesis Manager
============================================================
InlineROM: 1
ExposeGlobal: 0
============================================================
+ Verbose Summary: CDFG Model
============================================================
IsTopModel: 0
ResetActiveHigh: 1
IsCombinational: 0
IsDatapathOnly: 0
HasWiredReturn: 1
HasMFsm: 2
HasVarLatency: 0
IsPipeline: 1
IsRtlPipelined: 0
IsInstanceOverlapped: 0
IsDontTouch: 0
HasImplIP: 0
IsGatedGlobalClock: 0

+ Individual pipeline summary: 
  * Pipeline-0: initiation interval (II) = 1, depth = 1


============================================================
+ Verbose Summary: Schedule
============================================================
* Number of FSM states : 1
* Pipeline : 1
  Pipeline-0 : II = 1, D = 1, States = { 1 }
* Dataflow Pipeline: 0

* FSM state transitions: 
1 --> 

* FSM state operations: 

State 1 <SV = 0> <Delay = 3.24>
ST_1 : Operation 2 [1/1] (0.00ns)   --->   "%kernel_window_35_V_read_4 = call i32 @_ssdm_op_Read.ap_auto.i32(i32 %kernel_window_35_V_read)" [firmware/nnet_utils/nnet_conv_stream.h:209]   --->   Operation 2 'read' 'kernel_window_35_V_read_4' <Predicate = true> <Delay = 0.00>
ST_1 : Operation 3 [1/1] (0.00ns)   --->   "%kernel_window_34_V_read_4 = call i32 @_ssdm_op_Read.ap_auto.i32(i32 %kernel_window_34_V_read)" [firmware/nnet_utils/nnet_conv_stream.h:209]   --->   Operation 3 'read' 'kernel_window_34_V_read_4' <Predicate = true> <Delay = 0.00>
ST_1 : Operation 4 [1/1] (0.00ns)   --->   "%kernel_window_33_V_read_4 = call i32 @_ssdm_op_Read.ap_auto.i32(i32 %kernel_window_33_V_read)" [firmware/nnet_utils/nnet_conv_stream.h:209]   --->   Operation 4 'read' 'kernel_window_33_V_read_4' <Predicate = true> <Delay = 0.00>
ST_1 : Operation 5 [1/1] (0.00ns)   --->   "%kernel_window_32_V_read_4 = call i32 @_ssdm_op_Read.ap_auto.i32(i32 %kernel_window_32_V_read)" [firmware/nnet_utils/nnet_conv_stream.h:209]   --->   Operation 5 'read' 'kernel_window_32_V_read_4' <Predicate = true> <Delay = 0.00>
ST_1 : Operation 6 [1/1] (0.00ns)   --->   "%kernel_window_31_V_read_3 = call i32 @_ssdm_op_Read.ap_auto.i32(i32 %kernel_window_31_V_read)" [firmware/nnet_utils/nnet_conv_stream.h:209]   --->   Operation 6 'read' 'kernel_window_31_V_read_3' <Predicate = true> <Delay = 0.00>
ST_1 : Operation 7 [1/1] (0.00ns)   --->   "%kernel_window_30_V_read_3 = call i32 @_ssdm_op_Read.ap_auto.i32(i32 %kernel_window_30_V_read)" [firmware/nnet_utils/nnet_conv_stream.h:209]   --->   Operation 7 'read' 'kernel_window_30_V_read_3' <Predicate = true> <Delay = 0.00>
ST_1 : Operation 8 [1/1] (0.00ns)   --->   "%kernel_window_29_V_read_3 = call i32 @_ssdm_op_Read.ap_auto.i32(i32 %kernel_window_29_V_read)" [firmware/nnet_utils/nnet_conv_stream.h:209]   --->   Operation 8 'read' 'kernel_window_29_V_read_3' <Predicate = true> <Delay = 0.00>
ST_1 : Operation 9 [1/1] (0.00ns)   --->   "%kernel_window_28_V_read_3 = call i32 @_ssdm_op_Read.ap_auto.i32(i32 %kernel_window_28_V_read)" [firmware/nnet_utils/nnet_conv_stream.h:209]   --->   Operation 9 'read' 'kernel_window_28_V_read_3' <Predicate = true> <Delay = 0.00>
ST_1 : Operation 10 [1/1] (0.00ns)   --->   "%kernel_window_23_V_read_4 = call i32 @_ssdm_op_Read.ap_auto.i32(i32 %kernel_window_23_V_read)" [firmware/nnet_utils/nnet_conv_stream.h:209]   --->   Operation 10 'read' 'kernel_window_23_V_read_4' <Predicate = true> <Delay = 0.00>
ST_1 : Operation 11 [1/1] (0.00ns)   --->   "%kernel_window_22_V_read_4 = call i32 @_ssdm_op_Read.ap_auto.i32(i32 %kernel_window_22_V_read)" [firmware/nnet_utils/nnet_conv_stream.h:209]   --->   Operation 11 'read' 'kernel_window_22_V_read_4' <Predicate = true> <Delay = 0.00>
ST_1 : Operation 12 [1/1] (0.00ns)   --->   "%kernel_window_21_V_read_4 = call i32 @_ssdm_op_Read.ap_auto.i32(i32 %kernel_window_21_V_read)" [firmware/nnet_utils/nnet_conv_stream.h:209]   --->   Operation 12 'read' 'kernel_window_21_V_read_4' <Predicate = true> <Delay = 0.00>
ST_1 : Operation 13 [1/1] (0.00ns)   --->   "%kernel_window_20_V_read_4 = call i32 @_ssdm_op_Read.ap_auto.i32(i32 %kernel_window_20_V_read)" [firmware/nnet_utils/nnet_conv_stream.h:209]   --->   Operation 13 'read' 'kernel_window_20_V_read_4' <Predicate = true> <Delay = 0.00>
ST_1 : Operation 14 [1/1] (0.00ns)   --->   "%kernel_window_19_V_read_4 = call i32 @_ssdm_op_Read.ap_auto.i32(i32 %kernel_window_19_V_read)" [firmware/nnet_utils/nnet_conv_stream.h:209]   --->   Operation 14 'read' 'kernel_window_19_V_read_4' <Predicate = true> <Delay = 0.00>
ST_1 : Operation 15 [1/1] (0.00ns)   --->   "%kernel_window_18_V_read_4 = call i32 @_ssdm_op_Read.ap_auto.i32(i32 %kernel_window_18_V_read)" [firmware/nnet_utils/nnet_conv_stream.h:209]   --->   Operation 15 'read' 'kernel_window_18_V_read_4' <Predicate = true> <Delay = 0.00>
ST_1 : Operation 16 [1/1] (0.00ns)   --->   "%kernel_window_17_V_read_4 = call i32 @_ssdm_op_Read.ap_auto.i32(i32 %kernel_window_17_V_read)" [firmware/nnet_utils/nnet_conv_stream.h:209]   --->   Operation 16 'read' 'kernel_window_17_V_read_4' <Predicate = true> <Delay = 0.00>
ST_1 : Operation 17 [1/1] (0.00ns)   --->   "%kernel_window_16_V_read_4 = call i32 @_ssdm_op_Read.ap_auto.i32(i32 %kernel_window_16_V_read)" [firmware/nnet_utils/nnet_conv_stream.h:209]   --->   Operation 17 'read' 'kernel_window_16_V_read_4' <Predicate = true> <Delay = 0.00>
ST_1 : Operation 18 [1/1] (0.00ns)   --->   "%kernel_window_11_V_read_5 = call i32 @_ssdm_op_Read.ap_auto.i32(i32 %kernel_window_11_V_read)" [firmware/nnet_utils/nnet_conv_stream.h:209]   --->   Operation 18 'read' 'kernel_window_11_V_read_5' <Predicate = true> <Delay = 0.00>
ST_1 : Operation 19 [1/1] (0.00ns)   --->   "%kernel_window_10_V_read_5 = call i32 @_ssdm_op_Read.ap_auto.i32(i32 %kernel_window_10_V_read)" [firmware/nnet_utils/nnet_conv_stream.h:209]   --->   Operation 19 'read' 'kernel_window_10_V_read_5' <Predicate = true> <Delay = 0.00>
ST_1 : Operation 20 [1/1] (0.00ns)   --->   "%kernel_window_9_V_read_5 = call i32 @_ssdm_op_Read.ap_auto.i32(i32 %kernel_window_9_V_read)" [firmware/nnet_utils/nnet_conv_stream.h:209]   --->   Operation 20 'read' 'kernel_window_9_V_read_5' <Predicate = true> <Delay = 0.00>
ST_1 : Operation 21 [1/1] (0.00ns)   --->   "%kernel_window_8_V_read_5 = call i32 @_ssdm_op_Read.ap_auto.i32(i32 %kernel_window_8_V_read)" [firmware/nnet_utils/nnet_conv_stream.h:209]   --->   Operation 21 'read' 'kernel_window_8_V_read_5' <Predicate = true> <Delay = 0.00>
ST_1 : Operation 22 [1/1] (0.00ns)   --->   "%kernel_window_7_V_read_3 = call i32 @_ssdm_op_Read.ap_auto.i32(i32 %kernel_window_7_V_read)" [firmware/nnet_utils/nnet_conv_stream.h:209]   --->   Operation 22 'read' 'kernel_window_7_V_read_3' <Predicate = true> <Delay = 0.00>
ST_1 : Operation 23 [1/1] (0.00ns)   --->   "%kernel_window_6_V_read_3 = call i32 @_ssdm_op_Read.ap_auto.i32(i32 %kernel_window_6_V_read)" [firmware/nnet_utils/nnet_conv_stream.h:209]   --->   Operation 23 'read' 'kernel_window_6_V_read_3' <Predicate = true> <Delay = 0.00>
ST_1 : Operation 24 [1/1] (0.00ns)   --->   "%kernel_window_5_V_read_3 = call i32 @_ssdm_op_Read.ap_auto.i32(i32 %kernel_window_5_V_read)" [firmware/nnet_utils/nnet_conv_stream.h:209]   --->   Operation 24 'read' 'kernel_window_5_V_read_3' <Predicate = true> <Delay = 0.00>
ST_1 : Operation 25 [1/1] (0.00ns)   --->   "%kernel_window_4_V_read_2 = call i32 @_ssdm_op_Read.ap_auto.i32(i32 %kernel_window_4_V_read)" [firmware/nnet_utils/nnet_conv_stream.h:209]   --->   Operation 25 'read' 'kernel_window_4_V_read_2' <Predicate = true> <Delay = 0.00>
ST_1 : Operation 26 [1/1] (0.00ns)   --->   "%in_elem_data_3_V_read_6 = call i32 @_ssdm_op_Read.ap_auto.i32(i32 %in_elem_data_3_V_read)" [firmware/nnet_utils/nnet_conv_stream.h:209]   --->   Operation 26 'read' 'in_elem_data_3_V_read_6' <Predicate = true> <Delay = 0.00>
ST_1 : Operation 27 [1/1] (0.00ns)   --->   "%in_elem_data_2_V_read105 = call i32 @_ssdm_op_Read.ap_auto.i32(i32 %in_elem_data_2_V_read)" [firmware/nnet_utils/nnet_conv_stream.h:209]   --->   Operation 27 'read' 'in_elem_data_2_V_read105' <Predicate = true> <Delay = 0.00>
ST_1 : Operation 28 [1/1] (0.00ns)   --->   "%in_elem_data_1_V_read104 = call i32 @_ssdm_op_Read.ap_auto.i32(i32 %in_elem_data_1_V_read)" [firmware/nnet_utils/nnet_conv_stream.h:209]   --->   Operation 28 'read' 'in_elem_data_1_V_read104' <Predicate = true> <Delay = 0.00>
ST_1 : Operation 29 [1/1] (0.00ns)   --->   "%in_elem_data_0_V_read103 = call i32 @_ssdm_op_Read.ap_auto.i32(i32 %in_elem_data_0_V_read)" [firmware/nnet_utils/nnet_conv_stream.h:209]   --->   Operation 29 'read' 'in_elem_data_0_V_read103' <Predicate = true> <Delay = 0.00>
ST_1 : Operation 30 [1/1] (0.00ns)   --->   "call void (...)* @_ssdm_op_SpecPipeline(i32 -1, i32 1, i32 1, i32 0, [1 x i8]* @p_str23) nounwind" [firmware/nnet_utils/nnet_conv_stream.h:214]   --->   Operation 30 'specpipeline' <Predicate = true> <Delay = 0.00>
ST_1 : Operation 31 [1/1] (1.62ns)   --->   "%DataOut_V_102 = call i32 @"_ssdm_op_MemShiftRead.[18 x i32]P"(i32* getelementptr inbounds ([18 x i32]* @line_buffer_Array_V_4_0_0, i64 0, i64 17), i32 %in_elem_data_0_V_read103, i1 true)" [firmware/nnet_utils/nnet_conv_stream.h:231]   --->   Operation 31 'memshiftread' 'DataOut_V_102' <Predicate = true> <Delay = 1.62> <Core = "ShiftReg">   --->   Core 33 'ShiftReg' <Latency = 0> <II = 1> <Delay = 1.62> <Storage> <Opcode : 'memshiftread' 'load'> <Ports = 1> <Width = 32> <Depth = 18> <ShiftMem>
ST_1 : Operation 32 [1/1] (1.62ns)   --->   "%DataOut_V_103 = call i32 @"_ssdm_op_MemShiftRead.[18 x i32]P"(i32* getelementptr inbounds ([18 x i32]* @line_buffer_Array_V_4_1_0, i64 0, i64 17), i32 %DataOut_V_102, i1 true)" [firmware/nnet_utils/nnet_conv_stream.h:231]   --->   Operation 32 'memshiftread' 'DataOut_V_103' <Predicate = true> <Delay = 1.62> <Core = "ShiftReg">   --->   Core 33 'ShiftReg' <Latency = 0> <II = 1> <Delay = 1.62> <Storage> <Opcode : 'memshiftread' 'load'> <Ports = 1> <Width = 32> <Depth = 18> <ShiftMem>
ST_1 : Operation 33 [1/1] (1.62ns)   --->   "%DataOut_V_104 = call i32 @"_ssdm_op_MemShiftRead.[18 x i32]P"(i32* getelementptr inbounds ([18 x i32]* @line_buffer_Array_V_4_0_1, i64 0, i64 17), i32 %in_elem_data_1_V_read104, i1 true)" [firmware/nnet_utils/nnet_conv_stream.h:231]   --->   Operation 33 'memshiftread' 'DataOut_V_104' <Predicate = true> <Delay = 1.62> <Core = "ShiftReg">   --->   Core 33 'ShiftReg' <Latency = 0> <II = 1> <Delay = 1.62> <Storage> <Opcode : 'memshiftread' 'load'> <Ports = 1> <Width = 32> <Depth = 18> <ShiftMem>
ST_1 : Operation 34 [1/1] (1.62ns)   --->   "%DataOut_V_105 = call i32 @"_ssdm_op_MemShiftRead.[18 x i32]P"(i32* getelementptr inbounds ([18 x i32]* @line_buffer_Array_V_4_1_1, i64 0, i64 17), i32 %DataOut_V_104, i1 true)" [firmware/nnet_utils/nnet_conv_stream.h:231]   --->   Operation 34 'memshiftread' 'DataOut_V_105' <Predicate = true> <Delay = 1.62> <Core = "ShiftReg">   --->   Core 33 'ShiftReg' <Latency = 0> <II = 1> <Delay = 1.62> <Storage> <Opcode : 'memshiftread' 'load'> <Ports = 1> <Width = 32> <Depth = 18> <ShiftMem>
ST_1 : Operation 35 [1/1] (1.62ns)   --->   "%DataOut_V_106 = call i32 @"_ssdm_op_MemShiftRead.[18 x i32]P"(i32* getelementptr inbounds ([18 x i32]* @line_buffer_Array_V_4_0_2, i64 0, i64 17), i32 %in_elem_data_2_V_read105, i1 true)" [firmware/nnet_utils/nnet_conv_stream.h:231]   --->   Operation 35 'memshiftread' 'DataOut_V_106' <Predicate = true> <Delay = 1.62> <Core = "ShiftReg">   --->   Core 33 'ShiftReg' <Latency = 0> <II = 1> <Delay = 1.62> <Storage> <Opcode : 'memshiftread' 'load'> <Ports = 1> <Width = 32> <Depth = 18> <ShiftMem>
ST_1 : Operation 36 [1/1] (1.62ns)   --->   "%DataOut_V_107 = call i32 @"_ssdm_op_MemShiftRead.[18 x i32]P"(i32* getelementptr inbounds ([18 x i32]* @line_buffer_Array_V_4_1_2, i64 0, i64 17), i32 %DataOut_V_106, i1 true)" [firmware/nnet_utils/nnet_conv_stream.h:231]   --->   Operation 36 'memshiftread' 'DataOut_V_107' <Predicate = true> <Delay = 1.62> <Core = "ShiftReg">   --->   Core 33 'ShiftReg' <Latency = 0> <II = 1> <Delay = 1.62> <Storage> <Opcode : 'memshiftread' 'load'> <Ports = 1> <Width = 32> <Depth = 18> <ShiftMem>
ST_1 : Operation 37 [1/1] (1.62ns)   --->   "%DataOut_V_108 = call i32 @"_ssdm_op_MemShiftRead.[18 x i32]P"(i32* getelementptr inbounds ([18 x i32]* @line_buffer_Array_V_4_0_3, i64 0, i64 17), i32 %in_elem_data_3_V_read_6, i1 true)" [firmware/nnet_utils/nnet_conv_stream.h:231]   --->   Operation 37 'memshiftread' 'DataOut_V_108' <Predicate = true> <Delay = 1.62> <Core = "ShiftReg">   --->   Core 33 'ShiftReg' <Latency = 0> <II = 1> <Delay = 1.62> <Storage> <Opcode : 'memshiftread' 'load'> <Ports = 1> <Width = 32> <Depth = 18> <ShiftMem>
ST_1 : Operation 38 [1/1] (1.62ns)   --->   "%DataOut_V = call i32 @"_ssdm_op_MemShiftRead.[18 x i32]P"(i32* getelementptr inbounds ([18 x i32]* @line_buffer_Array_V_4_1_3, i64 0, i64 17), i32 %DataOut_V_108, i1 true)" [firmware/nnet_utils/nnet_conv_stream.h:231]   --->   Operation 38 'memshiftread' 'DataOut_V' <Predicate = true> <Delay = 1.62> <Core = "ShiftReg">   --->   Core 33 'ShiftReg' <Latency = 0> <II = 1> <Delay = 1.62> <Storage> <Opcode : 'memshiftread' 'load'> <Ports = 1> <Width = 32> <Depth = 18> <ShiftMem>
ST_1 : Operation 39 [1/1] (0.00ns)   --->   "%mrv_s = insertvalue { i32, i32, i32, i32, i32, i32, i32, i32, i32, i32, i32, i32, i32, i32, i32, i32, i32, i32, i32, i32, i32, i32, i32, i32, i32, i32, i32, i32, i32, i32, i32, i32, i32, i32, i32, i32 } undef, i32 %kernel_window_4_V_read_2, 0" [firmware/nnet_utils/nnet_conv_stream.h:236]   --->   Operation 39 'insertvalue' 'mrv_s' <Predicate = true> <Delay = 0.00>
ST_1 : Operation 40 [1/1] (0.00ns)   --->   "%mrv_127 = insertvalue { i32, i32, i32, i32, i32, i32, i32, i32, i32, i32, i32, i32, i32, i32, i32, i32, i32, i32, i32, i32, i32, i32, i32, i32, i32, i32, i32, i32, i32, i32, i32, i32, i32, i32, i32, i32 } %mrv_s, i32 %kernel_window_5_V_read_3, 1" [firmware/nnet_utils/nnet_conv_stream.h:236]   --->   Operation 40 'insertvalue' 'mrv_127' <Predicate = true> <Delay = 0.00>
ST_1 : Operation 41 [1/1] (0.00ns)   --->   "%mrv_128 = insertvalue { i32, i32, i32, i32, i32, i32, i32, i32, i32, i32, i32, i32, i32, i32, i32, i32, i32, i32, i32, i32, i32, i32, i32, i32, i32, i32, i32, i32, i32, i32, i32, i32, i32, i32, i32, i32 } %mrv_127, i32 %kernel_window_6_V_read_3, 2" [firmware/nnet_utils/nnet_conv_stream.h:236]   --->   Operation 41 'insertvalue' 'mrv_128' <Predicate = true> <Delay = 0.00>
ST_1 : Operation 42 [1/1] (0.00ns)   --->   "%mrv_129 = insertvalue { i32, i32, i32, i32, i32, i32, i32, i32, i32, i32, i32, i32, i32, i32, i32, i32, i32, i32, i32, i32, i32, i32, i32, i32, i32, i32, i32, i32, i32, i32, i32, i32, i32, i32, i32, i32 } %mrv_128, i32 %kernel_window_7_V_read_3, 3" [firmware/nnet_utils/nnet_conv_stream.h:236]   --->   Operation 42 'insertvalue' 'mrv_129' <Predicate = true> <Delay = 0.00>
ST_1 : Operation 43 [1/1] (0.00ns)   --->   "%mrv_130 = insertvalue { i32, i32, i32, i32, i32, i32, i32, i32, i32, i32, i32, i32, i32, i32, i32, i32, i32, i32, i32, i32, i32, i32, i32, i32, i32, i32, i32, i32, i32, i32, i32, i32, i32, i32, i32, i32 } %mrv_129, i32 %kernel_window_16_V_read_4, 4" [firmware/nnet_utils/nnet_conv_stream.h:236]   --->   Operation 43 'insertvalue' 'mrv_130' <Predicate = true> <Delay = 0.00>
ST_1 : Operation 44 [1/1] (0.00ns)   --->   "%mrv_131 = insertvalue { i32, i32, i32, i32, i32, i32, i32, i32, i32, i32, i32, i32, i32, i32, i32, i32, i32, i32, i32, i32, i32, i32, i32, i32, i32, i32, i32, i32, i32, i32, i32, i32, i32, i32, i32, i32 } %mrv_130, i32 %kernel_window_17_V_read_4, 5" [firmware/nnet_utils/nnet_conv_stream.h:236]   --->   Operation 44 'insertvalue' 'mrv_131' <Predicate = true> <Delay = 0.00>
ST_1 : Operation 45 [1/1] (0.00ns)   --->   "%mrv_132 = insertvalue { i32, i32, i32, i32, i32, i32, i32, i32, i32, i32, i32, i32, i32, i32, i32, i32, i32, i32, i32, i32, i32, i32, i32, i32, i32, i32, i32, i32, i32, i32, i32, i32, i32, i32, i32, i32 } %mrv_131, i32 %kernel_window_18_V_read_4, 6" [firmware/nnet_utils/nnet_conv_stream.h:236]   --->   Operation 45 'insertvalue' 'mrv_132' <Predicate = true> <Delay = 0.00>
ST_1 : Operation 46 [1/1] (0.00ns)   --->   "%mrv_133 = insertvalue { i32, i32, i32, i32, i32, i32, i32, i32, i32, i32, i32, i32, i32, i32, i32, i32, i32, i32, i32, i32, i32, i32, i32, i32, i32, i32, i32, i32, i32, i32, i32, i32, i32, i32, i32, i32 } %mrv_132, i32 %kernel_window_19_V_read_4, 7" [firmware/nnet_utils/nnet_conv_stream.h:236]   --->   Operation 46 'insertvalue' 'mrv_133' <Predicate = true> <Delay = 0.00>
ST_1 : Operation 47 [1/1] (0.00ns)   --->   "%mrv_134 = insertvalue { i32, i32, i32, i32, i32, i32, i32, i32, i32, i32, i32, i32, i32, i32, i32, i32, i32, i32, i32, i32, i32, i32, i32, i32, i32, i32, i32, i32, i32, i32, i32, i32, i32, i32, i32, i32 } %mrv_133, i32 %kernel_window_28_V_read_3, 8" [firmware/nnet_utils/nnet_conv_stream.h:236]   --->   Operation 47 'insertvalue' 'mrv_134' <Predicate = true> <Delay = 0.00>
ST_1 : Operation 48 [1/1] (0.00ns)   --->   "%mrv_135 = insertvalue { i32, i32, i32, i32, i32, i32, i32, i32, i32, i32, i32, i32, i32, i32, i32, i32, i32, i32, i32, i32, i32, i32, i32, i32, i32, i32, i32, i32, i32, i32, i32, i32, i32, i32, i32, i32 } %mrv_134, i32 %kernel_window_29_V_read_3, 9" [firmware/nnet_utils/nnet_conv_stream.h:236]   --->   Operation 48 'insertvalue' 'mrv_135' <Predicate = true> <Delay = 0.00>
ST_1 : Operation 49 [1/1] (0.00ns)   --->   "%mrv_136 = insertvalue { i32, i32, i32, i32, i32, i32, i32, i32, i32, i32, i32, i32, i32, i32, i32, i32, i32, i32, i32, i32, i32, i32, i32, i32, i32, i32, i32, i32, i32, i32, i32, i32, i32, i32, i32, i32 } %mrv_135, i32 %kernel_window_30_V_read_3, 10" [firmware/nnet_utils/nnet_conv_stream.h:236]   --->   Operation 49 'insertvalue' 'mrv_136' <Predicate = true> <Delay = 0.00>
ST_1 : Operation 50 [1/1] (0.00ns)   --->   "%mrv_137 = insertvalue { i32, i32, i32, i32, i32, i32, i32, i32, i32, i32, i32, i32, i32, i32, i32, i32, i32, i32, i32, i32, i32, i32, i32, i32, i32, i32, i32, i32, i32, i32, i32, i32, i32, i32, i32, i32 } %mrv_136, i32 %kernel_window_31_V_read_3, 11" [firmware/nnet_utils/nnet_conv_stream.h:236]   --->   Operation 50 'insertvalue' 'mrv_137' <Predicate = true> <Delay = 0.00>
ST_1 : Operation 51 [1/1] (0.00ns)   --->   "%mrv_12 = insertvalue { i32, i32, i32, i32, i32, i32, i32, i32, i32, i32, i32, i32, i32, i32, i32, i32, i32, i32, i32, i32, i32, i32, i32, i32, i32, i32, i32, i32, i32, i32, i32, i32, i32, i32, i32, i32 } %mrv_137, i32 %kernel_window_8_V_read_5, 12" [firmware/nnet_utils/nnet_conv_stream.h:236]   --->   Operation 51 'insertvalue' 'mrv_12' <Predicate = true> <Delay = 0.00>
ST_1 : Operation 52 [1/1] (0.00ns)   --->   "%mrv_13 = insertvalue { i32, i32, i32, i32, i32, i32, i32, i32, i32, i32, i32, i32, i32, i32, i32, i32, i32, i32, i32, i32, i32, i32, i32, i32, i32, i32, i32, i32, i32, i32, i32, i32, i32, i32, i32, i32 } %mrv_12, i32 %kernel_window_9_V_read_5, 13" [firmware/nnet_utils/nnet_conv_stream.h:236]   --->   Operation 52 'insertvalue' 'mrv_13' <Predicate = true> <Delay = 0.00>
ST_1 : Operation 53 [1/1] (0.00ns)   --->   "%mrv_14 = insertvalue { i32, i32, i32, i32, i32, i32, i32, i32, i32, i32, i32, i32, i32, i32, i32, i32, i32, i32, i32, i32, i32, i32, i32, i32, i32, i32, i32, i32, i32, i32, i32, i32, i32, i32, i32, i32 } %mrv_13, i32 %kernel_window_10_V_read_5, 14" [firmware/nnet_utils/nnet_conv_stream.h:236]   --->   Operation 53 'insertvalue' 'mrv_14' <Predicate = true> <Delay = 0.00>
ST_1 : Operation 54 [1/1] (0.00ns)   --->   "%mrv_15 = insertvalue { i32, i32, i32, i32, i32, i32, i32, i32, i32, i32, i32, i32, i32, i32, i32, i32, i32, i32, i32, i32, i32, i32, i32, i32, i32, i32, i32, i32, i32, i32, i32, i32, i32, i32, i32, i32 } %mrv_14, i32 %kernel_window_11_V_read_5, 15" [firmware/nnet_utils/nnet_conv_stream.h:236]   --->   Operation 54 'insertvalue' 'mrv_15' <Predicate = true> <Delay = 0.00>
ST_1 : Operation 55 [1/1] (0.00ns)   --->   "%mrv_16 = insertvalue { i32, i32, i32, i32, i32, i32, i32, i32, i32, i32, i32, i32, i32, i32, i32, i32, i32, i32, i32, i32, i32, i32, i32, i32, i32, i32, i32, i32, i32, i32, i32, i32, i32, i32, i32, i32 } %mrv_15, i32 %DataOut_V_103, 16" [firmware/nnet_utils/nnet_conv_stream.h:236]   --->   Operation 55 'insertvalue' 'mrv_16' <Predicate = true> <Delay = 0.00>
ST_1 : Operation 56 [1/1] (0.00ns)   --->   "%mrv_17 = insertvalue { i32, i32, i32, i32, i32, i32, i32, i32, i32, i32, i32, i32, i32, i32, i32, i32, i32, i32, i32, i32, i32, i32, i32, i32, i32, i32, i32, i32, i32, i32, i32, i32, i32, i32, i32, i32 } %mrv_16, i32 %DataOut_V_105, 17" [firmware/nnet_utils/nnet_conv_stream.h:236]   --->   Operation 56 'insertvalue' 'mrv_17' <Predicate = true> <Delay = 0.00>
ST_1 : Operation 57 [1/1] (0.00ns)   --->   "%mrv_18 = insertvalue { i32, i32, i32, i32, i32, i32, i32, i32, i32, i32, i32, i32, i32, i32, i32, i32, i32, i32, i32, i32, i32, i32, i32, i32, i32, i32, i32, i32, i32, i32, i32, i32, i32, i32, i32, i32 } %mrv_17, i32 %DataOut_V_107, 18" [firmware/nnet_utils/nnet_conv_stream.h:236]   --->   Operation 57 'insertvalue' 'mrv_18' <Predicate = true> <Delay = 0.00>
ST_1 : Operation 58 [1/1] (0.00ns)   --->   "%mrv_19 = insertvalue { i32, i32, i32, i32, i32, i32, i32, i32, i32, i32, i32, i32, i32, i32, i32, i32, i32, i32, i32, i32, i32, i32, i32, i32, i32, i32, i32, i32, i32, i32, i32, i32, i32, i32, i32, i32 } %mrv_18, i32 %DataOut_V, 19" [firmware/nnet_utils/nnet_conv_stream.h:236]   --->   Operation 58 'insertvalue' 'mrv_19' <Predicate = true> <Delay = 0.00>
ST_1 : Operation 59 [1/1] (0.00ns)   --->   "%mrv_20 = insertvalue { i32, i32, i32, i32, i32, i32, i32, i32, i32, i32, i32, i32, i32, i32, i32, i32, i32, i32, i32, i32, i32, i32, i32, i32, i32, i32, i32, i32, i32, i32, i32, i32, i32, i32, i32, i32 } %mrv_19, i32 %kernel_window_20_V_read_4, 20" [firmware/nnet_utils/nnet_conv_stream.h:236]   --->   Operation 59 'insertvalue' 'mrv_20' <Predicate = true> <Delay = 0.00>
ST_1 : Operation 60 [1/1] (0.00ns)   --->   "%mrv_21 = insertvalue { i32, i32, i32, i32, i32, i32, i32, i32, i32, i32, i32, i32, i32, i32, i32, i32, i32, i32, i32, i32, i32, i32, i32, i32, i32, i32, i32, i32, i32, i32, i32, i32, i32, i32, i32, i32 } %mrv_20, i32 %kernel_window_21_V_read_4, 21" [firmware/nnet_utils/nnet_conv_stream.h:236]   --->   Operation 60 'insertvalue' 'mrv_21' <Predicate = true> <Delay = 0.00>
ST_1 : Operation 61 [1/1] (0.00ns)   --->   "%mrv_22 = insertvalue { i32, i32, i32, i32, i32, i32, i32, i32, i32, i32, i32, i32, i32, i32, i32, i32, i32, i32, i32, i32, i32, i32, i32, i32, i32, i32, i32, i32, i32, i32, i32, i32, i32, i32, i32, i32 } %mrv_21, i32 %kernel_window_22_V_read_4, 22" [firmware/nnet_utils/nnet_conv_stream.h:236]   --->   Operation 61 'insertvalue' 'mrv_22' <Predicate = true> <Delay = 0.00>
ST_1 : Operation 62 [1/1] (0.00ns)   --->   "%mrv_23 = insertvalue { i32, i32, i32, i32, i32, i32, i32, i32, i32, i32, i32, i32, i32, i32, i32, i32, i32, i32, i32, i32, i32, i32, i32, i32, i32, i32, i32, i32, i32, i32, i32, i32, i32, i32, i32, i32 } %mrv_22, i32 %kernel_window_23_V_read_4, 23" [firmware/nnet_utils/nnet_conv_stream.h:236]   --->   Operation 62 'insertvalue' 'mrv_23' <Predicate = true> <Delay = 0.00>
ST_1 : Operation 63 [1/1] (0.00ns)   --->   "%mrv_24 = insertvalue { i32, i32, i32, i32, i32, i32, i32, i32, i32, i32, i32, i32, i32, i32, i32, i32, i32, i32, i32, i32, i32, i32, i32, i32, i32, i32, i32, i32, i32, i32, i32, i32, i32, i32, i32, i32 } %mrv_23, i32 %DataOut_V_102, 24" [firmware/nnet_utils/nnet_conv_stream.h:236]   --->   Operation 63 'insertvalue' 'mrv_24' <Predicate = true> <Delay = 0.00>
ST_1 : Operation 64 [1/1] (0.00ns)   --->   "%mrv_25 = insertvalue { i32, i32, i32, i32, i32, i32, i32, i32, i32, i32, i32, i32, i32, i32, i32, i32, i32, i32, i32, i32, i32, i32, i32, i32, i32, i32, i32, i32, i32, i32, i32, i32, i32, i32, i32, i32 } %mrv_24, i32 %DataOut_V_104, 25" [firmware/nnet_utils/nnet_conv_stream.h:236]   --->   Operation 64 'insertvalue' 'mrv_25' <Predicate = true> <Delay = 0.00>
ST_1 : Operation 65 [1/1] (0.00ns)   --->   "%mrv_26 = insertvalue { i32, i32, i32, i32, i32, i32, i32, i32, i32, i32, i32, i32, i32, i32, i32, i32, i32, i32, i32, i32, i32, i32, i32, i32, i32, i32, i32, i32, i32, i32, i32, i32, i32, i32, i32, i32 } %mrv_25, i32 %DataOut_V_106, 26" [firmware/nnet_utils/nnet_conv_stream.h:236]   --->   Operation 65 'insertvalue' 'mrv_26' <Predicate = true> <Delay = 0.00>
ST_1 : Operation 66 [1/1] (0.00ns)   --->   "%mrv_27 = insertvalue { i32, i32, i32, i32, i32, i32, i32, i32, i32, i32, i32, i32, i32, i32, i32, i32, i32, i32, i32, i32, i32, i32, i32, i32, i32, i32, i32, i32, i32, i32, i32, i32, i32, i32, i32, i32 } %mrv_26, i32 %DataOut_V_108, 27" [firmware/nnet_utils/nnet_conv_stream.h:236]   --->   Operation 66 'insertvalue' 'mrv_27' <Predicate = true> <Delay = 0.00>
ST_1 : Operation 67 [1/1] (0.00ns)   --->   "%mrv_28 = insertvalue { i32, i32, i32, i32, i32, i32, i32, i32, i32, i32, i32, i32, i32, i32, i32, i32, i32, i32, i32, i32, i32, i32, i32, i32, i32, i32, i32, i32, i32, i32, i32, i32, i32, i32, i32, i32 } %mrv_27, i32 %kernel_window_32_V_read_4, 28" [firmware/nnet_utils/nnet_conv_stream.h:236]   --->   Operation 67 'insertvalue' 'mrv_28' <Predicate = true> <Delay = 0.00>
ST_1 : Operation 68 [1/1] (0.00ns)   --->   "%mrv_29 = insertvalue { i32, i32, i32, i32, i32, i32, i32, i32, i32, i32, i32, i32, i32, i32, i32, i32, i32, i32, i32, i32, i32, i32, i32, i32, i32, i32, i32, i32, i32, i32, i32, i32, i32, i32, i32, i32 } %mrv_28, i32 %kernel_window_33_V_read_4, 29" [firmware/nnet_utils/nnet_conv_stream.h:236]   --->   Operation 68 'insertvalue' 'mrv_29' <Predicate = true> <Delay = 0.00>
ST_1 : Operation 69 [1/1] (0.00ns)   --->   "%mrv_30 = insertvalue { i32, i32, i32, i32, i32, i32, i32, i32, i32, i32, i32, i32, i32, i32, i32, i32, i32, i32, i32, i32, i32, i32, i32, i32, i32, i32, i32, i32, i32, i32, i32, i32, i32, i32, i32, i32 } %mrv_29, i32 %kernel_window_34_V_read_4, 30" [firmware/nnet_utils/nnet_conv_stream.h:236]   --->   Operation 69 'insertvalue' 'mrv_30' <Predicate = true> <Delay = 0.00>
ST_1 : Operation 70 [1/1] (0.00ns)   --->   "%mrv_31 = insertvalue { i32, i32, i32, i32, i32, i32, i32, i32, i32, i32, i32, i32, i32, i32, i32, i32, i32, i32, i32, i32, i32, i32, i32, i32, i32, i32, i32, i32, i32, i32, i32, i32, i32, i32, i32, i32 } %mrv_30, i32 %kernel_window_35_V_read_4, 31" [firmware/nnet_utils/nnet_conv_stream.h:236]   --->   Operation 70 'insertvalue' 'mrv_31' <Predicate = true> <Delay = 0.00>
ST_1 : Operation 71 [1/1] (0.00ns)   --->   "%mrv_32 = insertvalue { i32, i32, i32, i32, i32, i32, i32, i32, i32, i32, i32, i32, i32, i32, i32, i32, i32, i32, i32, i32, i32, i32, i32, i32, i32, i32, i32, i32, i32, i32, i32, i32, i32, i32, i32, i32 } %mrv_31, i32 %in_elem_data_0_V_read103, 32" [firmware/nnet_utils/nnet_conv_stream.h:236]   --->   Operation 71 'insertvalue' 'mrv_32' <Predicate = true> <Delay = 0.00>
ST_1 : Operation 72 [1/1] (0.00ns)   --->   "%mrv_33 = insertvalue { i32, i32, i32, i32, i32, i32, i32, i32, i32, i32, i32, i32, i32, i32, i32, i32, i32, i32, i32, i32, i32, i32, i32, i32, i32, i32, i32, i32, i32, i32, i32, i32, i32, i32, i32, i32 } %mrv_32, i32 %in_elem_data_1_V_read104, 33" [firmware/nnet_utils/nnet_conv_stream.h:236]   --->   Operation 72 'insertvalue' 'mrv_33' <Predicate = true> <Delay = 0.00>
ST_1 : Operation 73 [1/1] (0.00ns)   --->   "%mrv_34 = insertvalue { i32, i32, i32, i32, i32, i32, i32, i32, i32, i32, i32, i32, i32, i32, i32, i32, i32, i32, i32, i32, i32, i32, i32, i32, i32, i32, i32, i32, i32, i32, i32, i32, i32, i32, i32, i32 } %mrv_33, i32 %in_elem_data_2_V_read105, 34" [firmware/nnet_utils/nnet_conv_stream.h:236]   --->   Operation 73 'insertvalue' 'mrv_34' <Predicate = true> <Delay = 0.00>
ST_1 : Operation 74 [1/1] (0.00ns)   --->   "%mrv_35 = insertvalue { i32, i32, i32, i32, i32, i32, i32, i32, i32, i32, i32, i32, i32, i32, i32, i32, i32, i32, i32, i32, i32, i32, i32, i32, i32, i32, i32, i32, i32, i32, i32, i32, i32, i32, i32, i32 } %mrv_34, i32 %in_elem_data_3_V_read_6, 35" [firmware/nnet_utils/nnet_conv_stream.h:236]   --->   Operation 74 'insertvalue' 'mrv_35' <Predicate = true> <Delay = 0.00>
ST_1 : Operation 75 [1/1] (0.00ns)   --->   "ret { i32, i32, i32, i32, i32, i32, i32, i32, i32, i32, i32, i32, i32, i32, i32, i32, i32, i32, i32, i32, i32, i32, i32, i32, i32, i32, i32, i32, i32, i32, i32, i32, i32, i32, i32, i32 } %mrv_35" [firmware/nnet_utils/nnet_conv_stream.h:236]   --->   Operation 75 'ret' <Predicate = true> <Delay = 0.00>


============================================================
+ Verbose Summary: Timing violations
============================================================
Target clock period: 5ns, clock uncertainty: 0.625ns.

 <State 1>: 3.25ns
The critical path consists of the following:
	wire read on port 'in_elem_data_3_V_read' (firmware/nnet_utils/nnet_conv_stream.h:209) [53]  (0 ns)
	'memshiftread' operation ('DataOut.V', firmware/nnet_utils/nnet_conv_stream.h:231) [64]  (1.62 ns)
	'memshiftread' operation ('DataOut.V', firmware/nnet_utils/nnet_conv_stream.h:231) [65]  (1.62 ns)


============================================================
+ Verbose Summary: Binding
============================================================
N/A
* FSMD analyzer results:
  - Output states:
 - Input state : 
  - Chain level:
	State 1


============================================================
+ Verbose Summary: Datapath Resource usage 
============================================================
N/A
