

================================================================
== Vivado HLS Report for 'shift_line_buffer_array_ap_fixed_8u_config20_s'
================================================================
* Date:           Sat Apr  2 23:58:05 2022

* Version:        2019.2.1 (Build 2724168 on Thu Dec 05 05:19:09 MST 2019)
* Project:        myproject_prj
* Solution:       solution1
* Product family: zynq
* Target device:  xc7z020-clg400-1


================================================================
== Performance Estimates
================================================================
+ Timing: 
    * Summary: 
    +--------+---------+----------+------------+
    |  Clock |  Target | Estimated| Uncertainty|
    +--------+---------+----------+------------+
    |ap_clk  | 5.00 ns | 3.245 ns |   0.62 ns  |
    +--------+---------+----------+------------+

+ Latency: 
    * Summary: 
    +---------+---------+----------+----------+-----+-----+----------+
    |  Latency (cycles) |  Latency (absolute) |  Interval | Pipeline |
    |   min   |   max   |    min   |    max   | min | max |   Type   |
    +---------+---------+----------+----------+-----+-----+----------+
    |        0|        0|   0 ns   |   0 ns   |    1|    1| function |
    +---------+---------+----------+----------+-----+-----+----------+

    + Detail: 
        * Instance: 
        N/A

        * Loop: 
        N/A

============================================================
+ Verbose Summary: Synthesis Manager
============================================================
InlineROM: 1
ExposeGlobal: 0
============================================================
+ Verbose Summary: CDFG Model
============================================================
IsTopModel: 0
ResetActiveHigh: 1
IsCombinational: 0
IsDatapathOnly: 0
HasWiredReturn: 1
HasMFsm: 2
HasVarLatency: 0
IsPipeline: 1
IsRtlPipelined: 0
IsInstanceOverlapped: 0
IsDontTouch: 0
HasImplIP: 0
IsGatedGlobalClock: 0

+ Individual pipeline summary: 
  * Pipeline-0: initiation interval (II) = 1, depth = 1


============================================================
+ Verbose Summary: Schedule
============================================================
* Number of FSM states : 1
* Pipeline : 1
  Pipeline-0 : II = 1, D = 1, States = { 1 }
* Dataflow Pipeline: 0

* FSM state transitions: 
1 --> 

* FSM state operations: 

State 1 <SV = 0> <Delay = 3.24>
ST_1 : Operation 2 [1/1] (0.00ns)   --->   "%kernel_window_71_V_read_2 = call i32 @_ssdm_op_Read.ap_auto.i32(i32 %kernel_window_71_V_read)" [firmware/nnet_utils/nnet_conv_stream.h:209]   --->   Operation 2 'read' 'kernel_window_71_V_read_2' <Predicate = true> <Delay = 0.00>
ST_1 : Operation 3 [1/1] (0.00ns)   --->   "%kernel_window_70_V_read_2 = call i32 @_ssdm_op_Read.ap_auto.i32(i32 %kernel_window_70_V_read)" [firmware/nnet_utils/nnet_conv_stream.h:209]   --->   Operation 3 'read' 'kernel_window_70_V_read_2' <Predicate = true> <Delay = 0.00>
ST_1 : Operation 4 [1/1] (0.00ns)   --->   "%kernel_window_69_V_read_2 = call i32 @_ssdm_op_Read.ap_auto.i32(i32 %kernel_window_69_V_read)" [firmware/nnet_utils/nnet_conv_stream.h:209]   --->   Operation 4 'read' 'kernel_window_69_V_read_2' <Predicate = true> <Delay = 0.00>
ST_1 : Operation 5 [1/1] (0.00ns)   --->   "%kernel_window_68_V_read_2 = call i32 @_ssdm_op_Read.ap_auto.i32(i32 %kernel_window_68_V_read)" [firmware/nnet_utils/nnet_conv_stream.h:209]   --->   Operation 5 'read' 'kernel_window_68_V_read_2' <Predicate = true> <Delay = 0.00>
ST_1 : Operation 6 [1/1] (0.00ns)   --->   "%kernel_window_67_V_read_2 = call i32 @_ssdm_op_Read.ap_auto.i32(i32 %kernel_window_67_V_read)" [firmware/nnet_utils/nnet_conv_stream.h:209]   --->   Operation 6 'read' 'kernel_window_67_V_read_2' <Predicate = true> <Delay = 0.00>
ST_1 : Operation 7 [1/1] (0.00ns)   --->   "%kernel_window_66_V_read_2 = call i32 @_ssdm_op_Read.ap_auto.i32(i32 %kernel_window_66_V_read)" [firmware/nnet_utils/nnet_conv_stream.h:209]   --->   Operation 7 'read' 'kernel_window_66_V_read_2' <Predicate = true> <Delay = 0.00>
ST_1 : Operation 8 [1/1] (0.00ns)   --->   "%kernel_window_65_V_read_2 = call i32 @_ssdm_op_Read.ap_auto.i32(i32 %kernel_window_65_V_read)" [firmware/nnet_utils/nnet_conv_stream.h:209]   --->   Operation 8 'read' 'kernel_window_65_V_read_2' <Predicate = true> <Delay = 0.00>
ST_1 : Operation 9 [1/1] (0.00ns)   --->   "%kernel_window_64_V_read_2 = call i32 @_ssdm_op_Read.ap_auto.i32(i32 %kernel_window_64_V_read)" [firmware/nnet_utils/nnet_conv_stream.h:209]   --->   Operation 9 'read' 'kernel_window_64_V_read_2' <Predicate = true> <Delay = 0.00>
ST_1 : Operation 10 [1/1] (0.00ns)   --->   "%kernel_window_63_V_read_2 = call i32 @_ssdm_op_Read.ap_auto.i32(i32 %kernel_window_63_V_read)" [firmware/nnet_utils/nnet_conv_stream.h:209]   --->   Operation 10 'read' 'kernel_window_63_V_read_2' <Predicate = true> <Delay = 0.00>
ST_1 : Operation 11 [1/1] (0.00ns)   --->   "%kernel_window_62_V_read_2 = call i32 @_ssdm_op_Read.ap_auto.i32(i32 %kernel_window_62_V_read)" [firmware/nnet_utils/nnet_conv_stream.h:209]   --->   Operation 11 'read' 'kernel_window_62_V_read_2' <Predicate = true> <Delay = 0.00>
ST_1 : Operation 12 [1/1] (0.00ns)   --->   "%kernel_window_61_V_read_2 = call i32 @_ssdm_op_Read.ap_auto.i32(i32 %kernel_window_61_V_read)" [firmware/nnet_utils/nnet_conv_stream.h:209]   --->   Operation 12 'read' 'kernel_window_61_V_read_2' <Predicate = true> <Delay = 0.00>
ST_1 : Operation 13 [1/1] (0.00ns)   --->   "%kernel_window_60_V_read_2 = call i32 @_ssdm_op_Read.ap_auto.i32(i32 %kernel_window_60_V_read)" [firmware/nnet_utils/nnet_conv_stream.h:209]   --->   Operation 13 'read' 'kernel_window_60_V_read_2' <Predicate = true> <Delay = 0.00>
ST_1 : Operation 14 [1/1] (0.00ns)   --->   "%kernel_window_59_V_read_2 = call i32 @_ssdm_op_Read.ap_auto.i32(i32 %kernel_window_59_V_read)" [firmware/nnet_utils/nnet_conv_stream.h:209]   --->   Operation 14 'read' 'kernel_window_59_V_read_2' <Predicate = true> <Delay = 0.00>
ST_1 : Operation 15 [1/1] (0.00ns)   --->   "%kernel_window_58_V_read_2 = call i32 @_ssdm_op_Read.ap_auto.i32(i32 %kernel_window_58_V_read)" [firmware/nnet_utils/nnet_conv_stream.h:209]   --->   Operation 15 'read' 'kernel_window_58_V_read_2' <Predicate = true> <Delay = 0.00>
ST_1 : Operation 16 [1/1] (0.00ns)   --->   "%kernel_window_57_V_read_2 = call i32 @_ssdm_op_Read.ap_auto.i32(i32 %kernel_window_57_V_read)" [firmware/nnet_utils/nnet_conv_stream.h:209]   --->   Operation 16 'read' 'kernel_window_57_V_read_2' <Predicate = true> <Delay = 0.00>
ST_1 : Operation 17 [1/1] (0.00ns)   --->   "%kernel_window_56_V_read_2 = call i32 @_ssdm_op_Read.ap_auto.i32(i32 %kernel_window_56_V_read)" [firmware/nnet_utils/nnet_conv_stream.h:209]   --->   Operation 17 'read' 'kernel_window_56_V_read_2' <Predicate = true> <Delay = 0.00>
ST_1 : Operation 18 [1/1] (0.00ns)   --->   "%kernel_window_47_V_read_2 = call i32 @_ssdm_op_Read.ap_auto.i32(i32 %kernel_window_47_V_read)" [firmware/nnet_utils/nnet_conv_stream.h:209]   --->   Operation 18 'read' 'kernel_window_47_V_read_2' <Predicate = true> <Delay = 0.00>
ST_1 : Operation 19 [1/1] (0.00ns)   --->   "%kernel_window_46_V_read_2 = call i32 @_ssdm_op_Read.ap_auto.i32(i32 %kernel_window_46_V_read)" [firmware/nnet_utils/nnet_conv_stream.h:209]   --->   Operation 19 'read' 'kernel_window_46_V_read_2' <Predicate = true> <Delay = 0.00>
ST_1 : Operation 20 [1/1] (0.00ns)   --->   "%kernel_window_45_V_read_2 = call i32 @_ssdm_op_Read.ap_auto.i32(i32 %kernel_window_45_V_read)" [firmware/nnet_utils/nnet_conv_stream.h:209]   --->   Operation 20 'read' 'kernel_window_45_V_read_2' <Predicate = true> <Delay = 0.00>
ST_1 : Operation 21 [1/1] (0.00ns)   --->   "%kernel_window_44_V_read_2 = call i32 @_ssdm_op_Read.ap_auto.i32(i32 %kernel_window_44_V_read)" [firmware/nnet_utils/nnet_conv_stream.h:209]   --->   Operation 21 'read' 'kernel_window_44_V_read_2' <Predicate = true> <Delay = 0.00>
ST_1 : Operation 22 [1/1] (0.00ns)   --->   "%kernel_window_43_V_read_2 = call i32 @_ssdm_op_Read.ap_auto.i32(i32 %kernel_window_43_V_read)" [firmware/nnet_utils/nnet_conv_stream.h:209]   --->   Operation 22 'read' 'kernel_window_43_V_read_2' <Predicate = true> <Delay = 0.00>
ST_1 : Operation 23 [1/1] (0.00ns)   --->   "%kernel_window_42_V_read_2 = call i32 @_ssdm_op_Read.ap_auto.i32(i32 %kernel_window_42_V_read)" [firmware/nnet_utils/nnet_conv_stream.h:209]   --->   Operation 23 'read' 'kernel_window_42_V_read_2' <Predicate = true> <Delay = 0.00>
ST_1 : Operation 24 [1/1] (0.00ns)   --->   "%kernel_window_41_V_read_2 = call i32 @_ssdm_op_Read.ap_auto.i32(i32 %kernel_window_41_V_read)" [firmware/nnet_utils/nnet_conv_stream.h:209]   --->   Operation 24 'read' 'kernel_window_41_V_read_2' <Predicate = true> <Delay = 0.00>
ST_1 : Operation 25 [1/1] (0.00ns)   --->   "%kernel_window_40_V_read_2 = call i32 @_ssdm_op_Read.ap_auto.i32(i32 %kernel_window_40_V_read)" [firmware/nnet_utils/nnet_conv_stream.h:209]   --->   Operation 25 'read' 'kernel_window_40_V_read_2' <Predicate = true> <Delay = 0.00>
ST_1 : Operation 26 [1/1] (0.00ns)   --->   "%kernel_window_39_V_read_2 = call i32 @_ssdm_op_Read.ap_auto.i32(i32 %kernel_window_39_V_read)" [firmware/nnet_utils/nnet_conv_stream.h:209]   --->   Operation 26 'read' 'kernel_window_39_V_read_2' <Predicate = true> <Delay = 0.00>
ST_1 : Operation 27 [1/1] (0.00ns)   --->   "%kernel_window_38_V_read_2 = call i32 @_ssdm_op_Read.ap_auto.i32(i32 %kernel_window_38_V_read)" [firmware/nnet_utils/nnet_conv_stream.h:209]   --->   Operation 27 'read' 'kernel_window_38_V_read_2' <Predicate = true> <Delay = 0.00>
ST_1 : Operation 28 [1/1] (0.00ns)   --->   "%kernel_window_37_V_read_2 = call i32 @_ssdm_op_Read.ap_auto.i32(i32 %kernel_window_37_V_read)" [firmware/nnet_utils/nnet_conv_stream.h:209]   --->   Operation 28 'read' 'kernel_window_37_V_read_2' <Predicate = true> <Delay = 0.00>
ST_1 : Operation 29 [1/1] (0.00ns)   --->   "%kernel_window_36_V_read_2 = call i32 @_ssdm_op_Read.ap_auto.i32(i32 %kernel_window_36_V_read)" [firmware/nnet_utils/nnet_conv_stream.h:209]   --->   Operation 29 'read' 'kernel_window_36_V_read_2' <Predicate = true> <Delay = 0.00>
ST_1 : Operation 30 [1/1] (0.00ns)   --->   "%kernel_window_35_V_read_2 = call i32 @_ssdm_op_Read.ap_auto.i32(i32 %kernel_window_35_V_read)" [firmware/nnet_utils/nnet_conv_stream.h:209]   --->   Operation 30 'read' 'kernel_window_35_V_read_2' <Predicate = true> <Delay = 0.00>
ST_1 : Operation 31 [1/1] (0.00ns)   --->   "%kernel_window_34_V_read_2 = call i32 @_ssdm_op_Read.ap_auto.i32(i32 %kernel_window_34_V_read)" [firmware/nnet_utils/nnet_conv_stream.h:209]   --->   Operation 31 'read' 'kernel_window_34_V_read_2' <Predicate = true> <Delay = 0.00>
ST_1 : Operation 32 [1/1] (0.00ns)   --->   "%kernel_window_33_V_read_2 = call i32 @_ssdm_op_Read.ap_auto.i32(i32 %kernel_window_33_V_read)" [firmware/nnet_utils/nnet_conv_stream.h:209]   --->   Operation 32 'read' 'kernel_window_33_V_read_2' <Predicate = true> <Delay = 0.00>
ST_1 : Operation 33 [1/1] (0.00ns)   --->   "%kernel_window_32_V_read_2 = call i32 @_ssdm_op_Read.ap_auto.i32(i32 %kernel_window_32_V_read)" [firmware/nnet_utils/nnet_conv_stream.h:209]   --->   Operation 33 'read' 'kernel_window_32_V_read_2' <Predicate = true> <Delay = 0.00>
ST_1 : Operation 34 [1/1] (0.00ns)   --->   "%kernel_window_23_V_read_2 = call i32 @_ssdm_op_Read.ap_auto.i32(i32 %kernel_window_23_V_read)" [firmware/nnet_utils/nnet_conv_stream.h:209]   --->   Operation 34 'read' 'kernel_window_23_V_read_2' <Predicate = true> <Delay = 0.00>
ST_1 : Operation 35 [1/1] (0.00ns)   --->   "%kernel_window_22_V_read_2 = call i32 @_ssdm_op_Read.ap_auto.i32(i32 %kernel_window_22_V_read)" [firmware/nnet_utils/nnet_conv_stream.h:209]   --->   Operation 35 'read' 'kernel_window_22_V_read_2' <Predicate = true> <Delay = 0.00>
ST_1 : Operation 36 [1/1] (0.00ns)   --->   "%kernel_window_21_V_read_2 = call i32 @_ssdm_op_Read.ap_auto.i32(i32 %kernel_window_21_V_read)" [firmware/nnet_utils/nnet_conv_stream.h:209]   --->   Operation 36 'read' 'kernel_window_21_V_read_2' <Predicate = true> <Delay = 0.00>
ST_1 : Operation 37 [1/1] (0.00ns)   --->   "%kernel_window_20_V_read_2 = call i32 @_ssdm_op_Read.ap_auto.i32(i32 %kernel_window_20_V_read)" [firmware/nnet_utils/nnet_conv_stream.h:209]   --->   Operation 37 'read' 'kernel_window_20_V_read_2' <Predicate = true> <Delay = 0.00>
ST_1 : Operation 38 [1/1] (0.00ns)   --->   "%kernel_window_19_V_read_2 = call i32 @_ssdm_op_Read.ap_auto.i32(i32 %kernel_window_19_V_read)" [firmware/nnet_utils/nnet_conv_stream.h:209]   --->   Operation 38 'read' 'kernel_window_19_V_read_2' <Predicate = true> <Delay = 0.00>
ST_1 : Operation 39 [1/1] (0.00ns)   --->   "%kernel_window_18_V_read_2 = call i32 @_ssdm_op_Read.ap_auto.i32(i32 %kernel_window_18_V_read)" [firmware/nnet_utils/nnet_conv_stream.h:209]   --->   Operation 39 'read' 'kernel_window_18_V_read_2' <Predicate = true> <Delay = 0.00>
ST_1 : Operation 40 [1/1] (0.00ns)   --->   "%kernel_window_17_V_read_2 = call i32 @_ssdm_op_Read.ap_auto.i32(i32 %kernel_window_17_V_read)" [firmware/nnet_utils/nnet_conv_stream.h:209]   --->   Operation 40 'read' 'kernel_window_17_V_read_2' <Predicate = true> <Delay = 0.00>
ST_1 : Operation 41 [1/1] (0.00ns)   --->   "%kernel_window_16_V_read_2 = call i32 @_ssdm_op_Read.ap_auto.i32(i32 %kernel_window_16_V_read)" [firmware/nnet_utils/nnet_conv_stream.h:209]   --->   Operation 41 'read' 'kernel_window_16_V_read_2' <Predicate = true> <Delay = 0.00>
ST_1 : Operation 42 [1/1] (0.00ns)   --->   "%kernel_window_15_V_read_3 = call i32 @_ssdm_op_Read.ap_auto.i32(i32 %kernel_window_15_V_read)" [firmware/nnet_utils/nnet_conv_stream.h:209]   --->   Operation 42 'read' 'kernel_window_15_V_read_3' <Predicate = true> <Delay = 0.00>
ST_1 : Operation 43 [1/1] (0.00ns)   --->   "%kernel_window_14_V_read_3 = call i32 @_ssdm_op_Read.ap_auto.i32(i32 %kernel_window_14_V_read)" [firmware/nnet_utils/nnet_conv_stream.h:209]   --->   Operation 43 'read' 'kernel_window_14_V_read_3' <Predicate = true> <Delay = 0.00>
ST_1 : Operation 44 [1/1] (0.00ns)   --->   "%kernel_window_13_V_read_3 = call i32 @_ssdm_op_Read.ap_auto.i32(i32 %kernel_window_13_V_read)" [firmware/nnet_utils/nnet_conv_stream.h:209]   --->   Operation 44 'read' 'kernel_window_13_V_read_3' <Predicate = true> <Delay = 0.00>
ST_1 : Operation 45 [1/1] (0.00ns)   --->   "%kernel_window_12_V_read_3 = call i32 @_ssdm_op_Read.ap_auto.i32(i32 %kernel_window_12_V_read)" [firmware/nnet_utils/nnet_conv_stream.h:209]   --->   Operation 45 'read' 'kernel_window_12_V_read_3' <Predicate = true> <Delay = 0.00>
ST_1 : Operation 46 [1/1] (0.00ns)   --->   "%kernel_window_11_V_read_3 = call i32 @_ssdm_op_Read.ap_auto.i32(i32 %kernel_window_11_V_read)" [firmware/nnet_utils/nnet_conv_stream.h:209]   --->   Operation 46 'read' 'kernel_window_11_V_read_3' <Predicate = true> <Delay = 0.00>
ST_1 : Operation 47 [1/1] (0.00ns)   --->   "%kernel_window_10_V_read_3 = call i32 @_ssdm_op_Read.ap_auto.i32(i32 %kernel_window_10_V_read)" [firmware/nnet_utils/nnet_conv_stream.h:209]   --->   Operation 47 'read' 'kernel_window_10_V_read_3' <Predicate = true> <Delay = 0.00>
ST_1 : Operation 48 [1/1] (0.00ns)   --->   "%kernel_window_9_V_read_3 = call i32 @_ssdm_op_Read.ap_auto.i32(i32 %kernel_window_9_V_read)" [firmware/nnet_utils/nnet_conv_stream.h:209]   --->   Operation 48 'read' 'kernel_window_9_V_read_3' <Predicate = true> <Delay = 0.00>
ST_1 : Operation 49 [1/1] (0.00ns)   --->   "%kernel_window_8_V_read_3 = call i32 @_ssdm_op_Read.ap_auto.i32(i32 %kernel_window_8_V_read)" [firmware/nnet_utils/nnet_conv_stream.h:209]   --->   Operation 49 'read' 'kernel_window_8_V_read_3' <Predicate = true> <Delay = 0.00>
ST_1 : Operation 50 [1/1] (0.00ns)   --->   "%in_elem_data_7_V_read_3 = call i32 @_ssdm_op_Read.ap_auto.i32(i32 %in_elem_data_7_V_read)" [firmware/nnet_utils/nnet_conv_stream.h:209]   --->   Operation 50 'read' 'in_elem_data_7_V_read_3' <Predicate = true> <Delay = 0.00>
ST_1 : Operation 51 [1/1] (0.00ns)   --->   "%in_elem_data_6_V_read_3 = call i32 @_ssdm_op_Read.ap_auto.i32(i32 %in_elem_data_6_V_read)" [firmware/nnet_utils/nnet_conv_stream.h:209]   --->   Operation 51 'read' 'in_elem_data_6_V_read_3' <Predicate = true> <Delay = 0.00>
ST_1 : Operation 52 [1/1] (0.00ns)   --->   "%in_elem_data_5_V_read_3 = call i32 @_ssdm_op_Read.ap_auto.i32(i32 %in_elem_data_5_V_read)" [firmware/nnet_utils/nnet_conv_stream.h:209]   --->   Operation 52 'read' 'in_elem_data_5_V_read_3' <Predicate = true> <Delay = 0.00>
ST_1 : Operation 53 [1/1] (0.00ns)   --->   "%in_elem_data_4_V_read_3 = call i32 @_ssdm_op_Read.ap_auto.i32(i32 %in_elem_data_4_V_read)" [firmware/nnet_utils/nnet_conv_stream.h:209]   --->   Operation 53 'read' 'in_elem_data_4_V_read_3' <Predicate = true> <Delay = 0.00>
ST_1 : Operation 54 [1/1] (0.00ns)   --->   "%in_elem_data_3_V_read_3 = call i32 @_ssdm_op_Read.ap_auto.i32(i32 %in_elem_data_3_V_read)" [firmware/nnet_utils/nnet_conv_stream.h:209]   --->   Operation 54 'read' 'in_elem_data_3_V_read_3' <Predicate = true> <Delay = 0.00>
ST_1 : Operation 55 [1/1] (0.00ns)   --->   "%in_elem_data_2_V_read_3 = call i32 @_ssdm_op_Read.ap_auto.i32(i32 %in_elem_data_2_V_read)" [firmware/nnet_utils/nnet_conv_stream.h:209]   --->   Operation 55 'read' 'in_elem_data_2_V_read_3' <Predicate = true> <Delay = 0.00>
ST_1 : Operation 56 [1/1] (0.00ns)   --->   "%in_elem_data_1_V_read_3 = call i32 @_ssdm_op_Read.ap_auto.i32(i32 %in_elem_data_1_V_read)" [firmware/nnet_utils/nnet_conv_stream.h:209]   --->   Operation 56 'read' 'in_elem_data_1_V_read_3' <Predicate = true> <Delay = 0.00>
ST_1 : Operation 57 [1/1] (0.00ns)   --->   "%in_elem_data_0_V_read_3 = call i32 @_ssdm_op_Read.ap_auto.i32(i32 %in_elem_data_0_V_read)" [firmware/nnet_utils/nnet_conv_stream.h:209]   --->   Operation 57 'read' 'in_elem_data_0_V_read_3' <Predicate = true> <Delay = 0.00>
ST_1 : Operation 58 [1/1] (0.00ns)   --->   "call void (...)* @_ssdm_op_SpecPipeline(i32 -1, i32 1, i32 1, i32 0, [1 x i8]* @p_str23) nounwind" [firmware/nnet_utils/nnet_conv_stream.h:214]   --->   Operation 58 'specpipeline' <Predicate = true> <Delay = 0.00>
ST_1 : Operation 59 [1/1] (1.62ns)   --->   "%DataOut_V_60 = call i32 @"_ssdm_op_MemShiftRead.[34 x i32]P"(i32* getelementptr inbounds ([34 x i32]* @line_buffer_Array_V_5_0_0, i64 0, i64 33), i32 %in_elem_data_0_V_read_3, i1 true)" [firmware/nnet_utils/nnet_conv_stream.h:231]   --->   Operation 59 'memshiftread' 'DataOut_V_60' <Predicate = true> <Delay = 1.62> <Core = "ShiftReg">   --->   Core 33 'ShiftReg' <Latency = 0> <II = 1> <Delay = 1.62> <Storage> <Opcode : 'memshiftread' 'load'> <Ports = 1> <Width = 32> <Depth = 34> <ShiftMem>
ST_1 : Operation 60 [1/1] (1.62ns)   --->   "%DataOut_V_61 = call i32 @"_ssdm_op_MemShiftRead.[34 x i32]P"(i32* getelementptr inbounds ([34 x i32]* @line_buffer_Array_V_5_1_0, i64 0, i64 33), i32 %DataOut_V_60, i1 true)" [firmware/nnet_utils/nnet_conv_stream.h:231]   --->   Operation 60 'memshiftread' 'DataOut_V_61' <Predicate = true> <Delay = 1.62> <Core = "ShiftReg">   --->   Core 33 'ShiftReg' <Latency = 0> <II = 1> <Delay = 1.62> <Storage> <Opcode : 'memshiftread' 'load'> <Ports = 1> <Width = 32> <Depth = 34> <ShiftMem>
ST_1 : Operation 61 [1/1] (1.62ns)   --->   "%DataOut_V_62 = call i32 @"_ssdm_op_MemShiftRead.[34 x i32]P"(i32* getelementptr inbounds ([34 x i32]* @line_buffer_Array_V_5_0_1, i64 0, i64 33), i32 %in_elem_data_1_V_read_3, i1 true)" [firmware/nnet_utils/nnet_conv_stream.h:231]   --->   Operation 61 'memshiftread' 'DataOut_V_62' <Predicate = true> <Delay = 1.62> <Core = "ShiftReg">   --->   Core 33 'ShiftReg' <Latency = 0> <II = 1> <Delay = 1.62> <Storage> <Opcode : 'memshiftread' 'load'> <Ports = 1> <Width = 32> <Depth = 34> <ShiftMem>
ST_1 : Operation 62 [1/1] (1.62ns)   --->   "%DataOut_V_63 = call i32 @"_ssdm_op_MemShiftRead.[34 x i32]P"(i32* getelementptr inbounds ([34 x i32]* @line_buffer_Array_V_5_1_1, i64 0, i64 33), i32 %DataOut_V_62, i1 true)" [firmware/nnet_utils/nnet_conv_stream.h:231]   --->   Operation 62 'memshiftread' 'DataOut_V_63' <Predicate = true> <Delay = 1.62> <Core = "ShiftReg">   --->   Core 33 'ShiftReg' <Latency = 0> <II = 1> <Delay = 1.62> <Storage> <Opcode : 'memshiftread' 'load'> <Ports = 1> <Width = 32> <Depth = 34> <ShiftMem>
ST_1 : Operation 63 [1/1] (1.62ns)   --->   "%DataOut_V_64 = call i32 @"_ssdm_op_MemShiftRead.[34 x i32]P"(i32* getelementptr inbounds ([34 x i32]* @line_buffer_Array_V_5_0_2, i64 0, i64 33), i32 %in_elem_data_2_V_read_3, i1 true)" [firmware/nnet_utils/nnet_conv_stream.h:231]   --->   Operation 63 'memshiftread' 'DataOut_V_64' <Predicate = true> <Delay = 1.62> <Core = "ShiftReg">   --->   Core 33 'ShiftReg' <Latency = 0> <II = 1> <Delay = 1.62> <Storage> <Opcode : 'memshiftread' 'load'> <Ports = 1> <Width = 32> <Depth = 34> <ShiftMem>
ST_1 : Operation 64 [1/1] (1.62ns)   --->   "%DataOut_V_65 = call i32 @"_ssdm_op_MemShiftRead.[34 x i32]P"(i32* getelementptr inbounds ([34 x i32]* @line_buffer_Array_V_5_1_2, i64 0, i64 33), i32 %DataOut_V_64, i1 true)" [firmware/nnet_utils/nnet_conv_stream.h:231]   --->   Operation 64 'memshiftread' 'DataOut_V_65' <Predicate = true> <Delay = 1.62> <Core = "ShiftReg">   --->   Core 33 'ShiftReg' <Latency = 0> <II = 1> <Delay = 1.62> <Storage> <Opcode : 'memshiftread' 'load'> <Ports = 1> <Width = 32> <Depth = 34> <ShiftMem>
ST_1 : Operation 65 [1/1] (1.62ns)   --->   "%DataOut_V_66 = call i32 @"_ssdm_op_MemShiftRead.[34 x i32]P"(i32* getelementptr inbounds ([34 x i32]* @line_buffer_Array_V_5_0_3, i64 0, i64 33), i32 %in_elem_data_3_V_read_3, i1 true)" [firmware/nnet_utils/nnet_conv_stream.h:231]   --->   Operation 65 'memshiftread' 'DataOut_V_66' <Predicate = true> <Delay = 1.62> <Core = "ShiftReg">   --->   Core 33 'ShiftReg' <Latency = 0> <II = 1> <Delay = 1.62> <Storage> <Opcode : 'memshiftread' 'load'> <Ports = 1> <Width = 32> <Depth = 34> <ShiftMem>
ST_1 : Operation 66 [1/1] (1.62ns)   --->   "%DataOut_V_67 = call i32 @"_ssdm_op_MemShiftRead.[34 x i32]P"(i32* getelementptr inbounds ([34 x i32]* @line_buffer_Array_V_5_1_3, i64 0, i64 33), i32 %DataOut_V_66, i1 true)" [firmware/nnet_utils/nnet_conv_stream.h:231]   --->   Operation 66 'memshiftread' 'DataOut_V_67' <Predicate = true> <Delay = 1.62> <Core = "ShiftReg">   --->   Core 33 'ShiftReg' <Latency = 0> <II = 1> <Delay = 1.62> <Storage> <Opcode : 'memshiftread' 'load'> <Ports = 1> <Width = 32> <Depth = 34> <ShiftMem>
ST_1 : Operation 67 [1/1] (1.62ns)   --->   "%DataOut_V_68 = call i32 @"_ssdm_op_MemShiftRead.[34 x i32]P"(i32* getelementptr inbounds ([34 x i32]* @line_buffer_Array_V_5_0_4, i64 0, i64 33), i32 %in_elem_data_4_V_read_3, i1 true)" [firmware/nnet_utils/nnet_conv_stream.h:231]   --->   Operation 67 'memshiftread' 'DataOut_V_68' <Predicate = true> <Delay = 1.62> <Core = "ShiftReg">   --->   Core 33 'ShiftReg' <Latency = 0> <II = 1> <Delay = 1.62> <Storage> <Opcode : 'memshiftread' 'load'> <Ports = 1> <Width = 32> <Depth = 34> <ShiftMem>
ST_1 : Operation 68 [1/1] (1.62ns)   --->   "%DataOut_V_69 = call i32 @"_ssdm_op_MemShiftRead.[34 x i32]P"(i32* getelementptr inbounds ([34 x i32]* @line_buffer_Array_V_5_1_4, i64 0, i64 33), i32 %DataOut_V_68, i1 true)" [firmware/nnet_utils/nnet_conv_stream.h:231]   --->   Operation 68 'memshiftread' 'DataOut_V_69' <Predicate = true> <Delay = 1.62> <Core = "ShiftReg">   --->   Core 33 'ShiftReg' <Latency = 0> <II = 1> <Delay = 1.62> <Storage> <Opcode : 'memshiftread' 'load'> <Ports = 1> <Width = 32> <Depth = 34> <ShiftMem>
ST_1 : Operation 69 [1/1] (1.62ns)   --->   "%DataOut_V_70 = call i32 @"_ssdm_op_MemShiftRead.[34 x i32]P"(i32* getelementptr inbounds ([34 x i32]* @line_buffer_Array_V_5_0_5, i64 0, i64 33), i32 %in_elem_data_5_V_read_3, i1 true)" [firmware/nnet_utils/nnet_conv_stream.h:231]   --->   Operation 69 'memshiftread' 'DataOut_V_70' <Predicate = true> <Delay = 1.62> <Core = "ShiftReg">   --->   Core 33 'ShiftReg' <Latency = 0> <II = 1> <Delay = 1.62> <Storage> <Opcode : 'memshiftread' 'load'> <Ports = 1> <Width = 32> <Depth = 34> <ShiftMem>
ST_1 : Operation 70 [1/1] (1.62ns)   --->   "%DataOut_V_71 = call i32 @"_ssdm_op_MemShiftRead.[34 x i32]P"(i32* getelementptr inbounds ([34 x i32]* @line_buffer_Array_V_5_1_5, i64 0, i64 33), i32 %DataOut_V_70, i1 true)" [firmware/nnet_utils/nnet_conv_stream.h:231]   --->   Operation 70 'memshiftread' 'DataOut_V_71' <Predicate = true> <Delay = 1.62> <Core = "ShiftReg">   --->   Core 33 'ShiftReg' <Latency = 0> <II = 1> <Delay = 1.62> <Storage> <Opcode : 'memshiftread' 'load'> <Ports = 1> <Width = 32> <Depth = 34> <ShiftMem>
ST_1 : Operation 71 [1/1] (1.62ns)   --->   "%DataOut_V_72 = call i32 @"_ssdm_op_MemShiftRead.[34 x i32]P"(i32* getelementptr inbounds ([34 x i32]* @line_buffer_Array_V_5_0_6, i64 0, i64 33), i32 %in_elem_data_6_V_read_3, i1 true)" [firmware/nnet_utils/nnet_conv_stream.h:231]   --->   Operation 71 'memshiftread' 'DataOut_V_72' <Predicate = true> <Delay = 1.62> <Core = "ShiftReg">   --->   Core 33 'ShiftReg' <Latency = 0> <II = 1> <Delay = 1.62> <Storage> <Opcode : 'memshiftread' 'load'> <Ports = 1> <Width = 32> <Depth = 34> <ShiftMem>
ST_1 : Operation 72 [1/1] (1.62ns)   --->   "%DataOut_V_73 = call i32 @"_ssdm_op_MemShiftRead.[34 x i32]P"(i32* getelementptr inbounds ([34 x i32]* @line_buffer_Array_V_5_1_6, i64 0, i64 33), i32 %DataOut_V_72, i1 true)" [firmware/nnet_utils/nnet_conv_stream.h:231]   --->   Operation 72 'memshiftread' 'DataOut_V_73' <Predicate = true> <Delay = 1.62> <Core = "ShiftReg">   --->   Core 33 'ShiftReg' <Latency = 0> <II = 1> <Delay = 1.62> <Storage> <Opcode : 'memshiftread' 'load'> <Ports = 1> <Width = 32> <Depth = 34> <ShiftMem>
ST_1 : Operation 73 [1/1] (1.62ns)   --->   "%DataOut_V_74 = call i32 @"_ssdm_op_MemShiftRead.[34 x i32]P"(i32* getelementptr inbounds ([34 x i32]* @line_buffer_Array_V_5_0_7, i64 0, i64 33), i32 %in_elem_data_7_V_read_3, i1 true)" [firmware/nnet_utils/nnet_conv_stream.h:231]   --->   Operation 73 'memshiftread' 'DataOut_V_74' <Predicate = true> <Delay = 1.62> <Core = "ShiftReg">   --->   Core 33 'ShiftReg' <Latency = 0> <II = 1> <Delay = 1.62> <Storage> <Opcode : 'memshiftread' 'load'> <Ports = 1> <Width = 32> <Depth = 34> <ShiftMem>
ST_1 : Operation 74 [1/1] (1.62ns)   --->   "%DataOut_V = call i32 @"_ssdm_op_MemShiftRead.[34 x i32]P"(i32* getelementptr inbounds ([34 x i32]* @line_buffer_Array_V_5_1_7, i64 0, i64 33), i32 %DataOut_V_74, i1 true)" [firmware/nnet_utils/nnet_conv_stream.h:231]   --->   Operation 74 'memshiftread' 'DataOut_V' <Predicate = true> <Delay = 1.62> <Core = "ShiftReg">   --->   Core 33 'ShiftReg' <Latency = 0> <II = 1> <Delay = 1.62> <Storage> <Opcode : 'memshiftread' 'load'> <Ports = 1> <Width = 32> <Depth = 34> <ShiftMem>
ST_1 : Operation 75 [1/1] (0.00ns)   --->   "%mrv_s = insertvalue { i32, i32, i32, i32, i32, i32, i32, i32, i32, i32, i32, i32, i32, i32, i32, i32, i32, i32, i32, i32, i32, i32, i32, i32, i32, i32, i32, i32, i32, i32, i32, i32, i32, i32, i32, i32, i32, i32, i32, i32, i32, i32, i32, i32, i32, i32, i32, i32, i32, i32, i32, i32, i32, i32, i32, i32, i32, i32, i32, i32, i32, i32, i32, i32, i32, i32, i32, i32, i32, i32, i32, i32 } undef, i32 %kernel_window_8_V_read_3, 0" [firmware/nnet_utils/nnet_conv_stream.h:236]   --->   Operation 75 'insertvalue' 'mrv_s' <Predicate = true> <Delay = 0.00>
ST_1 : Operation 76 [1/1] (0.00ns)   --->   "%mrv_87 = insertvalue { i32, i32, i32, i32, i32, i32, i32, i32, i32, i32, i32, i32, i32, i32, i32, i32, i32, i32, i32, i32, i32, i32, i32, i32, i32, i32, i32, i32, i32, i32, i32, i32, i32, i32, i32, i32, i32, i32, i32, i32, i32, i32, i32, i32, i32, i32, i32, i32, i32, i32, i32, i32, i32, i32, i32, i32, i32, i32, i32, i32, i32, i32, i32, i32, i32, i32, i32, i32, i32, i32, i32, i32 } %mrv_s, i32 %kernel_window_9_V_read_3, 1" [firmware/nnet_utils/nnet_conv_stream.h:236]   --->   Operation 76 'insertvalue' 'mrv_87' <Predicate = true> <Delay = 0.00>
ST_1 : Operation 77 [1/1] (0.00ns)   --->   "%mrv_88 = insertvalue { i32, i32, i32, i32, i32, i32, i32, i32, i32, i32, i32, i32, i32, i32, i32, i32, i32, i32, i32, i32, i32, i32, i32, i32, i32, i32, i32, i32, i32, i32, i32, i32, i32, i32, i32, i32, i32, i32, i32, i32, i32, i32, i32, i32, i32, i32, i32, i32, i32, i32, i32, i32, i32, i32, i32, i32, i32, i32, i32, i32, i32, i32, i32, i32, i32, i32, i32, i32, i32, i32, i32, i32 } %mrv_87, i32 %kernel_window_10_V_read_3, 2" [firmware/nnet_utils/nnet_conv_stream.h:236]   --->   Operation 77 'insertvalue' 'mrv_88' <Predicate = true> <Delay = 0.00>
ST_1 : Operation 78 [1/1] (0.00ns)   --->   "%mrv_89 = insertvalue { i32, i32, i32, i32, i32, i32, i32, i32, i32, i32, i32, i32, i32, i32, i32, i32, i32, i32, i32, i32, i32, i32, i32, i32, i32, i32, i32, i32, i32, i32, i32, i32, i32, i32, i32, i32, i32, i32, i32, i32, i32, i32, i32, i32, i32, i32, i32, i32, i32, i32, i32, i32, i32, i32, i32, i32, i32, i32, i32, i32, i32, i32, i32, i32, i32, i32, i32, i32, i32, i32, i32, i32 } %mrv_88, i32 %kernel_window_11_V_read_3, 3" [firmware/nnet_utils/nnet_conv_stream.h:236]   --->   Operation 78 'insertvalue' 'mrv_89' <Predicate = true> <Delay = 0.00>
ST_1 : Operation 79 [1/1] (0.00ns)   --->   "%mrv_90 = insertvalue { i32, i32, i32, i32, i32, i32, i32, i32, i32, i32, i32, i32, i32, i32, i32, i32, i32, i32, i32, i32, i32, i32, i32, i32, i32, i32, i32, i32, i32, i32, i32, i32, i32, i32, i32, i32, i32, i32, i32, i32, i32, i32, i32, i32, i32, i32, i32, i32, i32, i32, i32, i32, i32, i32, i32, i32, i32, i32, i32, i32, i32, i32, i32, i32, i32, i32, i32, i32, i32, i32, i32, i32 } %mrv_89, i32 %kernel_window_12_V_read_3, 4" [firmware/nnet_utils/nnet_conv_stream.h:236]   --->   Operation 79 'insertvalue' 'mrv_90' <Predicate = true> <Delay = 0.00>
ST_1 : Operation 80 [1/1] (0.00ns)   --->   "%mrv_91 = insertvalue { i32, i32, i32, i32, i32, i32, i32, i32, i32, i32, i32, i32, i32, i32, i32, i32, i32, i32, i32, i32, i32, i32, i32, i32, i32, i32, i32, i32, i32, i32, i32, i32, i32, i32, i32, i32, i32, i32, i32, i32, i32, i32, i32, i32, i32, i32, i32, i32, i32, i32, i32, i32, i32, i32, i32, i32, i32, i32, i32, i32, i32, i32, i32, i32, i32, i32, i32, i32, i32, i32, i32, i32 } %mrv_90, i32 %kernel_window_13_V_read_3, 5" [firmware/nnet_utils/nnet_conv_stream.h:236]   --->   Operation 80 'insertvalue' 'mrv_91' <Predicate = true> <Delay = 0.00>
ST_1 : Operation 81 [1/1] (0.00ns)   --->   "%mrv_92 = insertvalue { i32, i32, i32, i32, i32, i32, i32, i32, i32, i32, i32, i32, i32, i32, i32, i32, i32, i32, i32, i32, i32, i32, i32, i32, i32, i32, i32, i32, i32, i32, i32, i32, i32, i32, i32, i32, i32, i32, i32, i32, i32, i32, i32, i32, i32, i32, i32, i32, i32, i32, i32, i32, i32, i32, i32, i32, i32, i32, i32, i32, i32, i32, i32, i32, i32, i32, i32, i32, i32, i32, i32, i32 } %mrv_91, i32 %kernel_window_14_V_read_3, 6" [firmware/nnet_utils/nnet_conv_stream.h:236]   --->   Operation 81 'insertvalue' 'mrv_92' <Predicate = true> <Delay = 0.00>
ST_1 : Operation 82 [1/1] (0.00ns)   --->   "%mrv_93 = insertvalue { i32, i32, i32, i32, i32, i32, i32, i32, i32, i32, i32, i32, i32, i32, i32, i32, i32, i32, i32, i32, i32, i32, i32, i32, i32, i32, i32, i32, i32, i32, i32, i32, i32, i32, i32, i32, i32, i32, i32, i32, i32, i32, i32, i32, i32, i32, i32, i32, i32, i32, i32, i32, i32, i32, i32, i32, i32, i32, i32, i32, i32, i32, i32, i32, i32, i32, i32, i32, i32, i32, i32, i32 } %mrv_92, i32 %kernel_window_15_V_read_3, 7" [firmware/nnet_utils/nnet_conv_stream.h:236]   --->   Operation 82 'insertvalue' 'mrv_93' <Predicate = true> <Delay = 0.00>
ST_1 : Operation 83 [1/1] (0.00ns)   --->   "%mrv_94 = insertvalue { i32, i32, i32, i32, i32, i32, i32, i32, i32, i32, i32, i32, i32, i32, i32, i32, i32, i32, i32, i32, i32, i32, i32, i32, i32, i32, i32, i32, i32, i32, i32, i32, i32, i32, i32, i32, i32, i32, i32, i32, i32, i32, i32, i32, i32, i32, i32, i32, i32, i32, i32, i32, i32, i32, i32, i32, i32, i32, i32, i32, i32, i32, i32, i32, i32, i32, i32, i32, i32, i32, i32, i32 } %mrv_93, i32 %kernel_window_32_V_read_2, 8" [firmware/nnet_utils/nnet_conv_stream.h:236]   --->   Operation 83 'insertvalue' 'mrv_94' <Predicate = true> <Delay = 0.00>
ST_1 : Operation 84 [1/1] (0.00ns)   --->   "%mrv_95 = insertvalue { i32, i32, i32, i32, i32, i32, i32, i32, i32, i32, i32, i32, i32, i32, i32, i32, i32, i32, i32, i32, i32, i32, i32, i32, i32, i32, i32, i32, i32, i32, i32, i32, i32, i32, i32, i32, i32, i32, i32, i32, i32, i32, i32, i32, i32, i32, i32, i32, i32, i32, i32, i32, i32, i32, i32, i32, i32, i32, i32, i32, i32, i32, i32, i32, i32, i32, i32, i32, i32, i32, i32, i32 } %mrv_94, i32 %kernel_window_33_V_read_2, 9" [firmware/nnet_utils/nnet_conv_stream.h:236]   --->   Operation 84 'insertvalue' 'mrv_95' <Predicate = true> <Delay = 0.00>
ST_1 : Operation 85 [1/1] (0.00ns)   --->   "%mrv_96 = insertvalue { i32, i32, i32, i32, i32, i32, i32, i32, i32, i32, i32, i32, i32, i32, i32, i32, i32, i32, i32, i32, i32, i32, i32, i32, i32, i32, i32, i32, i32, i32, i32, i32, i32, i32, i32, i32, i32, i32, i32, i32, i32, i32, i32, i32, i32, i32, i32, i32, i32, i32, i32, i32, i32, i32, i32, i32, i32, i32, i32, i32, i32, i32, i32, i32, i32, i32, i32, i32, i32, i32, i32, i32 } %mrv_95, i32 %kernel_window_34_V_read_2, 10" [firmware/nnet_utils/nnet_conv_stream.h:236]   --->   Operation 85 'insertvalue' 'mrv_96' <Predicate = true> <Delay = 0.00>
ST_1 : Operation 86 [1/1] (0.00ns)   --->   "%mrv_97 = insertvalue { i32, i32, i32, i32, i32, i32, i32, i32, i32, i32, i32, i32, i32, i32, i32, i32, i32, i32, i32, i32, i32, i32, i32, i32, i32, i32, i32, i32, i32, i32, i32, i32, i32, i32, i32, i32, i32, i32, i32, i32, i32, i32, i32, i32, i32, i32, i32, i32, i32, i32, i32, i32, i32, i32, i32, i32, i32, i32, i32, i32, i32, i32, i32, i32, i32, i32, i32, i32, i32, i32, i32, i32 } %mrv_96, i32 %kernel_window_35_V_read_2, 11" [firmware/nnet_utils/nnet_conv_stream.h:236]   --->   Operation 86 'insertvalue' 'mrv_97' <Predicate = true> <Delay = 0.00>
ST_1 : Operation 87 [1/1] (0.00ns)   --->   "%mrv_98 = insertvalue { i32, i32, i32, i32, i32, i32, i32, i32, i32, i32, i32, i32, i32, i32, i32, i32, i32, i32, i32, i32, i32, i32, i32, i32, i32, i32, i32, i32, i32, i32, i32, i32, i32, i32, i32, i32, i32, i32, i32, i32, i32, i32, i32, i32, i32, i32, i32, i32, i32, i32, i32, i32, i32, i32, i32, i32, i32, i32, i32, i32, i32, i32, i32, i32, i32, i32, i32, i32, i32, i32, i32, i32 } %mrv_97, i32 %kernel_window_36_V_read_2, 12" [firmware/nnet_utils/nnet_conv_stream.h:236]   --->   Operation 87 'insertvalue' 'mrv_98' <Predicate = true> <Delay = 0.00>
ST_1 : Operation 88 [1/1] (0.00ns)   --->   "%mrv_99 = insertvalue { i32, i32, i32, i32, i32, i32, i32, i32, i32, i32, i32, i32, i32, i32, i32, i32, i32, i32, i32, i32, i32, i32, i32, i32, i32, i32, i32, i32, i32, i32, i32, i32, i32, i32, i32, i32, i32, i32, i32, i32, i32, i32, i32, i32, i32, i32, i32, i32, i32, i32, i32, i32, i32, i32, i32, i32, i32, i32, i32, i32, i32, i32, i32, i32, i32, i32, i32, i32, i32, i32, i32, i32 } %mrv_98, i32 %kernel_window_37_V_read_2, 13" [firmware/nnet_utils/nnet_conv_stream.h:236]   --->   Operation 88 'insertvalue' 'mrv_99' <Predicate = true> <Delay = 0.00>
ST_1 : Operation 89 [1/1] (0.00ns)   --->   "%mrv_100 = insertvalue { i32, i32, i32, i32, i32, i32, i32, i32, i32, i32, i32, i32, i32, i32, i32, i32, i32, i32, i32, i32, i32, i32, i32, i32, i32, i32, i32, i32, i32, i32, i32, i32, i32, i32, i32, i32, i32, i32, i32, i32, i32, i32, i32, i32, i32, i32, i32, i32, i32, i32, i32, i32, i32, i32, i32, i32, i32, i32, i32, i32, i32, i32, i32, i32, i32, i32, i32, i32, i32, i32, i32, i32 } %mrv_99, i32 %kernel_window_38_V_read_2, 14" [firmware/nnet_utils/nnet_conv_stream.h:236]   --->   Operation 89 'insertvalue' 'mrv_100' <Predicate = true> <Delay = 0.00>
ST_1 : Operation 90 [1/1] (0.00ns)   --->   "%mrv_101 = insertvalue { i32, i32, i32, i32, i32, i32, i32, i32, i32, i32, i32, i32, i32, i32, i32, i32, i32, i32, i32, i32, i32, i32, i32, i32, i32, i32, i32, i32, i32, i32, i32, i32, i32, i32, i32, i32, i32, i32, i32, i32, i32, i32, i32, i32, i32, i32, i32, i32, i32, i32, i32, i32, i32, i32, i32, i32, i32, i32, i32, i32, i32, i32, i32, i32, i32, i32, i32, i32, i32, i32, i32, i32 } %mrv_100, i32 %kernel_window_39_V_read_2, 15" [firmware/nnet_utils/nnet_conv_stream.h:236]   --->   Operation 90 'insertvalue' 'mrv_101' <Predicate = true> <Delay = 0.00>
ST_1 : Operation 91 [1/1] (0.00ns)   --->   "%mrv_102 = insertvalue { i32, i32, i32, i32, i32, i32, i32, i32, i32, i32, i32, i32, i32, i32, i32, i32, i32, i32, i32, i32, i32, i32, i32, i32, i32, i32, i32, i32, i32, i32, i32, i32, i32, i32, i32, i32, i32, i32, i32, i32, i32, i32, i32, i32, i32, i32, i32, i32, i32, i32, i32, i32, i32, i32, i32, i32, i32, i32, i32, i32, i32, i32, i32, i32, i32, i32, i32, i32, i32, i32, i32, i32 } %mrv_101, i32 %kernel_window_56_V_read_2, 16" [firmware/nnet_utils/nnet_conv_stream.h:236]   --->   Operation 91 'insertvalue' 'mrv_102' <Predicate = true> <Delay = 0.00>
ST_1 : Operation 92 [1/1] (0.00ns)   --->   "%mrv_103 = insertvalue { i32, i32, i32, i32, i32, i32, i32, i32, i32, i32, i32, i32, i32, i32, i32, i32, i32, i32, i32, i32, i32, i32, i32, i32, i32, i32, i32, i32, i32, i32, i32, i32, i32, i32, i32, i32, i32, i32, i32, i32, i32, i32, i32, i32, i32, i32, i32, i32, i32, i32, i32, i32, i32, i32, i32, i32, i32, i32, i32, i32, i32, i32, i32, i32, i32, i32, i32, i32, i32, i32, i32, i32 } %mrv_102, i32 %kernel_window_57_V_read_2, 17" [firmware/nnet_utils/nnet_conv_stream.h:236]   --->   Operation 92 'insertvalue' 'mrv_103' <Predicate = true> <Delay = 0.00>
ST_1 : Operation 93 [1/1] (0.00ns)   --->   "%mrv_104 = insertvalue { i32, i32, i32, i32, i32, i32, i32, i32, i32, i32, i32, i32, i32, i32, i32, i32, i32, i32, i32, i32, i32, i32, i32, i32, i32, i32, i32, i32, i32, i32, i32, i32, i32, i32, i32, i32, i32, i32, i32, i32, i32, i32, i32, i32, i32, i32, i32, i32, i32, i32, i32, i32, i32, i32, i32, i32, i32, i32, i32, i32, i32, i32, i32, i32, i32, i32, i32, i32, i32, i32, i32, i32 } %mrv_103, i32 %kernel_window_58_V_read_2, 18" [firmware/nnet_utils/nnet_conv_stream.h:236]   --->   Operation 93 'insertvalue' 'mrv_104' <Predicate = true> <Delay = 0.00>
ST_1 : Operation 94 [1/1] (0.00ns)   --->   "%mrv_105 = insertvalue { i32, i32, i32, i32, i32, i32, i32, i32, i32, i32, i32, i32, i32, i32, i32, i32, i32, i32, i32, i32, i32, i32, i32, i32, i32, i32, i32, i32, i32, i32, i32, i32, i32, i32, i32, i32, i32, i32, i32, i32, i32, i32, i32, i32, i32, i32, i32, i32, i32, i32, i32, i32, i32, i32, i32, i32, i32, i32, i32, i32, i32, i32, i32, i32, i32, i32, i32, i32, i32, i32, i32, i32 } %mrv_104, i32 %kernel_window_59_V_read_2, 19" [firmware/nnet_utils/nnet_conv_stream.h:236]   --->   Operation 94 'insertvalue' 'mrv_105' <Predicate = true> <Delay = 0.00>
ST_1 : Operation 95 [1/1] (0.00ns)   --->   "%mrv_106 = insertvalue { i32, i32, i32, i32, i32, i32, i32, i32, i32, i32, i32, i32, i32, i32, i32, i32, i32, i32, i32, i32, i32, i32, i32, i32, i32, i32, i32, i32, i32, i32, i32, i32, i32, i32, i32, i32, i32, i32, i32, i32, i32, i32, i32, i32, i32, i32, i32, i32, i32, i32, i32, i32, i32, i32, i32, i32, i32, i32, i32, i32, i32, i32, i32, i32, i32, i32, i32, i32, i32, i32, i32, i32 } %mrv_105, i32 %kernel_window_60_V_read_2, 20" [firmware/nnet_utils/nnet_conv_stream.h:236]   --->   Operation 95 'insertvalue' 'mrv_106' <Predicate = true> <Delay = 0.00>
ST_1 : Operation 96 [1/1] (0.00ns)   --->   "%mrv_107 = insertvalue { i32, i32, i32, i32, i32, i32, i32, i32, i32, i32, i32, i32, i32, i32, i32, i32, i32, i32, i32, i32, i32, i32, i32, i32, i32, i32, i32, i32, i32, i32, i32, i32, i32, i32, i32, i32, i32, i32, i32, i32, i32, i32, i32, i32, i32, i32, i32, i32, i32, i32, i32, i32, i32, i32, i32, i32, i32, i32, i32, i32, i32, i32, i32, i32, i32, i32, i32, i32, i32, i32, i32, i32 } %mrv_106, i32 %kernel_window_61_V_read_2, 21" [firmware/nnet_utils/nnet_conv_stream.h:236]   --->   Operation 96 'insertvalue' 'mrv_107' <Predicate = true> <Delay = 0.00>
ST_1 : Operation 97 [1/1] (0.00ns)   --->   "%mrv_108 = insertvalue { i32, i32, i32, i32, i32, i32, i32, i32, i32, i32, i32, i32, i32, i32, i32, i32, i32, i32, i32, i32, i32, i32, i32, i32, i32, i32, i32, i32, i32, i32, i32, i32, i32, i32, i32, i32, i32, i32, i32, i32, i32, i32, i32, i32, i32, i32, i32, i32, i32, i32, i32, i32, i32, i32, i32, i32, i32, i32, i32, i32, i32, i32, i32, i32, i32, i32, i32, i32, i32, i32, i32, i32 } %mrv_107, i32 %kernel_window_62_V_read_2, 22" [firmware/nnet_utils/nnet_conv_stream.h:236]   --->   Operation 97 'insertvalue' 'mrv_108' <Predicate = true> <Delay = 0.00>
ST_1 : Operation 98 [1/1] (0.00ns)   --->   "%mrv_109 = insertvalue { i32, i32, i32, i32, i32, i32, i32, i32, i32, i32, i32, i32, i32, i32, i32, i32, i32, i32, i32, i32, i32, i32, i32, i32, i32, i32, i32, i32, i32, i32, i32, i32, i32, i32, i32, i32, i32, i32, i32, i32, i32, i32, i32, i32, i32, i32, i32, i32, i32, i32, i32, i32, i32, i32, i32, i32, i32, i32, i32, i32, i32, i32, i32, i32, i32, i32, i32, i32, i32, i32, i32, i32 } %mrv_108, i32 %kernel_window_63_V_read_2, 23" [firmware/nnet_utils/nnet_conv_stream.h:236]   --->   Operation 98 'insertvalue' 'mrv_109' <Predicate = true> <Delay = 0.00>
ST_1 : Operation 99 [1/1] (0.00ns)   --->   "%mrv_24 = insertvalue { i32, i32, i32, i32, i32, i32, i32, i32, i32, i32, i32, i32, i32, i32, i32, i32, i32, i32, i32, i32, i32, i32, i32, i32, i32, i32, i32, i32, i32, i32, i32, i32, i32, i32, i32, i32, i32, i32, i32, i32, i32, i32, i32, i32, i32, i32, i32, i32, i32, i32, i32, i32, i32, i32, i32, i32, i32, i32, i32, i32, i32, i32, i32, i32, i32, i32, i32, i32, i32, i32, i32, i32 } %mrv_109, i32 %kernel_window_16_V_read_2, 24" [firmware/nnet_utils/nnet_conv_stream.h:236]   --->   Operation 99 'insertvalue' 'mrv_24' <Predicate = true> <Delay = 0.00>
ST_1 : Operation 100 [1/1] (0.00ns)   --->   "%mrv_25 = insertvalue { i32, i32, i32, i32, i32, i32, i32, i32, i32, i32, i32, i32, i32, i32, i32, i32, i32, i32, i32, i32, i32, i32, i32, i32, i32, i32, i32, i32, i32, i32, i32, i32, i32, i32, i32, i32, i32, i32, i32, i32, i32, i32, i32, i32, i32, i32, i32, i32, i32, i32, i32, i32, i32, i32, i32, i32, i32, i32, i32, i32, i32, i32, i32, i32, i32, i32, i32, i32, i32, i32, i32, i32 } %mrv_24, i32 %kernel_window_17_V_read_2, 25" [firmware/nnet_utils/nnet_conv_stream.h:236]   --->   Operation 100 'insertvalue' 'mrv_25' <Predicate = true> <Delay = 0.00>
ST_1 : Operation 101 [1/1] (0.00ns)   --->   "%mrv_26 = insertvalue { i32, i32, i32, i32, i32, i32, i32, i32, i32, i32, i32, i32, i32, i32, i32, i32, i32, i32, i32, i32, i32, i32, i32, i32, i32, i32, i32, i32, i32, i32, i32, i32, i32, i32, i32, i32, i32, i32, i32, i32, i32, i32, i32, i32, i32, i32, i32, i32, i32, i32, i32, i32, i32, i32, i32, i32, i32, i32, i32, i32, i32, i32, i32, i32, i32, i32, i32, i32, i32, i32, i32, i32 } %mrv_25, i32 %kernel_window_18_V_read_2, 26" [firmware/nnet_utils/nnet_conv_stream.h:236]   --->   Operation 101 'insertvalue' 'mrv_26' <Predicate = true> <Delay = 0.00>
ST_1 : Operation 102 [1/1] (0.00ns)   --->   "%mrv_27 = insertvalue { i32, i32, i32, i32, i32, i32, i32, i32, i32, i32, i32, i32, i32, i32, i32, i32, i32, i32, i32, i32, i32, i32, i32, i32, i32, i32, i32, i32, i32, i32, i32, i32, i32, i32, i32, i32, i32, i32, i32, i32, i32, i32, i32, i32, i32, i32, i32, i32, i32, i32, i32, i32, i32, i32, i32, i32, i32, i32, i32, i32, i32, i32, i32, i32, i32, i32, i32, i32, i32, i32, i32, i32 } %mrv_26, i32 %kernel_window_19_V_read_2, 27" [firmware/nnet_utils/nnet_conv_stream.h:236]   --->   Operation 102 'insertvalue' 'mrv_27' <Predicate = true> <Delay = 0.00>
ST_1 : Operation 103 [1/1] (0.00ns)   --->   "%mrv_28 = insertvalue { i32, i32, i32, i32, i32, i32, i32, i32, i32, i32, i32, i32, i32, i32, i32, i32, i32, i32, i32, i32, i32, i32, i32, i32, i32, i32, i32, i32, i32, i32, i32, i32, i32, i32, i32, i32, i32, i32, i32, i32, i32, i32, i32, i32, i32, i32, i32, i32, i32, i32, i32, i32, i32, i32, i32, i32, i32, i32, i32, i32, i32, i32, i32, i32, i32, i32, i32, i32, i32, i32, i32, i32 } %mrv_27, i32 %kernel_window_20_V_read_2, 28" [firmware/nnet_utils/nnet_conv_stream.h:236]   --->   Operation 103 'insertvalue' 'mrv_28' <Predicate = true> <Delay = 0.00>
ST_1 : Operation 104 [1/1] (0.00ns)   --->   "%mrv_29 = insertvalue { i32, i32, i32, i32, i32, i32, i32, i32, i32, i32, i32, i32, i32, i32, i32, i32, i32, i32, i32, i32, i32, i32, i32, i32, i32, i32, i32, i32, i32, i32, i32, i32, i32, i32, i32, i32, i32, i32, i32, i32, i32, i32, i32, i32, i32, i32, i32, i32, i32, i32, i32, i32, i32, i32, i32, i32, i32, i32, i32, i32, i32, i32, i32, i32, i32, i32, i32, i32, i32, i32, i32, i32 } %mrv_28, i32 %kernel_window_21_V_read_2, 29" [firmware/nnet_utils/nnet_conv_stream.h:236]   --->   Operation 104 'insertvalue' 'mrv_29' <Predicate = true> <Delay = 0.00>
ST_1 : Operation 105 [1/1] (0.00ns)   --->   "%mrv_30 = insertvalue { i32, i32, i32, i32, i32, i32, i32, i32, i32, i32, i32, i32, i32, i32, i32, i32, i32, i32, i32, i32, i32, i32, i32, i32, i32, i32, i32, i32, i32, i32, i32, i32, i32, i32, i32, i32, i32, i32, i32, i32, i32, i32, i32, i32, i32, i32, i32, i32, i32, i32, i32, i32, i32, i32, i32, i32, i32, i32, i32, i32, i32, i32, i32, i32, i32, i32, i32, i32, i32, i32, i32, i32 } %mrv_29, i32 %kernel_window_22_V_read_2, 30" [firmware/nnet_utils/nnet_conv_stream.h:236]   --->   Operation 105 'insertvalue' 'mrv_30' <Predicate = true> <Delay = 0.00>
ST_1 : Operation 106 [1/1] (0.00ns)   --->   "%mrv_31 = insertvalue { i32, i32, i32, i32, i32, i32, i32, i32, i32, i32, i32, i32, i32, i32, i32, i32, i32, i32, i32, i32, i32, i32, i32, i32, i32, i32, i32, i32, i32, i32, i32, i32, i32, i32, i32, i32, i32, i32, i32, i32, i32, i32, i32, i32, i32, i32, i32, i32, i32, i32, i32, i32, i32, i32, i32, i32, i32, i32, i32, i32, i32, i32, i32, i32, i32, i32, i32, i32, i32, i32, i32, i32 } %mrv_30, i32 %kernel_window_23_V_read_2, 31" [firmware/nnet_utils/nnet_conv_stream.h:236]   --->   Operation 106 'insertvalue' 'mrv_31' <Predicate = true> <Delay = 0.00>
ST_1 : Operation 107 [1/1] (0.00ns)   --->   "%mrv_32 = insertvalue { i32, i32, i32, i32, i32, i32, i32, i32, i32, i32, i32, i32, i32, i32, i32, i32, i32, i32, i32, i32, i32, i32, i32, i32, i32, i32, i32, i32, i32, i32, i32, i32, i32, i32, i32, i32, i32, i32, i32, i32, i32, i32, i32, i32, i32, i32, i32, i32, i32, i32, i32, i32, i32, i32, i32, i32, i32, i32, i32, i32, i32, i32, i32, i32, i32, i32, i32, i32, i32, i32, i32, i32 } %mrv_31, i32 %DataOut_V_61, 32" [firmware/nnet_utils/nnet_conv_stream.h:236]   --->   Operation 107 'insertvalue' 'mrv_32' <Predicate = true> <Delay = 0.00>
ST_1 : Operation 108 [1/1] (0.00ns)   --->   "%mrv_33 = insertvalue { i32, i32, i32, i32, i32, i32, i32, i32, i32, i32, i32, i32, i32, i32, i32, i32, i32, i32, i32, i32, i32, i32, i32, i32, i32, i32, i32, i32, i32, i32, i32, i32, i32, i32, i32, i32, i32, i32, i32, i32, i32, i32, i32, i32, i32, i32, i32, i32, i32, i32, i32, i32, i32, i32, i32, i32, i32, i32, i32, i32, i32, i32, i32, i32, i32, i32, i32, i32, i32, i32, i32, i32 } %mrv_32, i32 %DataOut_V_63, 33" [firmware/nnet_utils/nnet_conv_stream.h:236]   --->   Operation 108 'insertvalue' 'mrv_33' <Predicate = true> <Delay = 0.00>
ST_1 : Operation 109 [1/1] (0.00ns)   --->   "%mrv_34 = insertvalue { i32, i32, i32, i32, i32, i32, i32, i32, i32, i32, i32, i32, i32, i32, i32, i32, i32, i32, i32, i32, i32, i32, i32, i32, i32, i32, i32, i32, i32, i32, i32, i32, i32, i32, i32, i32, i32, i32, i32, i32, i32, i32, i32, i32, i32, i32, i32, i32, i32, i32, i32, i32, i32, i32, i32, i32, i32, i32, i32, i32, i32, i32, i32, i32, i32, i32, i32, i32, i32, i32, i32, i32 } %mrv_33, i32 %DataOut_V_65, 34" [firmware/nnet_utils/nnet_conv_stream.h:236]   --->   Operation 109 'insertvalue' 'mrv_34' <Predicate = true> <Delay = 0.00>
ST_1 : Operation 110 [1/1] (0.00ns)   --->   "%mrv_35 = insertvalue { i32, i32, i32, i32, i32, i32, i32, i32, i32, i32, i32, i32, i32, i32, i32, i32, i32, i32, i32, i32, i32, i32, i32, i32, i32, i32, i32, i32, i32, i32, i32, i32, i32, i32, i32, i32, i32, i32, i32, i32, i32, i32, i32, i32, i32, i32, i32, i32, i32, i32, i32, i32, i32, i32, i32, i32, i32, i32, i32, i32, i32, i32, i32, i32, i32, i32, i32, i32, i32, i32, i32, i32 } %mrv_34, i32 %DataOut_V_67, 35" [firmware/nnet_utils/nnet_conv_stream.h:236]   --->   Operation 110 'insertvalue' 'mrv_35' <Predicate = true> <Delay = 0.00>
ST_1 : Operation 111 [1/1] (0.00ns)   --->   "%mrv_36 = insertvalue { i32, i32, i32, i32, i32, i32, i32, i32, i32, i32, i32, i32, i32, i32, i32, i32, i32, i32, i32, i32, i32, i32, i32, i32, i32, i32, i32, i32, i32, i32, i32, i32, i32, i32, i32, i32, i32, i32, i32, i32, i32, i32, i32, i32, i32, i32, i32, i32, i32, i32, i32, i32, i32, i32, i32, i32, i32, i32, i32, i32, i32, i32, i32, i32, i32, i32, i32, i32, i32, i32, i32, i32 } %mrv_35, i32 %DataOut_V_69, 36" [firmware/nnet_utils/nnet_conv_stream.h:236]   --->   Operation 111 'insertvalue' 'mrv_36' <Predicate = true> <Delay = 0.00>
ST_1 : Operation 112 [1/1] (0.00ns)   --->   "%mrv_37 = insertvalue { i32, i32, i32, i32, i32, i32, i32, i32, i32, i32, i32, i32, i32, i32, i32, i32, i32, i32, i32, i32, i32, i32, i32, i32, i32, i32, i32, i32, i32, i32, i32, i32, i32, i32, i32, i32, i32, i32, i32, i32, i32, i32, i32, i32, i32, i32, i32, i32, i32, i32, i32, i32, i32, i32, i32, i32, i32, i32, i32, i32, i32, i32, i32, i32, i32, i32, i32, i32, i32, i32, i32, i32 } %mrv_36, i32 %DataOut_V_71, 37" [firmware/nnet_utils/nnet_conv_stream.h:236]   --->   Operation 112 'insertvalue' 'mrv_37' <Predicate = true> <Delay = 0.00>
ST_1 : Operation 113 [1/1] (0.00ns)   --->   "%mrv_38 = insertvalue { i32, i32, i32, i32, i32, i32, i32, i32, i32, i32, i32, i32, i32, i32, i32, i32, i32, i32, i32, i32, i32, i32, i32, i32, i32, i32, i32, i32, i32, i32, i32, i32, i32, i32, i32, i32, i32, i32, i32, i32, i32, i32, i32, i32, i32, i32, i32, i32, i32, i32, i32, i32, i32, i32, i32, i32, i32, i32, i32, i32, i32, i32, i32, i32, i32, i32, i32, i32, i32, i32, i32, i32 } %mrv_37, i32 %DataOut_V_73, 38" [firmware/nnet_utils/nnet_conv_stream.h:236]   --->   Operation 113 'insertvalue' 'mrv_38' <Predicate = true> <Delay = 0.00>
ST_1 : Operation 114 [1/1] (0.00ns)   --->   "%mrv_39 = insertvalue { i32, i32, i32, i32, i32, i32, i32, i32, i32, i32, i32, i32, i32, i32, i32, i32, i32, i32, i32, i32, i32, i32, i32, i32, i32, i32, i32, i32, i32, i32, i32, i32, i32, i32, i32, i32, i32, i32, i32, i32, i32, i32, i32, i32, i32, i32, i32, i32, i32, i32, i32, i32, i32, i32, i32, i32, i32, i32, i32, i32, i32, i32, i32, i32, i32, i32, i32, i32, i32, i32, i32, i32 } %mrv_38, i32 %DataOut_V, 39" [firmware/nnet_utils/nnet_conv_stream.h:236]   --->   Operation 114 'insertvalue' 'mrv_39' <Predicate = true> <Delay = 0.00>
ST_1 : Operation 115 [1/1] (0.00ns)   --->   "%mrv_40 = insertvalue { i32, i32, i32, i32, i32, i32, i32, i32, i32, i32, i32, i32, i32, i32, i32, i32, i32, i32, i32, i32, i32, i32, i32, i32, i32, i32, i32, i32, i32, i32, i32, i32, i32, i32, i32, i32, i32, i32, i32, i32, i32, i32, i32, i32, i32, i32, i32, i32, i32, i32, i32, i32, i32, i32, i32, i32, i32, i32, i32, i32, i32, i32, i32, i32, i32, i32, i32, i32, i32, i32, i32, i32 } %mrv_39, i32 %kernel_window_40_V_read_2, 40" [firmware/nnet_utils/nnet_conv_stream.h:236]   --->   Operation 115 'insertvalue' 'mrv_40' <Predicate = true> <Delay = 0.00>
ST_1 : Operation 116 [1/1] (0.00ns)   --->   "%mrv_41 = insertvalue { i32, i32, i32, i32, i32, i32, i32, i32, i32, i32, i32, i32, i32, i32, i32, i32, i32, i32, i32, i32, i32, i32, i32, i32, i32, i32, i32, i32, i32, i32, i32, i32, i32, i32, i32, i32, i32, i32, i32, i32, i32, i32, i32, i32, i32, i32, i32, i32, i32, i32, i32, i32, i32, i32, i32, i32, i32, i32, i32, i32, i32, i32, i32, i32, i32, i32, i32, i32, i32, i32, i32, i32 } %mrv_40, i32 %kernel_window_41_V_read_2, 41" [firmware/nnet_utils/nnet_conv_stream.h:236]   --->   Operation 116 'insertvalue' 'mrv_41' <Predicate = true> <Delay = 0.00>
ST_1 : Operation 117 [1/1] (0.00ns)   --->   "%mrv_42 = insertvalue { i32, i32, i32, i32, i32, i32, i32, i32, i32, i32, i32, i32, i32, i32, i32, i32, i32, i32, i32, i32, i32, i32, i32, i32, i32, i32, i32, i32, i32, i32, i32, i32, i32, i32, i32, i32, i32, i32, i32, i32, i32, i32, i32, i32, i32, i32, i32, i32, i32, i32, i32, i32, i32, i32, i32, i32, i32, i32, i32, i32, i32, i32, i32, i32, i32, i32, i32, i32, i32, i32, i32, i32 } %mrv_41, i32 %kernel_window_42_V_read_2, 42" [firmware/nnet_utils/nnet_conv_stream.h:236]   --->   Operation 117 'insertvalue' 'mrv_42' <Predicate = true> <Delay = 0.00>
ST_1 : Operation 118 [1/1] (0.00ns)   --->   "%mrv_43 = insertvalue { i32, i32, i32, i32, i32, i32, i32, i32, i32, i32, i32, i32, i32, i32, i32, i32, i32, i32, i32, i32, i32, i32, i32, i32, i32, i32, i32, i32, i32, i32, i32, i32, i32, i32, i32, i32, i32, i32, i32, i32, i32, i32, i32, i32, i32, i32, i32, i32, i32, i32, i32, i32, i32, i32, i32, i32, i32, i32, i32, i32, i32, i32, i32, i32, i32, i32, i32, i32, i32, i32, i32, i32 } %mrv_42, i32 %kernel_window_43_V_read_2, 43" [firmware/nnet_utils/nnet_conv_stream.h:236]   --->   Operation 118 'insertvalue' 'mrv_43' <Predicate = true> <Delay = 0.00>
ST_1 : Operation 119 [1/1] (0.00ns)   --->   "%mrv_44 = insertvalue { i32, i32, i32, i32, i32, i32, i32, i32, i32, i32, i32, i32, i32, i32, i32, i32, i32, i32, i32, i32, i32, i32, i32, i32, i32, i32, i32, i32, i32, i32, i32, i32, i32, i32, i32, i32, i32, i32, i32, i32, i32, i32, i32, i32, i32, i32, i32, i32, i32, i32, i32, i32, i32, i32, i32, i32, i32, i32, i32, i32, i32, i32, i32, i32, i32, i32, i32, i32, i32, i32, i32, i32 } %mrv_43, i32 %kernel_window_44_V_read_2, 44" [firmware/nnet_utils/nnet_conv_stream.h:236]   --->   Operation 119 'insertvalue' 'mrv_44' <Predicate = true> <Delay = 0.00>
ST_1 : Operation 120 [1/1] (0.00ns)   --->   "%mrv_45 = insertvalue { i32, i32, i32, i32, i32, i32, i32, i32, i32, i32, i32, i32, i32, i32, i32, i32, i32, i32, i32, i32, i32, i32, i32, i32, i32, i32, i32, i32, i32, i32, i32, i32, i32, i32, i32, i32, i32, i32, i32, i32, i32, i32, i32, i32, i32, i32, i32, i32, i32, i32, i32, i32, i32, i32, i32, i32, i32, i32, i32, i32, i32, i32, i32, i32, i32, i32, i32, i32, i32, i32, i32, i32 } %mrv_44, i32 %kernel_window_45_V_read_2, 45" [firmware/nnet_utils/nnet_conv_stream.h:236]   --->   Operation 120 'insertvalue' 'mrv_45' <Predicate = true> <Delay = 0.00>
ST_1 : Operation 121 [1/1] (0.00ns)   --->   "%mrv_46 = insertvalue { i32, i32, i32, i32, i32, i32, i32, i32, i32, i32, i32, i32, i32, i32, i32, i32, i32, i32, i32, i32, i32, i32, i32, i32, i32, i32, i32, i32, i32, i32, i32, i32, i32, i32, i32, i32, i32, i32, i32, i32, i32, i32, i32, i32, i32, i32, i32, i32, i32, i32, i32, i32, i32, i32, i32, i32, i32, i32, i32, i32, i32, i32, i32, i32, i32, i32, i32, i32, i32, i32, i32, i32 } %mrv_45, i32 %kernel_window_46_V_read_2, 46" [firmware/nnet_utils/nnet_conv_stream.h:236]   --->   Operation 121 'insertvalue' 'mrv_46' <Predicate = true> <Delay = 0.00>
ST_1 : Operation 122 [1/1] (0.00ns)   --->   "%mrv_47 = insertvalue { i32, i32, i32, i32, i32, i32, i32, i32, i32, i32, i32, i32, i32, i32, i32, i32, i32, i32, i32, i32, i32, i32, i32, i32, i32, i32, i32, i32, i32, i32, i32, i32, i32, i32, i32, i32, i32, i32, i32, i32, i32, i32, i32, i32, i32, i32, i32, i32, i32, i32, i32, i32, i32, i32, i32, i32, i32, i32, i32, i32, i32, i32, i32, i32, i32, i32, i32, i32, i32, i32, i32, i32 } %mrv_46, i32 %kernel_window_47_V_read_2, 47" [firmware/nnet_utils/nnet_conv_stream.h:236]   --->   Operation 122 'insertvalue' 'mrv_47' <Predicate = true> <Delay = 0.00>
ST_1 : Operation 123 [1/1] (0.00ns)   --->   "%mrv_48 = insertvalue { i32, i32, i32, i32, i32, i32, i32, i32, i32, i32, i32, i32, i32, i32, i32, i32, i32, i32, i32, i32, i32, i32, i32, i32, i32, i32, i32, i32, i32, i32, i32, i32, i32, i32, i32, i32, i32, i32, i32, i32, i32, i32, i32, i32, i32, i32, i32, i32, i32, i32, i32, i32, i32, i32, i32, i32, i32, i32, i32, i32, i32, i32, i32, i32, i32, i32, i32, i32, i32, i32, i32, i32 } %mrv_47, i32 %DataOut_V_60, 48" [firmware/nnet_utils/nnet_conv_stream.h:236]   --->   Operation 123 'insertvalue' 'mrv_48' <Predicate = true> <Delay = 0.00>
ST_1 : Operation 124 [1/1] (0.00ns)   --->   "%mrv_49 = insertvalue { i32, i32, i32, i32, i32, i32, i32, i32, i32, i32, i32, i32, i32, i32, i32, i32, i32, i32, i32, i32, i32, i32, i32, i32, i32, i32, i32, i32, i32, i32, i32, i32, i32, i32, i32, i32, i32, i32, i32, i32, i32, i32, i32, i32, i32, i32, i32, i32, i32, i32, i32, i32, i32, i32, i32, i32, i32, i32, i32, i32, i32, i32, i32, i32, i32, i32, i32, i32, i32, i32, i32, i32 } %mrv_48, i32 %DataOut_V_62, 49" [firmware/nnet_utils/nnet_conv_stream.h:236]   --->   Operation 124 'insertvalue' 'mrv_49' <Predicate = true> <Delay = 0.00>
ST_1 : Operation 125 [1/1] (0.00ns)   --->   "%mrv_50 = insertvalue { i32, i32, i32, i32, i32, i32, i32, i32, i32, i32, i32, i32, i32, i32, i32, i32, i32, i32, i32, i32, i32, i32, i32, i32, i32, i32, i32, i32, i32, i32, i32, i32, i32, i32, i32, i32, i32, i32, i32, i32, i32, i32, i32, i32, i32, i32, i32, i32, i32, i32, i32, i32, i32, i32, i32, i32, i32, i32, i32, i32, i32, i32, i32, i32, i32, i32, i32, i32, i32, i32, i32, i32 } %mrv_49, i32 %DataOut_V_64, 50" [firmware/nnet_utils/nnet_conv_stream.h:236]   --->   Operation 125 'insertvalue' 'mrv_50' <Predicate = true> <Delay = 0.00>
ST_1 : Operation 126 [1/1] (0.00ns)   --->   "%mrv_51 = insertvalue { i32, i32, i32, i32, i32, i32, i32, i32, i32, i32, i32, i32, i32, i32, i32, i32, i32, i32, i32, i32, i32, i32, i32, i32, i32, i32, i32, i32, i32, i32, i32, i32, i32, i32, i32, i32, i32, i32, i32, i32, i32, i32, i32, i32, i32, i32, i32, i32, i32, i32, i32, i32, i32, i32, i32, i32, i32, i32, i32, i32, i32, i32, i32, i32, i32, i32, i32, i32, i32, i32, i32, i32 } %mrv_50, i32 %DataOut_V_66, 51" [firmware/nnet_utils/nnet_conv_stream.h:236]   --->   Operation 126 'insertvalue' 'mrv_51' <Predicate = true> <Delay = 0.00>
ST_1 : Operation 127 [1/1] (0.00ns)   --->   "%mrv_52 = insertvalue { i32, i32, i32, i32, i32, i32, i32, i32, i32, i32, i32, i32, i32, i32, i32, i32, i32, i32, i32, i32, i32, i32, i32, i32, i32, i32, i32, i32, i32, i32, i32, i32, i32, i32, i32, i32, i32, i32, i32, i32, i32, i32, i32, i32, i32, i32, i32, i32, i32, i32, i32, i32, i32, i32, i32, i32, i32, i32, i32, i32, i32, i32, i32, i32, i32, i32, i32, i32, i32, i32, i32, i32 } %mrv_51, i32 %DataOut_V_68, 52" [firmware/nnet_utils/nnet_conv_stream.h:236]   --->   Operation 127 'insertvalue' 'mrv_52' <Predicate = true> <Delay = 0.00>
ST_1 : Operation 128 [1/1] (0.00ns)   --->   "%mrv_53 = insertvalue { i32, i32, i32, i32, i32, i32, i32, i32, i32, i32, i32, i32, i32, i32, i32, i32, i32, i32, i32, i32, i32, i32, i32, i32, i32, i32, i32, i32, i32, i32, i32, i32, i32, i32, i32, i32, i32, i32, i32, i32, i32, i32, i32, i32, i32, i32, i32, i32, i32, i32, i32, i32, i32, i32, i32, i32, i32, i32, i32, i32, i32, i32, i32, i32, i32, i32, i32, i32, i32, i32, i32, i32 } %mrv_52, i32 %DataOut_V_70, 53" [firmware/nnet_utils/nnet_conv_stream.h:236]   --->   Operation 128 'insertvalue' 'mrv_53' <Predicate = true> <Delay = 0.00>
ST_1 : Operation 129 [1/1] (0.00ns)   --->   "%mrv_54 = insertvalue { i32, i32, i32, i32, i32, i32, i32, i32, i32, i32, i32, i32, i32, i32, i32, i32, i32, i32, i32, i32, i32, i32, i32, i32, i32, i32, i32, i32, i32, i32, i32, i32, i32, i32, i32, i32, i32, i32, i32, i32, i32, i32, i32, i32, i32, i32, i32, i32, i32, i32, i32, i32, i32, i32, i32, i32, i32, i32, i32, i32, i32, i32, i32, i32, i32, i32, i32, i32, i32, i32, i32, i32 } %mrv_53, i32 %DataOut_V_72, 54" [firmware/nnet_utils/nnet_conv_stream.h:236]   --->   Operation 129 'insertvalue' 'mrv_54' <Predicate = true> <Delay = 0.00>
ST_1 : Operation 130 [1/1] (0.00ns)   --->   "%mrv_55 = insertvalue { i32, i32, i32, i32, i32, i32, i32, i32, i32, i32, i32, i32, i32, i32, i32, i32, i32, i32, i32, i32, i32, i32, i32, i32, i32, i32, i32, i32, i32, i32, i32, i32, i32, i32, i32, i32, i32, i32, i32, i32, i32, i32, i32, i32, i32, i32, i32, i32, i32, i32, i32, i32, i32, i32, i32, i32, i32, i32, i32, i32, i32, i32, i32, i32, i32, i32, i32, i32, i32, i32, i32, i32 } %mrv_54, i32 %DataOut_V_74, 55" [firmware/nnet_utils/nnet_conv_stream.h:236]   --->   Operation 130 'insertvalue' 'mrv_55' <Predicate = true> <Delay = 0.00>
ST_1 : Operation 131 [1/1] (0.00ns)   --->   "%mrv_56 = insertvalue { i32, i32, i32, i32, i32, i32, i32, i32, i32, i32, i32, i32, i32, i32, i32, i32, i32, i32, i32, i32, i32, i32, i32, i32, i32, i32, i32, i32, i32, i32, i32, i32, i32, i32, i32, i32, i32, i32, i32, i32, i32, i32, i32, i32, i32, i32, i32, i32, i32, i32, i32, i32, i32, i32, i32, i32, i32, i32, i32, i32, i32, i32, i32, i32, i32, i32, i32, i32, i32, i32, i32, i32 } %mrv_55, i32 %kernel_window_64_V_read_2, 56" [firmware/nnet_utils/nnet_conv_stream.h:236]   --->   Operation 131 'insertvalue' 'mrv_56' <Predicate = true> <Delay = 0.00>
ST_1 : Operation 132 [1/1] (0.00ns)   --->   "%mrv_57 = insertvalue { i32, i32, i32, i32, i32, i32, i32, i32, i32, i32, i32, i32, i32, i32, i32, i32, i32, i32, i32, i32, i32, i32, i32, i32, i32, i32, i32, i32, i32, i32, i32, i32, i32, i32, i32, i32, i32, i32, i32, i32, i32, i32, i32, i32, i32, i32, i32, i32, i32, i32, i32, i32, i32, i32, i32, i32, i32, i32, i32, i32, i32, i32, i32, i32, i32, i32, i32, i32, i32, i32, i32, i32 } %mrv_56, i32 %kernel_window_65_V_read_2, 57" [firmware/nnet_utils/nnet_conv_stream.h:236]   --->   Operation 132 'insertvalue' 'mrv_57' <Predicate = true> <Delay = 0.00>
ST_1 : Operation 133 [1/1] (0.00ns)   --->   "%mrv_58 = insertvalue { i32, i32, i32, i32, i32, i32, i32, i32, i32, i32, i32, i32, i32, i32, i32, i32, i32, i32, i32, i32, i32, i32, i32, i32, i32, i32, i32, i32, i32, i32, i32, i32, i32, i32, i32, i32, i32, i32, i32, i32, i32, i32, i32, i32, i32, i32, i32, i32, i32, i32, i32, i32, i32, i32, i32, i32, i32, i32, i32, i32, i32, i32, i32, i32, i32, i32, i32, i32, i32, i32, i32, i32 } %mrv_57, i32 %kernel_window_66_V_read_2, 58" [firmware/nnet_utils/nnet_conv_stream.h:236]   --->   Operation 133 'insertvalue' 'mrv_58' <Predicate = true> <Delay = 0.00>
ST_1 : Operation 134 [1/1] (0.00ns)   --->   "%mrv_59 = insertvalue { i32, i32, i32, i32, i32, i32, i32, i32, i32, i32, i32, i32, i32, i32, i32, i32, i32, i32, i32, i32, i32, i32, i32, i32, i32, i32, i32, i32, i32, i32, i32, i32, i32, i32, i32, i32, i32, i32, i32, i32, i32, i32, i32, i32, i32, i32, i32, i32, i32, i32, i32, i32, i32, i32, i32, i32, i32, i32, i32, i32, i32, i32, i32, i32, i32, i32, i32, i32, i32, i32, i32, i32 } %mrv_58, i32 %kernel_window_67_V_read_2, 59" [firmware/nnet_utils/nnet_conv_stream.h:236]   --->   Operation 134 'insertvalue' 'mrv_59' <Predicate = true> <Delay = 0.00>
ST_1 : Operation 135 [1/1] (0.00ns)   --->   "%mrv_60 = insertvalue { i32, i32, i32, i32, i32, i32, i32, i32, i32, i32, i32, i32, i32, i32, i32, i32, i32, i32, i32, i32, i32, i32, i32, i32, i32, i32, i32, i32, i32, i32, i32, i32, i32, i32, i32, i32, i32, i32, i32, i32, i32, i32, i32, i32, i32, i32, i32, i32, i32, i32, i32, i32, i32, i32, i32, i32, i32, i32, i32, i32, i32, i32, i32, i32, i32, i32, i32, i32, i32, i32, i32, i32 } %mrv_59, i32 %kernel_window_68_V_read_2, 60" [firmware/nnet_utils/nnet_conv_stream.h:236]   --->   Operation 135 'insertvalue' 'mrv_60' <Predicate = true> <Delay = 0.00>
ST_1 : Operation 136 [1/1] (0.00ns)   --->   "%mrv_61 = insertvalue { i32, i32, i32, i32, i32, i32, i32, i32, i32, i32, i32, i32, i32, i32, i32, i32, i32, i32, i32, i32, i32, i32, i32, i32, i32, i32, i32, i32, i32, i32, i32, i32, i32, i32, i32, i32, i32, i32, i32, i32, i32, i32, i32, i32, i32, i32, i32, i32, i32, i32, i32, i32, i32, i32, i32, i32, i32, i32, i32, i32, i32, i32, i32, i32, i32, i32, i32, i32, i32, i32, i32, i32 } %mrv_60, i32 %kernel_window_69_V_read_2, 61" [firmware/nnet_utils/nnet_conv_stream.h:236]   --->   Operation 136 'insertvalue' 'mrv_61' <Predicate = true> <Delay = 0.00>
ST_1 : Operation 137 [1/1] (0.00ns)   --->   "%mrv_62 = insertvalue { i32, i32, i32, i32, i32, i32, i32, i32, i32, i32, i32, i32, i32, i32, i32, i32, i32, i32, i32, i32, i32, i32, i32, i32, i32, i32, i32, i32, i32, i32, i32, i32, i32, i32, i32, i32, i32, i32, i32, i32, i32, i32, i32, i32, i32, i32, i32, i32, i32, i32, i32, i32, i32, i32, i32, i32, i32, i32, i32, i32, i32, i32, i32, i32, i32, i32, i32, i32, i32, i32, i32, i32 } %mrv_61, i32 %kernel_window_70_V_read_2, 62" [firmware/nnet_utils/nnet_conv_stream.h:236]   --->   Operation 137 'insertvalue' 'mrv_62' <Predicate = true> <Delay = 0.00>
ST_1 : Operation 138 [1/1] (0.00ns)   --->   "%mrv_63 = insertvalue { i32, i32, i32, i32, i32, i32, i32, i32, i32, i32, i32, i32, i32, i32, i32, i32, i32, i32, i32, i32, i32, i32, i32, i32, i32, i32, i32, i32, i32, i32, i32, i32, i32, i32, i32, i32, i32, i32, i32, i32, i32, i32, i32, i32, i32, i32, i32, i32, i32, i32, i32, i32, i32, i32, i32, i32, i32, i32, i32, i32, i32, i32, i32, i32, i32, i32, i32, i32, i32, i32, i32, i32 } %mrv_62, i32 %kernel_window_71_V_read_2, 63" [firmware/nnet_utils/nnet_conv_stream.h:236]   --->   Operation 138 'insertvalue' 'mrv_63' <Predicate = true> <Delay = 0.00>
ST_1 : Operation 139 [1/1] (0.00ns)   --->   "%mrv_64 = insertvalue { i32, i32, i32, i32, i32, i32, i32, i32, i32, i32, i32, i32, i32, i32, i32, i32, i32, i32, i32, i32, i32, i32, i32, i32, i32, i32, i32, i32, i32, i32, i32, i32, i32, i32, i32, i32, i32, i32, i32, i32, i32, i32, i32, i32, i32, i32, i32, i32, i32, i32, i32, i32, i32, i32, i32, i32, i32, i32, i32, i32, i32, i32, i32, i32, i32, i32, i32, i32, i32, i32, i32, i32 } %mrv_63, i32 %in_elem_data_0_V_read_3, 64" [firmware/nnet_utils/nnet_conv_stream.h:236]   --->   Operation 139 'insertvalue' 'mrv_64' <Predicate = true> <Delay = 0.00>
ST_1 : Operation 140 [1/1] (0.00ns)   --->   "%mrv_65 = insertvalue { i32, i32, i32, i32, i32, i32, i32, i32, i32, i32, i32, i32, i32, i32, i32, i32, i32, i32, i32, i32, i32, i32, i32, i32, i32, i32, i32, i32, i32, i32, i32, i32, i32, i32, i32, i32, i32, i32, i32, i32, i32, i32, i32, i32, i32, i32, i32, i32, i32, i32, i32, i32, i32, i32, i32, i32, i32, i32, i32, i32, i32, i32, i32, i32, i32, i32, i32, i32, i32, i32, i32, i32 } %mrv_64, i32 %in_elem_data_1_V_read_3, 65" [firmware/nnet_utils/nnet_conv_stream.h:236]   --->   Operation 140 'insertvalue' 'mrv_65' <Predicate = true> <Delay = 0.00>
ST_1 : Operation 141 [1/1] (0.00ns)   --->   "%mrv_66 = insertvalue { i32, i32, i32, i32, i32, i32, i32, i32, i32, i32, i32, i32, i32, i32, i32, i32, i32, i32, i32, i32, i32, i32, i32, i32, i32, i32, i32, i32, i32, i32, i32, i32, i32, i32, i32, i32, i32, i32, i32, i32, i32, i32, i32, i32, i32, i32, i32, i32, i32, i32, i32, i32, i32, i32, i32, i32, i32, i32, i32, i32, i32, i32, i32, i32, i32, i32, i32, i32, i32, i32, i32, i32 } %mrv_65, i32 %in_elem_data_2_V_read_3, 66" [firmware/nnet_utils/nnet_conv_stream.h:236]   --->   Operation 141 'insertvalue' 'mrv_66' <Predicate = true> <Delay = 0.00>
ST_1 : Operation 142 [1/1] (0.00ns)   --->   "%mrv_67 = insertvalue { i32, i32, i32, i32, i32, i32, i32, i32, i32, i32, i32, i32, i32, i32, i32, i32, i32, i32, i32, i32, i32, i32, i32, i32, i32, i32, i32, i32, i32, i32, i32, i32, i32, i32, i32, i32, i32, i32, i32, i32, i32, i32, i32, i32, i32, i32, i32, i32, i32, i32, i32, i32, i32, i32, i32, i32, i32, i32, i32, i32, i32, i32, i32, i32, i32, i32, i32, i32, i32, i32, i32, i32 } %mrv_66, i32 %in_elem_data_3_V_read_3, 67" [firmware/nnet_utils/nnet_conv_stream.h:236]   --->   Operation 142 'insertvalue' 'mrv_67' <Predicate = true> <Delay = 0.00>
ST_1 : Operation 143 [1/1] (0.00ns)   --->   "%mrv_68 = insertvalue { i32, i32, i32, i32, i32, i32, i32, i32, i32, i32, i32, i32, i32, i32, i32, i32, i32, i32, i32, i32, i32, i32, i32, i32, i32, i32, i32, i32, i32, i32, i32, i32, i32, i32, i32, i32, i32, i32, i32, i32, i32, i32, i32, i32, i32, i32, i32, i32, i32, i32, i32, i32, i32, i32, i32, i32, i32, i32, i32, i32, i32, i32, i32, i32, i32, i32, i32, i32, i32, i32, i32, i32 } %mrv_67, i32 %in_elem_data_4_V_read_3, 68" [firmware/nnet_utils/nnet_conv_stream.h:236]   --->   Operation 143 'insertvalue' 'mrv_68' <Predicate = true> <Delay = 0.00>
ST_1 : Operation 144 [1/1] (0.00ns)   --->   "%mrv_69 = insertvalue { i32, i32, i32, i32, i32, i32, i32, i32, i32, i32, i32, i32, i32, i32, i32, i32, i32, i32, i32, i32, i32, i32, i32, i32, i32, i32, i32, i32, i32, i32, i32, i32, i32, i32, i32, i32, i32, i32, i32, i32, i32, i32, i32, i32, i32, i32, i32, i32, i32, i32, i32, i32, i32, i32, i32, i32, i32, i32, i32, i32, i32, i32, i32, i32, i32, i32, i32, i32, i32, i32, i32, i32 } %mrv_68, i32 %in_elem_data_5_V_read_3, 69" [firmware/nnet_utils/nnet_conv_stream.h:236]   --->   Operation 144 'insertvalue' 'mrv_69' <Predicate = true> <Delay = 0.00>
ST_1 : Operation 145 [1/1] (0.00ns)   --->   "%mrv_70 = insertvalue { i32, i32, i32, i32, i32, i32, i32, i32, i32, i32, i32, i32, i32, i32, i32, i32, i32, i32, i32, i32, i32, i32, i32, i32, i32, i32, i32, i32, i32, i32, i32, i32, i32, i32, i32, i32, i32, i32, i32, i32, i32, i32, i32, i32, i32, i32, i32, i32, i32, i32, i32, i32, i32, i32, i32, i32, i32, i32, i32, i32, i32, i32, i32, i32, i32, i32, i32, i32, i32, i32, i32, i32 } %mrv_69, i32 %in_elem_data_6_V_read_3, 70" [firmware/nnet_utils/nnet_conv_stream.h:236]   --->   Operation 145 'insertvalue' 'mrv_70' <Predicate = true> <Delay = 0.00>
ST_1 : Operation 146 [1/1] (0.00ns)   --->   "%mrv_71 = insertvalue { i32, i32, i32, i32, i32, i32, i32, i32, i32, i32, i32, i32, i32, i32, i32, i32, i32, i32, i32, i32, i32, i32, i32, i32, i32, i32, i32, i32, i32, i32, i32, i32, i32, i32, i32, i32, i32, i32, i32, i32, i32, i32, i32, i32, i32, i32, i32, i32, i32, i32, i32, i32, i32, i32, i32, i32, i32, i32, i32, i32, i32, i32, i32, i32, i32, i32, i32, i32, i32, i32, i32, i32 } %mrv_70, i32 %in_elem_data_7_V_read_3, 71" [firmware/nnet_utils/nnet_conv_stream.h:236]   --->   Operation 146 'insertvalue' 'mrv_71' <Predicate = true> <Delay = 0.00>
ST_1 : Operation 147 [1/1] (0.00ns)   --->   "ret { i32, i32, i32, i32, i32, i32, i32, i32, i32, i32, i32, i32, i32, i32, i32, i32, i32, i32, i32, i32, i32, i32, i32, i32, i32, i32, i32, i32, i32, i32, i32, i32, i32, i32, i32, i32, i32, i32, i32, i32, i32, i32, i32, i32, i32, i32, i32, i32, i32, i32, i32, i32, i32, i32, i32, i32, i32, i32, i32, i32, i32, i32, i32, i32, i32, i32, i32, i32, i32, i32, i32, i32 } %mrv_71" [firmware/nnet_utils/nnet_conv_stream.h:236]   --->   Operation 147 'ret' <Predicate = true> <Delay = 0.00>


============================================================
+ Verbose Summary: Timing violations
============================================================
Target clock period: 5ns, clock uncertainty: 0.625ns.

 <State 1>: 3.25ns
The critical path consists of the following:
	wire read on port 'in_elem_data_7_V_read' (firmware/nnet_utils/nnet_conv_stream.h:209) [105]  (0 ns)
	'memshiftread' operation ('DataOut.V', firmware/nnet_utils/nnet_conv_stream.h:231) [128]  (1.62 ns)
	'memshiftread' operation ('DataOut.V', firmware/nnet_utils/nnet_conv_stream.h:231) [129]  (1.62 ns)


============================================================
+ Verbose Summary: Binding
============================================================
N/A
* FSMD analyzer results:
  - Output states:
 - Input state : 
  - Chain level:
	State 1


============================================================
+ Verbose Summary: Datapath Resource usage 
============================================================
N/A
